Archive member included to satisfy reference by file (symbol)

C:/Program Files (x86)/Arm GNU Toolchain arm-none-eabi/14.2 rel1/bin/../lib/gcc/arm-none-eabi/14.2.1/thumb/v8-m.base/nofp\libc.a(libc_a-vprintf.o)
                              build_subcore/obj/subcore/driver/mpu6050/i2c_interface_mpu6050/driver_mpu6050_interface.o (vprintf)
C:/Program Files (x86)/Arm GNU Toolchain arm-none-eabi/14.2 rel1/bin/../lib/gcc/arm-none-eabi/14.2.1/thumb/v8-m.base/nofp\libc.a(libc_a-memcmp.o)
                              build_subcore/obj/subcore/driver/mpu6050/driver/driver_mpu6050.o (memcmp)
C:/Program Files (x86)/Arm GNU Toolchain arm-none-eabi/14.2 rel1/bin/../lib/gcc/arm-none-eabi/14.2.1/thumb/v8-m.base/nofp\libc.a(libc_a-memset.o)
                              build_subcore/obj/shared/protocol.o (memset)
C:/Program Files (x86)/Arm GNU Toolchain arm-none-eabi/14.2 rel1/bin/../lib/gcc/arm-none-eabi/14.2.1/thumb/v8-m.base/nofp\libc.a(libc_a-strncpy.o)
                              build_subcore/obj/subcore/driver/mpu6050/driver/driver_mpu6050.o (strncpy)
C:/Program Files (x86)/Arm GNU Toolchain arm-none-eabi/14.2 rel1/bin/../lib/gcc/arm-none-eabi/14.2.1/thumb/v8-m.base/nofp\libc.a(libc_a-impure.o)
                              C:/Program Files (x86)/Arm GNU Toolchain arm-none-eabi/14.2 rel1/bin/../lib/gcc/arm-none-eabi/14.2.1/thumb/v8-m.base/nofp\libc.a(libc_a-vprintf.o) (_impure_ptr)
C:/Program Files (x86)/Arm GNU Toolchain arm-none-eabi/14.2 rel1/bin/../lib/gcc/arm-none-eabi/14.2.1/thumb/v8-m.base/nofp\libc.a(libc_a-init.o)
                              build_subcore/obj/subcore/startup/startup_gd32l233.o (__libc_init_array)
C:/Program Files (x86)/Arm GNU Toolchain arm-none-eabi/14.2 rel1/bin/../lib/gcc/arm-none-eabi/14.2.1/thumb/v8-m.base/nofp\libc.a(libc_a-memcpy-stub.o)
                              build_subcore/obj/shared/protocol.o (memcpy)
C:/Program Files (x86)/Arm GNU Toolchain arm-none-eabi/14.2 rel1/bin/../lib/gcc/arm-none-eabi/14.2.1/thumb/v8-m.base/nofp\libc.a(libc_a-vfprintf.o)
                              C:/Program Files (x86)/Arm GNU Toolchain arm-none-eabi/14.2 rel1/bin/../lib/gcc/arm-none-eabi/14.2.1/thumb/v8-m.base/nofp\libc.a(libc_a-vprintf.o) (_vfprintf_r)
C:/Program Files (x86)/Arm GNU Toolchain arm-none-eabi/14.2 rel1/bin/../lib/gcc/arm-none-eabi/14.2.1/thumb/v8-m.base/nofp\libc.a(libc_a-sprint_r.o)
                              C:/Program Files (x86)/Arm GNU Toolchain arm-none-eabi/14.2 rel1/bin/../lib/gcc/arm-none-eabi/14.2.1/thumb/v8-m.base/nofp\libc.a(libc_a-vfprintf.o) (__sprint_r)
C:/Program Files (x86)/Arm GNU Toolchain arm-none-eabi/14.2 rel1/bin/../lib/gcc/arm-none-eabi/14.2.1/thumb/v8-m.base/nofp\libc.a(libc_a-fflush.o)
                              C:/Program Files (x86)/Arm GNU Toolchain arm-none-eabi/14.2 rel1/bin/../lib/gcc/arm-none-eabi/14.2.1/thumb/v8-m.base/nofp\libc.a(libc_a-vfprintf.o) (_fflush_r)
C:/Program Files (x86)/Arm GNU Toolchain arm-none-eabi/14.2 rel1/bin/../lib/gcc/arm-none-eabi/14.2.1/thumb/v8-m.base/nofp\libc.a(libc_a-findfp.o)
                              C:/Program Files (x86)/Arm GNU Toolchain arm-none-eabi/14.2 rel1/bin/../lib/gcc/arm-none-eabi/14.2.1/thumb/v8-m.base/nofp\libc.a(libc_a-fflush.o) (__sglue)
C:/Program Files (x86)/Arm GNU Toolchain arm-none-eabi/14.2 rel1/bin/../lib/gcc/arm-none-eabi/14.2.1/thumb/v8-m.base/nofp\libc.a(libc_a-fvwrite.o)
                              C:/Program Files (x86)/Arm GNU Toolchain arm-none-eabi/14.2 rel1/bin/../lib/gcc/arm-none-eabi/14.2.1/thumb/v8-m.base/nofp\libc.a(libc_a-sprint_r.o) (__sfvwrite_r)
C:/Program Files (x86)/Arm GNU Toolchain arm-none-eabi/14.2 rel1/bin/../lib/gcc/arm-none-eabi/14.2.1/thumb/v8-m.base/nofp\libc.a(libc_a-fwalk.o)
                              C:/Program Files (x86)/Arm GNU Toolchain arm-none-eabi/14.2 rel1/bin/../lib/gcc/arm-none-eabi/14.2.1/thumb/v8-m.base/nofp\libc.a(libc_a-fflush.o) (_fwalk_sglue)
C:/Program Files (x86)/Arm GNU Toolchain arm-none-eabi/14.2 rel1/bin/../lib/gcc/arm-none-eabi/14.2.1/thumb/v8-m.base/nofp\libc.a(libc_a-stdio.o)
                              C:/Program Files (x86)/Arm GNU Toolchain arm-none-eabi/14.2 rel1/bin/../lib/gcc/arm-none-eabi/14.2.1/thumb/v8-m.base/nofp\libc.a(libc_a-findfp.o) (__sread)
C:/Program Files (x86)/Arm GNU Toolchain arm-none-eabi/14.2 rel1/bin/../lib/gcc/arm-none-eabi/14.2.1/thumb/v8-m.base/nofp\libc.a(libc_a-wsetup.o)
                              C:/Program Files (x86)/Arm GNU Toolchain arm-none-eabi/14.2 rel1/bin/../lib/gcc/arm-none-eabi/14.2.1/thumb/v8-m.base/nofp\libc.a(libc_a-vfprintf.o) (__swsetup_r)
C:/Program Files (x86)/Arm GNU Toolchain arm-none-eabi/14.2 rel1/bin/../lib/gcc/arm-none-eabi/14.2.1/thumb/v8-m.base/nofp\libc.a(libc_a-memmove.o)
                              C:/Program Files (x86)/Arm GNU Toolchain arm-none-eabi/14.2 rel1/bin/../lib/gcc/arm-none-eabi/14.2.1/thumb/v8-m.base/nofp\libc.a(libc_a-fvwrite.o) (memmove)
[...]
Memory Configuration

Name             Origin             Length             Attributes
FLASH            0x08000000         0x00040000         xr
RAM              0x20000000         0x00008000         xrw
*default*        0x00000000         0xffffffff

Linker script and memory map

LOAD build_subcore/obj/shared/protocol.o
LOAD build_subcore/obj/shared/crt_stubs.o
LOAD build_subcore/obj/subcore/hal/hal_gpio.o
LOAD build_subcore/obj/subcore/hal/hal_i2c0.o
LOAD build_subcore/obj/subcore/hal/hal_i2c1.o
LOAD build_subcore/obj/subcore/hal/hal_rtc.o
LOAD build_subcore/obj/subcore/hal/hal_power.o
LOAD build_subcore/obj/subcore/hal/hal_system.o
LOAD build_subcore/obj/subcore/bsp/bsp_mpu6050.o
LOAD build_subcore/obj/subcore/bsp/bsp_mlx90614.o
LOAD build_subcore/obj/subcore/bsp/bsp_sht30.o
LOAD build_subcore/obj/subcore/bsp/bsp_max30102.o
LOAD build_subcore/obj/subcore/bsp/bsp_sensors.o
LOAD build_subcore/obj/subcore/app/sliding_window.o
LOAD build_subcore/obj/subcore/app/trend_algorithm.o
LOAD build_subcore/obj/subcore/app/sample_scheduler.o
LOAD build_subcore/obj/subcore/app/alarm_manager.o
LOAD build_subcore/obj/subcore/app/kalman_filter.o
LOAD build_subcore/obj/subcore/driver/stdperiph/Source/gd32l23x_gpio.o
LOAD build_subcore/obj/subcore/driver/stdperiph/Source/gd32l23x_i2c.o
LOAD build_subcore/obj/subcore/driver/stdperiph/Source/gd32l23x_rtc.o
LOAD build_subcore/obj/subcore/driver/stdperiph/Source/gd32l23x_pmu.o
LOAD build_subcore/obj/subcore/driver/stdperiph/Source/gd32l23x_rcu.o
LOAD build_subcore/obj/subcore/driver/stdperiph/Source/gd32l23x_usart.o
LOAD build_subcore/obj/subcore/driver/stdperiph/Source/gd32l23x_misc.o
LOAD build_subcore/obj/subcore/driver/stdperiph/Source/gd32l23x_exti.o
LOAD build_subcore/obj/subcore/driver/mpu6050/driver/driver_mpu6050.o
LOAD build_subcore/obj/subcore/driver/mpu6050/i2c_interface_mpu6050/driver_mpu6050_interface.o
LOAD build_subcore/obj/subcore/driver/max30102/driver/driver_max30102.o
LOAD build_subcore/obj/subcore/driver/max30102/i2c_interface_max30102/driver_max30102_interface.o
LOAD build_subcore/obj/subcore/driver/sht30/driver/driver_sht30.o
LOAD build_subcore/obj/subcore/driver/sht30/i2c_interface_sht30/driver_sht30_interface.o
LOAD build_subcore/obj/subcore/driver/mlx90614/driver/driver_mlx90614.o
LOAD build_subcore/obj/subcore/driver/mlx90614/i2c_interface_mlx90614/driver_mlx90614_interface.o
LOAD build_subcore/obj/subcore/driver/borad_hardwares/drv_max30102.o
LOAD build_subcore/obj/subcore/driver/borad_hardwares/drv_mlx90614.o
LOAD build_subcore/obj/subcore/driver/borad_hardwares/drv_sht30.o
LOAD build_subcore/obj/subcore/driver/CMSIS/system_gd32l23x.o
LOAD build_subcore/obj/subcore/startup/subcore_main.o
LOAD build_subcore/obj/subcore/startup/gd32l23x_it.o
LOAD build_subcore/obj/subcore/startup/startup_gd32l233.o
LOAD C:/Program Files (x86)/Arm GNU Toolchain arm-none-eabi/14.2 rel1/bin/../lib/gcc/arm-none-eabi/14.2.1/thumb/v8-m.base/nofp\libc.a
LOAD C:/Program Files (x86)/Arm GNU Toolchain arm-none-eabi/14.2 rel1/bin/../lib/gcc/arm-none-eabi/14.2.1/thumb/v8-m.base/nofp\libm.a
LOAD C:/Program Files (x86)/Arm GNU Toolchain arm-none-eabi/14.2 rel1/bin/../lib/gcc/arm-none-eabi/14.2.1/thumb/v8-m.base/nofp\libnosys.a
START GROUP
LOAD C:/Program Files (x86)/Arm GNU Toolchain arm-none-eabi/14.2 rel1/bin/../lib/gcc/arm-none-eabi/14.2.1/thumb/v8-m.base/nofp\libgcc.a
LOAD C:/Program Files (x86)/Arm GNU Toolchain arm-none-eabi/14.2 rel1/bin/../lib/gcc/arm-none-eabi/14.2.1/thumb/v8-m.base/nofp\libc.a
END GROUP
                0x00000400                        __stack_size = DEFINED (__stack_size)?__stack_size:0x400
                0x00000200                        __heap_size = DEFINED (__heap_size)?__heap_size:0x200

.vectors        0x08000000      0x154
                0x08000000                        . = ALIGN (0x4)
 *(.vectors)
 .vectors       0x08000000      0x154 build_subcore/obj/subcore/startup/startup_gd32l233.o
                0x08000000                __gVectors
                0x08000154                        . = ALIGN (0x4)

.text           0x08000154    0x198fc
                0x08000154                        . = ALIGN (0x4)
 *(.text)
 .text          0x08000154      0x174 build_subcore/obj/shared/protocol.o
                0x08000154                Protocol_CalcChecksum
                0x08000186                Protocol_PackFrame
                0x080001d4                Protocol_UnpackFrame
                0x08000240                Protocol_CmdName
 .text          0x080002c8        0x4 build_subcore/obj/shared/crt_stubs.o
                0x080002c8                _init
                0x080002ca                _fini
 .text          0x080002cc      0x16c build_subcore/obj/subcore/hal/hal_gpio.o
                0x080002cc                HalGpio_LedSet
                0x080002e6                HalGpio_LedToggle
                0x080002f4                HalGpio_AnalogUnused
                0x0800031a                HalGpio_InitAll
                0x08000408                _write
 .text          0x08000438      0x3b0 build_subcore/obj/subcore/hal/hal_i2c0.o
                0x08000484                HalI2c0_MasterInit
                0x080004fc                HalI2c0_DeInit
                0x08000524                HalI2c0_MasterReadRegister
                0x080005d4                HalI2c0_MasterWriteRegister
                0x08000660                HalI2c0_MasterReadDirect
                0x080006bc                HalI2c0_MasterSendCommand
                0x08000734                HalI2c0_BusReset
 .text          0x080007e8      0x2b4 build_subcore/obj/subcore/hal/hal_i2c1.o
                0x080007e8                BSP_I2C1_SlaveInit
                0x08000874                HalI2c1_DeInit
                0x080008a8                HalI2c1_RegisterRxCallback
                0x080008b4                HalI2c1_RegisterTxCallback
                0x080008c0                HalI2c1_IsAddressed
                0x080008cc                HalI2c1_IsWakeupSource
                0x080008f4                HalI2c1_SlaveSend
                0x0800092c                HalI2c1_IRQHandler
 .text          0x08000a9c      0x24c build_subcore/obj/subcore/hal/hal_rtc.o
                0x08000a9c                HalRtc_Init
                0x08000b18                HalRtc_SetAlarm
                0x08000b90                HalRtc_CancelAlarm
                0x08000ba8                HalRtc_GetElapsedSeconds
                0x08000bcc                HalRtc_BackupWrite
                0x08000c14                HalRtc_BackupRead
                0x08000c5c                HalRtc_IsColdBoot
                0x08000c90                HalRtc_MarkRunning
                0x08000ca8                HalRtc_IsWakeupFromAlarm
                0x08000cc6                HalRtc_IRQHandler
 .text          0x08000ce8      0x10c build_subcore/obj/subcore/hal/hal_power.o
                0x08000ce8                HalPower_Init
                0x08000d44                HalPower_MainCoreOn
                0x08000d78                HalPower_MainCoreOff
                0x08000d94                HalPower_IsMainCoreOn
                0x08000da0                HalPower_VibrateSet
                0x08000dbc                HalPower_VibratePulseShort
                0x08000de8                HalPower_VibratePulseLong
 .text          0x08000df4      0x188 build_subcore/obj/subcore/hal/hal_system.o
                0x08000df4                HalSystem_ClockInit
                0x08000e5c                HalSystem_EnterLowPowerMode
                0x08000e88                HalSystem_EnterNormalMode
                0x08000eb0                HalSystem_GetMode
                0x08000ebc                HalSystem_EnterStandby
                0x08000f08                HalSystem_IsStandbyWakeup
                0x08000f16                HalSystem_DelayMs
                0x08000f2c                HalSystem_DelayUs
                0x08000f60                HalSystem_GetTickMs
                0x08000f6c                HalSystem_SysTickHandler
 .text          0x08000f7c      0x19c build_subcore/obj/subcore/bsp/bsp_mpu6050.o
                0x08000f8c                BSP_MPU6050_Init
                0x08001050                BSP_MPU6050_Sleep
                0x080010a8                BSP_MPU6050_WakeUp
                0x080010d8                BSP_MPU6050_GetStepCount
                0x080010f0                BSP_MPU6050_GetMotionIntFlag
                0x080010fc                BSP_MPU6050_ClearIntFlag
                0x08001108                BSP_MPU6050_IRQHandler
 .text          0x08001118      0x130 build_subcore/obj/subcore/bsp/bsp_mlx90614.o
                0x08001118                BSP_MLX90614_Init
                0x08001198                BSP_MLX90614_Sleep
                0x080011b8                BSP_MLX90614_ReadTemp
                0x08001200                BSP_MLX90614_ReadAmbientTemp
 .text          0x08001248       0xec build_subcore/obj/subcore/bsp/bsp_sht30.o
                0x08001248                BSP_SHT30_Init
                0x080012c8                BSP_SHT30_Sleep
                0x080012d8                BSP_SHT30_ReadData
 .text          0x08001334      0x130 build_subcore/obj/subcore/bsp/bsp_max30102.o
                0x08001334                BSP_MAX30102_Init
                0x080013f0                BSP_MAX30102_Shutdown
                0x08001410                BSP_MAX30102_ReadSpO2
                0x08001458                BSP_MAX30102_ReadHeartRate
 .text          0x08001464       0x3a build_subcore/obj/subcore/bsp/bsp_sensors.o
                0x08001464                BSP_Sensors_InitAll
                0x08001486                BSP_Sensors_SleepAll
 *fill*         0x0800149e        0x2 
 .text          0x080014a0      0x408 build_subcore/obj/subcore/app/sliding_window.o
                0x080014a0                Window_Init
                0x080014be                Window_Push
                0x08001500                Window_GetLatest
                0x0800152a                Window_GetAt
                0x0800155c                Window_Clear
                0x08001570                Window_CalcSlope
                0x08001654                Window_GetAvg
                0x08001680                Window_GetMin
                0x080016b2                Window_GetMax
                0x080016e4                Window_GetCount
                0x080016ee                Window_IsFull
                0x08001706                Window_CalcSlopeWeighted
 .text          0x080018a8      0x398 build_subcore/obj/subcore/app/trend_algorithm.o
                0x080018a8                Trend_CalcSlope
                0x08001980                Trend_GetTempDirection
                0x080019bc                Trend_GetTempDirectionWeighted
                0x080019f8                Trend_GetSpO2Direction
                0x08001a20                Trend_AssessTemperature
                0x08001a60                Trend_IsInDangerZone
                0x08001a7a                Trend_GetQuality
 .text          0x08001c40      0x2e8 build_subcore/obj/subcore/app/sample_scheduler.o
                0x08001c40                SampleSched_Init
                0x08001c78                SampleSched_UpdateAllSample
                0x08001d08                SampleSched_SetTempInterval
                0x08001d40                SampleSched_SetSpO2Interval
                0x08001d60                SampleSched_GetTempInterval
                0x08001d6c                SampleSched_NeedSample
                0x08001dc4                SampleSched_Process
                0x08001ef0                SampleSched_GetLastSampleTime
                0x08001f1c                SampleSched_GetAccumulatedSteps
 .text          0x08001f28      0x4d0 build_subcore/obj/subcore/app/alarm_manager.o
                0x0800208c                AlarmMgr_Init
                0x080020ec                AlarmMgr_FeedTemp
                0x08002238                AlarmMgr_FeedSpO2
                0x080022a4                AlarmMgr_ProcessAlarmAction
                0x08002324                AlarmMgr_GetCurrentLevel
                0x08002330                AlarmMgr_GetCurrentAlarmType
                0x0800233c                AlarmMgr_GetStatus
                0x08002378                AlarmMgr_GetTempHistory
                0x080023c0                AlarmMgr_ResetToLevelA
 .text          0x080023f8       0x62 build_subcore/obj/subcore/app/kalman_filter.o
                0x080023f8                Kalman1D_Init
                0x08002408                Kalman1D_Update
 *fill*         0x0800245a        0x2 
 .text          0x0800245c      0x1b8 build_subcore/obj/subcore/driver/stdperiph/Source/gd32l23x_gpio.o
                0x0800245c                gpio_deinit
                0x080024dc                gpio_mode_set
                0x0800251c                gpio_output_options_set
                0x08002558                gpio_bit_set
                0x0800255c                gpio_bit_reset
                0x08002560                gpio_bit_write
                0x0800256a                gpio_port_write
                0x0800256e                gpio_input_bit_get
                0x0800257c                gpio_input_port_get
                0x08002582                gpio_output_bit_get
                0x08002590                gpio_output_port_get
                0x08002596                gpio_af_set
                0x080025f4                gpio_pin_lock
                0x08002606                gpio_bit_toggle
                0x0800260a                gpio_port_toggle
 .text          0x08002614      0x458 build_subcore/obj/subcore/driver/stdperiph/Source/gd32l23x_i2c.o
                0x08002614                i2c_deinit
                0x08002664                i2c_timing_config
                0x080026a4                i2c_digital_noise_filter_config
                0x080026bc                i2c_analog_noise_filter_enable
                0x080026c8                i2c_analog_noise_filter_disable
                0x080026d8                i2c_master_clock_config
                0x08002700                i2c_master_addressing
                0x08002724                i2c_address10_header_enable
                0x08002730                i2c_address10_header_disable
                0x08002740                i2c_address10_enable
                0x0800274c                i2c_address10_disable
                0x0800275c                i2c_automatic_end_enable
                0x08002768                i2c_automatic_end_disable
                0x08002778                i2c_slave_response_to_gcall_enable
                0x08002784                i2c_slave_response_to_gcall_disable
                0x08002794                i2c_stretch_scl_low_enable
                0x080027a4                i2c_stretch_scl_low_disable
                0x080027b0                i2c_address_config
                0x080027c4                i2c_address_bit_compare_config
                0x080027dc                i2c_address_disable
                0x080027ec                i2c_second_address_config
                0x08002818                i2c_second_address_disable
                0x08002828                i2c_recevied_address_get
                0x08002830                i2c_slave_byte_control_enable
                0x0800283c                i2c_slave_byte_control_disable
                0x0800284c                i2c_nack_enable
                0x08002858                i2c_wakeup_from_deepsleep_enable
                0x08002864                i2c_wakeup_from_deepsleep_disable
                0x08002874                i2c_enable
                0x0800287e                i2c_disable
                0x08002888                i2c_start_on_bus
                0x08002894                i2c_stop_on_bus
                0x080028a0                i2c_data_transmit
                0x080028a6                i2c_data_receive
                0x080028ac                i2c_reload_enable
                0x080028b8                i2c_reload_disable
                0x080028c8                i2c_transfer_byte_number_config
                0x080028e0                i2c_dma_enable
                0x080028f4                i2c_dma_disable
                0x0800290c                i2c_pec_transfer
                0x08002918                i2c_pec_enable
                0x08002924                i2c_pec_disable
                0x08002934                i2c_pec_value_get
                0x0800293a                i2c_smbus_alert_enable
                0x08002946                i2c_smbus_alert_disable
                0x08002954                i2c_smbus_default_addr_enable
                0x08002960                i2c_smbus_default_addr_disable
                0x08002970                i2c_smbus_host_addr_enable
                0x0800297c                i2c_smbus_host_addr_disable
                0x0800298c                i2c_extented_clock_timeout_enable
                0x08002998                i2c_extented_clock_timeout_disable
                0x080029a2                i2c_clock_timeout_enable
                0x080029ae                i2c_clock_timeout_disable
                0x080029bc                i2c_bus_timeout_b_config
                0x080029dc                i2c_bus_timeout_a_config
                0x080029f0                i2c_idle_clock_timeout_config
                0x08002a04                i2c_flag_get
                0x08002a12                i2c_flag_clear
                0x08002a1a                i2c_interrupt_enable
                0x08002a22                i2c_interrupt_disable
                0x08002a2a                i2c_interrupt_flag_get
                0x08002a5c                i2c_interrupt_flag_clear
 .text          0x08002a6c      0x9f0 build_subcore/obj/subcore/driver/stdperiph/Source/gd32l23x_rtc.o
                0x08002a6c                rtc_init_mode_enter
                0x08002aa8                rtc_init_mode_exit
                0x08002ab8                rtc_register_sync_wait
                0x08002b08                rtc_deinit
                0x08002bf4                rtc_init
                0x08002cb8                rtc_current_time_get
                0x08002d24                rtc_subsecond_get
                0x08002d38                rtc_alarm_config
                0x08002d98                rtc_alarm_subsecond_config
                0x08002dc4                rtc_alarm_get
                0x08002e10                rtc_alarm_subsecond_get
                0x08002e2c                rtc_alarm_enable
                0x08002e5c                rtc_alarm_disable
                0x08002ecc                rtc_timestamp_enable
                0x08002efc                rtc_timestamp_disable
                0x08002f24                rtc_timestamp_internalevent_config
                0x08002f5c                rtc_timestamp_get
                0x08002fa0                rtc_timestamp_subsecond_get
                0x08002fac                rtc_tamper_enable
                0x08003030                rtc_tamper_disable
                0x08003040                rtc_tamper_mask
                0x0800305c                rtc_tamper_without_bkp_reset
                0x08003078                rtc_interrupt_enable
                0x080030b4                rtc_interrupt_disable
                0x080030f4                rtc_flag_get
                0x08003108                rtc_flag_clear
                0x08003118                rtc_output_pin_select
                0x08003130                rtc_alarm_output_config
                0x08003178                rtc_calibration_output_config
                0x080031a8                rtc_hour_adjust
                0x080031c8                rtc_second_adjust
                0x0800321c                rtc_bypass_shadow_enable
                0x08003240                rtc_bypass_shadow_disable
                0x08003264                rtc_refclock_detection_enable
                0x08003298                rtc_refclock_detection_disable
                0x080032cc                rtc_wakeup_enable
                0x080032f0                rtc_wakeup_disable
                0x0800333c                rtc_wakeup_clock_set
                0x08003390                rtc_wakeup_timer_set
                0x080033d8                rtc_wakeup_timer_get
                0x080033e4                rtc_smooth_calibration_config
                0x08003434                rtc_lxtal_stab_reset_enable
                0x08003448                rtc_lxtal_stab_reset_disable
 .text          0x0800345c      0x3a4 build_subcore/obj/subcore/driver/stdperiph/Source/gd32l23x_pmu.o
                0x0800345c                pmu_deinit
                0x08003470                pmu_lvd_select
                0x08003498                pmu_lvd_disable
                0x080034a8                pmu_ldo_output_select
                0x080034c4                pmu_vc_enable
                0x080034d8                pmu_vc_disable
                0x080034ec                pmu_vcr_select
                0x08003508                pmu_low_power_enable
                0x0800351c                pmu_low_power_disable
                0x08003530                pmu_to_sleepmode
                0x08003570                pmu_to_deepsleepmode
                0x080035c8                pmu_to_standbymode
                0x08003628                pmu_wakeup_pin_enable
                0x08003638                pmu_wakeup_pin_disable
                0x08003648                pmu_backup_write_enable
                0x0800365c                pmu_backup_write_disable
                0x08003670                pmu_sram_power_config
                0x08003680                pmu_core1_power_config
                0x08003688                pmu_deepsleep2_retention_enable
                0x0800369c                pmu_deepsleep2_retention_disable
                0x080036b0                pmu_deepsleep2_sram_power_config
                0x080036cc                pmu_deepsleep_wait_time_config
                0x080036f0                pmu_wakeuptime_core1_software_enable
                0x08003718                pmu_wakeuptime_core1_software_disable
                0x0800372c                pmu_wakeuptime_sram_config
                0x0800374c                pmu_wakeuptime_sram_software_enable
                0x08003760                pmu_wakeuptime_sram_software_disable
                0x08003774                pmu_wakeuptime_deepsleep2_software_enable
                0x08003794                pmu_wakeuptime_deepsleep2_software_disable
                0x080037a4                pmu_flag_get
                0x080037c8                pmu_flag_clear
 .text          0x08003800      0x840 build_subcore/obj/subcore/driver/stdperiph/Source/gd32l23x_rcu.o
                0x08003800                rcu_deinit
                0x0800386c                rcu_periph_clock_enable
                0x08003888                rcu_periph_clock_disable
                0x080038a4                rcu_periph_clock_sleep_enable
                0x080038ac                rcu_periph_clock_sleep_disable
                0x080038b4                rcu_periph_reset_enable
                0x080038bc                rcu_periph_reset_disable
                0x080038c4                rcu_bkp_reset_enable
                0x080038d8                rcu_bkp_reset_disable
                0x080038ec                rcu_system_clock_source_config
                0x0800392c                rcu_system_clock_source_get
                0x0800394c                rcu_ahb_clock_config
                0x08003960                rcu_apb1_clock_config
                0x08003978                rcu_apb2_clock_config
                0x08003990                rcu_adc_clock_config
                0x080039ec                rcu_ckout_config
                0x08003a08                rcu_pll_config
                0x08003a28                rcu_usart_clock_config
                0x08003a60                rcu_i2c_clock_config
                0x08003aa4                rcu_lptimer_clock_config
                0x08003ac0                rcu_lpuart_clock_config
                0x08003adc                rcu_irc16mdiv_clock_config
                0x08003af8                rcu_usbd_clock_config
                0x08003b14                rcu_rtc_clock_config
                0x08003b30                rcu_pll_source_ck_prediv_config
                0x08003b44                rcu_lxtal_drive_capability_config
                0x08003b5c                rcu_lp_bandgap_config
                0x08003b74                rcu_osci_on
                0x08003b7c                rcu_osci_off
                0x08003b84                rcu_osci_bypass_mode_enable
                0x08003bc4                rcu_osci_bypass_mode_disable
                0x08003c08                rcu_irc16m_adjust_value_set
                0x08003c1c                rcu_hxtal_clock_monitor_enable
                0x08003c30                rcu_hxtal_clock_monitor_disable
                0x08003c44                rcu_lxtal_clock_monitor_enable
                0x08003c58                rcu_lxtal_clock_monitor_disable
                0x08003c6c                rcu_voltage_key_unlock
                0x08003c88                rcu_clock_freq_get
                0x08003f38                rcu_flag_get
                0x08003f54                rcu_osci_stab_wait
                0x0800400c                rcu_all_reset_flag_clear
                0x08004020                rcu_interrupt_enable
                0x08004028                rcu_interrupt_disable
                0x08004030                rcu_interrupt_flag_get
                0x08004038                rcu_interrupt_flag_clear
 .text          0x08004040      0x71c build_subcore/obj/subcore/driver/stdperiph/Source/gd32l23x_usart.o
                0x08004040                usart_deinit
                0x080040ac                usart_baudrate_set
                0x0800411c                usart_parity_config
                0x08004138                usart_word_length_set
                0x08004154                usart_stop_bit_set
                0x08004170                usart_enable
                0x0800417a                usart_disable
                0x08004184                usart_transmit_config
                0x08004194                usart_receive_config
                0x080041a4                usart_data_first_config
                0x080041c8                usart_invert_config
                0x08004234                usart_overrun_enable
                0x0800424c                usart_overrun_disable
                0x08004260                usart_oversample_config
                0x0800427c                usart_sample_bit_config
                0x08004298                usart_receiver_timeout_enable
                0x080042a4                usart_receiver_timeout_disable
                0x080042b4                usart_receiver_timeout_threshold_config
                0x080042c4                usart_data_transmit
                0x080042cc                usart_data_receive
                0x080042d4                usart_command_enable
                0x080042dc                usart_address_config
                0x080042f6                usart_address_detection_mode_config
                0x08004310                usart_mute_mode_enable
                0x0800431c                usart_mute_mode_disable
                0x0800432c                usart_mute_mode_wakeup_config
                0x08004348                usart_lin_mode_enable
                0x0800435c                usart_lin_mode_disable
                0x08004374                usart_lin_break_detection_length_config
                0x0800438e                usart_halfduplex_enable
                0x080043a0                usart_halfduplex_disable
                0x080043b2                usart_clock_enable
                0x080043c6                usart_clock_disable
                0x080043dc                usart_synchronous_clock_config
                0x08004418                usart_guard_time_config
                0x08004438                usart_smartcard_mode_enable
                0x0800444a                usart_smartcard_mode_disable
                0x0800445c                usart_smartcard_mode_nack_enable
                0x0800446e                usart_smartcard_mode_nack_disable
                0x08004480                usart_smartcard_mode_early_nack_enable
                0x0800448c                usart_smartcard_mode_early_nack_disable
                0x08004498                usart_smartcard_autoretry_config
                0x080044bc                usart_block_length_config
                0x080044ce                usart_irda_mode_enable
                0x080044e0                usart_irda_mode_disable
                0x080044f2                usart_prescaler_config
                0x0800450a                usart_irda_lowpower_config
                0x08004524                usart_hardware_flow_rts_config
                0x08004540                usart_hardware_flow_cts_config
                0x0800455c                usart_hardware_flow_coherence_config
                0x08004570                usart_rs485_driver_enable
                0x08004584                usart_rs485_driver_disable
                0x0800459c                usart_driver_assertime_config
                0x080045c0                usart_driver_deassertime_config
                0x080045e4                usart_depolarity_config
                0x08004608                usart_dma_receive_config
                0x08004618                usart_dma_transmit_config
                0x08004628                usart_reception_error_dma_disable
                0x0800463c                usart_reception_error_dma_enable
                0x08004654                usart_wakeup_enable
                0x0800465e                usart_wakeup_disable
                0x08004668                usart_wakeup_mode_config
                0x0800468c                usart_receive_fifo_enable
                0x0800469a                usart_receive_fifo_disable
                0x080046ac                usart_receive_fifo_counter_number
                0x080046b6                usart_flag_get
                0x080046c8                usart_flag_clear
                0x080046d8                usart_interrupt_enable
                0x080046ec                usart_interrupt_disable
                0x08004700                usart_interrupt_flag_get
                0x08004732                usart_interrupt_flag_clear
 .text          0x0800475c       0xf4 build_subcore/obj/subcore/driver/stdperiph/Source/gd32l23x_misc.o
                0x0800475c                nvic_irq_enable
                0x080047bc                nvic_irq_disable
                0x080047e0                nvic_system_reset
                0x080047fc                nvic_vector_table_set
                0x08004814                system_lowpower_set
                0x08004824                system_lowpower_reset
                0x08004834                systick_clksource_set
 .text          0x08004850      0x138 build_subcore/obj/subcore/driver/stdperiph/Source/gd32l23x_exti.o
                0x08004850                exti_deinit
                0x0800487c                exti_init
                0x080048f4                exti_interrupt_enable
                0x08004904                exti_interrupt_disable
                0x08004914                exti_event_enable
                0x08004924                exti_event_disable
                0x08004934                exti_software_interrupt_enable
                0x08004944                exti_software_interrupt_disable
                0x08004954                exti_flag_get
                0x08004968                exti_flag_clear
                0x08004974                exti_interrupt_flag_get
                0x0800497c                exti_interrupt_flag_clear
 .text          0x08004988     0x5ed8 build_subcore/obj/subcore/driver/mpu6050/driver/driver_mpu6050.o
                0x08004e4c                mpu6050_dmp_load_firmware
                0x08004f20                mpu6050_dmp_set_pedometer_walk_time
                0x08004f78                mpu6050_dmp_get_pedometer_walk_time
                0x08004fd0                mpu6050_dmp_set_pedometer_step_count
                0x08005020                mpu6050_dmp_get_pedometer_step_count
                0x08005074                mpu6050_dmp_set_shake_reject_timeout
                0x080050cc                mpu6050_dmp_get_shake_reject_timeout
                0x08005128                mpu6050_dmp_set_shake_reject_time
                0x08005180                mpu6050_dmp_get_shake_reject_time
                0x080051dc                mpu6050_dmp_set_shake_reject_thresh
                0x08005234                mpu6050_dmp_get_shake_reject_thresh
                0x0800529c                mpu6050_dmp_set_tap_time_multi
                0x080052f4                mpu6050_dmp_get_tap_time_multi
                0x08005350                mpu6050_dmp_set_tap_time
                0x080053a8                mpu6050_dmp_get_tap_time
                0x08005404                mpu6050_dmp_set_min_tap_count
                0x0800546c                mpu6050_dmp_get_min_tap_count
                0x080054c4                mpu6050_dmp_set_gyro_calibrate
                0x08005554                mpu6050_dmp_set_3x_quaternion
                0x080055f0                mpu6050_dmp_set_6x_quaternion
                0x0800568c                mpu6050_dmp_set_interrupt_mode
                0x080056f4                mpu6050_dmp_set_gyro_bias
                0x080057d8                mpu6050_dmp_set_accel_bias
                0x080058d8                mpu6050_dmp_set_orientation
                0x08005a38                mpu6050_dmp_set_feature
                0x08005db4                mpu6050_dmp_set_fifo_rate
                0x08005e44                mpu6050_dmp_get_fifo_rate
                0x08005ea4                mpu6050_dmp_set_tap_axes
                0x08005f34                mpu6050_dmp_get_tap_axes
                0x08005fa4                mpu6050_dmp_set_tap_thresh
                0x08006128                mpu6050_dmp_get_tap_thresh
                0x08006200                mpu6050_dmp_read
                0x0800689c                mpu6050_dmp_set_tap_callback
                0x080068d0                mpu6050_dmp_set_orient_callback
                0x08006904                mpu6050_dmp_set_enable
                0x08006978                mpu6050_dmp_gyro_accel_raw_offset_convert
                0x08006bb0                mpu6050_set_addr_pin
                0x08006bbc                mpu6050_get_addr_pin
                0x08006bca                mpu6050_init
                0x08006ccc                mpu6050_deinit
                0x08006d24                mpu6050_read
                0x0800722c                mpu6050_read_temperature
                0x0800728c                mpu6050_irq_handler
                0x08007310                mpu6050_set_fifo
                0x0800736c                mpu6050_get_fifo
                0x080073b4                mpu6050_force_fifo_reset
                0x080073e0                mpu6050_set_iic_master
                0x0800743c                mpu6050_get_iic_master
                0x08007484                mpu6050_fifo_reset
                0x080074dc                mpu6050_get_fifo_reset
                0x08007524                mpu6050_iic_master_reset
                0x0800757c                mpu6050_get_iic_master_reset
                0x080075c4                mpu6050_sensor_reset
                0x08007618                mpu6050_get_sensor_reset
                0x0800765c                mpu6050_device_reset
                0x080076c0                mpu6050_get_device_reset
                0x080076fc                mpu6050_set_clock_source
                0x08007758                mpu6050_get_clock_source
                0x08007798                mpu6050_set_temperature_sensor
                0x080077f8                mpu6050_get_temperature_sensor
                0x08007840                mpu6050_set_cycle_wake_up
                0x0800789c                mpu6050_get_cycle_wake_up
                0x080078e4                mpu6050_set_sleep
                0x08007940                mpu6050_get_sleep
                0x08007988                mpu6050_set_standby_mode
                0x080079f0                mpu6050_get_standby_mode
                0x08007a3c                mpu6050_set_wake_up_frequency
                0x08007a98                mpu6050_get_wake_up_frequency
                0x08007ad4                mpu6050_get_fifo_count
                0x08007b10                mpu6050_fifo_get
                0x08007b40                mpu6050_fifo_set
                0x08007b70                mpu6050_set_signal_path_reset
                0x08007bcc                mpu6050_set_sample_rate_divider
                0x08007c00                mpu6050_get_sample_rate_divider
                0x08007c30                mpu6050_set_extern_sync
                0x08007c8c                mpu6050_get_extern_sync
                0x08007ccc                mpu6050_set_low_pass_filter
                0x08007d28                mpu6050_get_low_pass_filter
                0x08007d68                mpu6050_set_gyroscope_test
                0x08007dd0                mpu6050_get_gyroscope_test
                0x08007e1c                mpu6050_set_gyroscope_range
                0x08007e78                mpu6050_get_gyroscope_range
                0x08007eb8                mpu6050_set_accelerometer_test
                0x08007f20                mpu6050_get_accelerometer_test
                0x08007f6c                mpu6050_set_accelerometer_range
                0x08007fc8                mpu6050_get_accelerometer_range
                0x08008008                mpu6050_set_fifo_enable
                0x08008070                mpu6050_get_fifo_enable
                0x080080bc                mpu6050_set_interrupt_level
                0x08008118                mpu6050_get_interrupt_level
                0x08008154                mpu6050_set_interrupt_pin_type
                0x080081b0                mpu6050_get_interrupt_pin_type
                0x080081f8                mpu6050_set_interrupt_latch
                0x08008258                mpu6050_get_interrupt_latch
                0x080082a0                mpu6050_set_interrupt_read_clear
                0x080082fc                mpu6050_get_interrupt_read_clear
                0x08008344                mpu6050_set_fsync_interrupt_level
                0x080083a0                mpu6050_get_fsync_interrupt_level
                0x080083e8                mpu6050_set_fsync_interrupt
                0x08008444                mpu6050_get_fsync_interrupt
                0x0800848c                mpu6050_set_iic_bypass
                0x080084e8                mpu6050_get_iic_bypass
                0x08008530                mpu6050_set_interrupt
                0x08008598                mpu6050_get_interrupt
                0x080085e4                mpu6050_get_interrupt_status
                0x08008614                mpu6050_set_gyroscope_x_test
                0x08008680                mpu6050_get_gyroscope_x_test
                0x080086bc                mpu6050_set_gyroscope_y_test
                0x08008728                mpu6050_get_gyroscope_y_test
                0x08008764                mpu6050_set_gyroscope_z_test
                0x080087d0                mpu6050_get_gyroscope_z_test
                0x0800880c                mpu6050_set_accelerometer_x_test
                0x080088bc                mpu6050_get_accelerometer_x_test
                0x08008928                mpu6050_set_accelerometer_y_test
                0x080089d8                mpu6050_get_accelerometer_y_test
                0x08008a44                mpu6050_set_accelerometer_z_test
                0x08008af0                mpu6050_get_accelerometer_z_test
                0x08008b5c                mpu6050_set_motion_threshold
                0x08008b90                mpu6050_get_motion_threshold
                0x08008bc0                mpu6050_motion_threshold_convert_to_register
                0x08008bea                mpu6050_motion_threshold_convert_to_data
                0x08008c14                mpu6050_set_motion_duration
                0x08008c48                mpu6050_get_motion_duration
                0x08008c78                mpu6050_motion_duration_convert_to_register
                0x08008c8e                mpu6050_motion_duration_convert_to_data
                0x08008ca4                mpu6050_set_force_accel_sample
                0x08008d0c                mpu6050_self_test
                0x08008f88                mpu6050_set_iic_clock
                0x08008fe4                mpu6050_get_iic_clock
                0x08009024                mpu6050_set_iic_multi_master
                0x08009080                mpu6050_get_iic_multi_master
                0x080090bc                mpu6050_set_iic_wait_for_external_sensor
                0x08009118                mpu6050_get_iic_wait_for_external_sensor
                0x08009160                mpu6050_set_iic_read_mode
                0x080091bc                mpu6050_get_iic_read_mode
                0x08009204                mpu6050_set_iic_fifo_enable
                0x080092c4                mpu6050_get_iic_fifo_enable
                0x08009340                mpu6050_set_iic_mode
                0x080094ac                mpu6050_get_iic_mode
                0x08009564                mpu6050_set_iic_address
                0x080096d0                mpu6050_get_iic_address
                0x0800978c                mpu6050_set_iic_register
                0x08009840                mpu6050_get_iic_register
                0x080098ec                mpu6050_set_iic_data_out
                0x08009988                mpu6050_get_iic_data_out
                0x08009a1c                mpu6050_set_iic_enable
                0x08009b4c                mpu6050_get_iic_enable
                0x08009bec                mpu6050_set_iic_byte_swap
                0x08009d1c                mpu6050_get_iic_byte_swap
                0x08009dc0                mpu6050_set_iic_transaction_mode
                0x08009ef0                mpu6050_get_iic_transaction_mode
                0x08009f94                mpu6050_set_iic_group_order
                0x0800a0c4                mpu6050_get_iic_group_order
                0x0800a168                mpu6050_set_iic_transferred_len
                0x0800a2a0                mpu6050_get_iic_transferred_len
                0x0800a344                mpu6050_get_iic_status
                0x0800a374                mpu6050_set_iic_delay_enable
                0x0800a3dc                mpu6050_get_iic_delay_enable
                0x0800a428                mpu6050_set_iic4_enable
                0x0800a484                mpu6050_get_iic4_enable
                0x0800a4c0                mpu6050_set_iic4_interrupt
                0x0800a51c                mpu6050_get_iic4_interrupt
                0x0800a564                mpu6050_set_iic4_transaction_mode
                0x0800a5c0                mpu6050_get_iic4_transaction_mode
                0x0800a608                mpu6050_set_iic_delay
                0x0800a674                mpu6050_get_iic_delay
                0x0800a6b4                mpu6050_set_iic4_data_out
                0x0800a6e8                mpu6050_get_iic4_data_out
                0x0800a718                mpu6050_set_iic4_data_in
                0x0800a74c                mpu6050_get_iic4_data_in
                0x0800a77c                mpu6050_read_extern_sensor_data
                0x0800a7c0                mpu6050_set_reg
                0x0800a7dc                mpu6050_get_reg
                0x0800a7f8                mpu6050_info
 .text          0x0800a860      0x2d4 build_subcore/obj/subcore/driver/mpu6050/i2c_interface_mpu6050/driver_mpu6050_interface.o
                0x0800a8ac                mpu6050_interface_iic_init
                0x0800a8ec                mpu6050_interface_iic_deinit
                0x0800a910                mpu6050_interface_iic_read
                0x0800a9b0                mpu6050_interface_iic_write
                0x0800aa2c                mpu6050_interface_delay_ms
                0x0800aa44                mpu6050_interface_debug_print
                0x0800aa5a                mpu6050_interface_receive_callback
                0x0800aaa0                mpu6050_interface_dmp_tap_callback
                0x0800aaf8                mpu6050_interface_dmp_orient_callback
 .text          0x0800ab34      0x520 build_subcore/obj/subcore/driver/max30102/driver/driver_max30102.o
                0x0800ab64                max30102_info
                0x0800abd8                max30102_set_addr_pin
                0x0800abe4                max30102_reset
                0x0800ac2e                max30102_init
                0x0800ac94                max30102_set_mode
                0x0800acd0                max30102_get_mode
                0x0800ad02                max30102_set_spo2_config
                0x0800ad32                max30102_set_led_pulse_amplitude
                0x0800ad50                max30102_set_fifo_config
                0x0800ad7e                max30102_read_temperature
                0x0800adf6                max30102_get_fifo_write_pointer
                0x0800ae14                max30102_get_fifo_read_pointer
                0x0800ae32                max30102_set_fifo_pointers
                0x0800ae60                max30102_read_fifo
                0x0800aef6                max30102_set_interrupt
                0x0800af5c                max30102_get_interrupt_status
                0x0800af98                max30102_set_shutdown
                0x0800afd2                max30102_deinit
                0x0800aff6                max30102_irq_handler
 .text          0x0800b054      0x230 build_subcore/obj/subcore/driver/max30102/i2c_interface_max30102/driver_max30102_interface.o
                0x0800b0a0                max30102_interface_iic_init
                0x0800b0e0                max30102_interface_iic_deinit
                0x0800b104                max30102_interface_iic_read
                0x0800b1a4                max30102_interface_iic_write
                0x0800b220                max30102_interface_delay_ms
                0x0800b238                max30102_interface_debug_print
                0x0800b24e                max30102_interface_receive_callback
 .text          0x0800b284      0x310 build_subcore/obj/subcore/driver/sht30/driver/driver_sht30.o
                0x0800b36c                sht30_info
                0x0800b3e0                sht30_set_addr_pin
                0x0800b3ec                sht30_deinit
                0x0800b406                sht30_set_repeatability
                0x0800b412                sht30_soft_reset
                0x0800b434                sht30_init
                0x0800b468                sht30_set_heater
                0x0800b486                sht30_read_status
                0x0800b4ca                sht30_read_temperature_humidity
                0x0800b51e                sht30_start_periodic
                0x0800b542                sht30_stop_periodic
                0x0800b556                sht30_fetch_data
 .text          0x0800b594      0x1b4 build_subcore/obj/subcore/driver/sht30/i2c_interface_sht30/driver_sht30_interface.o
                0x0800b5e0                sht30_interface_iic_init
                0x0800b620                sht30_interface_iic_deinit
                0x0800b644                sht30_interface_iic_read
                0x0800b69c                sht30_interface_iic_write
                0x0800b718                sht30_interface_delay_ms
                0x0800b730                sht30_interface_debug_print
 .text          0x0800b748      0x2a4 build_subcore/obj/subcore/driver/mlx90614/driver/driver_mlx90614.o
                0x0800b788                mlx90614_info
                0x0800b7fc                mlx90614_set_addr_pin
                0x0800b808                mlx90614_read_temperature
                0x0800b870                mlx90614_init
                0x0800b8a4                mlx90614_read_both
                0x0800b8dc                mlx90614_read_eeprom_word
                0x0800b92e                mlx90614_set_mode
                0x0800b958                mlx90614_deinit
                0x0800b97a                mlx90614_get_id
 .text          0x0800b9ec      0x1fc build_subcore/obj/subcore/driver/mlx90614/i2c_interface_mlx90614/driver_mlx90614_interface.o
                0x0800ba38                mlx90614_interface_iic_init
                0x0800ba78                mlx90614_interface_iic_deinit
                0x0800ba9c                mlx90614_interface_iic_read
                0x0800bb3c                mlx90614_interface_iic_write
                0x0800bbb8                mlx90614_interface_delay_ms
                0x0800bbd0                mlx90614_interface_debug_print
 .text          0x0800bbe8       0xc8 build_subcore/obj/subcore/driver/borad_hardwares/drv_max30102.o
                0x0800bbe8                MAX30102_Init
                0x0800bc84                MAX30102_Read
 .text          0x0800bcb0       0x80 build_subcore/obj/subcore/driver/borad_hardwares/drv_mlx90614.o
                0x0800bcb0                MLX90614_Init
                0x0800bd04                MLX90614_Read
 .text          0x0800bd30       0x9c build_subcore/obj/subcore/driver/borad_hardwares/drv_sht30.o
                0x0800bd30                SHT30_Init
                0x0800bd8c                SHT30_Read
 .text          0x0800bdcc      0x1e4 build_subcore/obj/subcore/driver/CMSIS/system_gd32l23x.o
                0x0800bdcc                SystemInit
                0x0800bee8                SystemCoreClockUpdate
                0x0800bfa8                gd32l23x_firmware_version_get
 .text          0x0800bfb0      0x10c build_subcore/obj/subcore/startup/subcore_main.o
 .text          0x0800c0bc       0x44 build_subcore/obj/subcore/startup/gd32l23x_it.o
                0x0800c0bc                SysTick_Handler
                0x0800c0c4                RTC_Alarm_IRQHandler
                0x0800c0cc                I2C1_EV_IRQHandler
                0x0800c0d4                EXTI5_9_IRQHandler
                0x0800c0ec                NMI_Handler
                0x0800c0f0                HardFault_Handler
                0x0800c0f4                MemManage_Handler
                0x0800c0f8                BusFault_Handler
                0x0800c0fc                UsageFault_Handler
 .text          0x0800c100       0x14 build_subcore/obj/subcore/startup/startup_gd32l233.o
 .text          0x0800c114        0x0 C:/Program Files (x86)/Arm GNU Toolchain arm-none-eabi/14.2 rel1/bin/../lib/gcc/arm-none-eabi/14.2.1/thumb/v8-m.base/nofp\libc.a(libc_a-vprintf.o)
 .text          0x0800c114        0x0 C:/Program Files (x86)/Arm GNU Toolchain arm-none-eabi/14.2 rel1/bin/../lib/gcc/arm-none-eabi/14.2.1/thumb/v8-m.base/nofp\libc.a(libc_a-memcmp.o)
 .text          0x0800c114        0x0 C:/Program Files (x86)/Arm GNU Toolchain arm-none-eabi/14.2 rel1/bin/../lib/gcc/arm-none-eabi/14.2.1/thumb/v8-m.base/nofp\libc.a(libc_a-memset.o)
 .text          0x0800c114        0x0 C:/Program Files (x86)/Arm GNU Toolchain arm-none-eabi/14.2 rel1/bin/../lib/gcc/arm-none-eabi/14.2.1/thumb/v8-m.base/nofp\libc.a(libc_a-strncpy.o)
 .text          0x0800c114        0x0 C:/Program Files (x86)/Arm GNU Toolchain arm-none-eabi/14.2 rel1/bin/../lib/gcc/arm-none-eabi/14.2.1/thumb/v8-m.base/nofp\libc.a(libc_a-impure.o)
 .text          0x0800c114        0x0 C:/Program Files (x86)/Arm GNU Toolchain arm-none-eabi/14.2 rel1/bin/../lib/gcc/arm-none-eabi/14.2.1/thumb/v8-m.base/nofp\libc.a(libc_a-init.o)
 .text          0x0800c114        0x0 C:/Program Files (x86)/Arm GNU Toolchain arm-none-eabi/14.2 rel1/bin/../lib/gcc/arm-none-eabi/14.2.1/thumb/v8-m.base/nofp\libc.a(libc_a-memcpy-stub.o)
 .text          0x0800c114        0x0 C:/Program Files (x86)/Arm GNU Toolchain arm-none-eabi/14.2 rel1/bin/../lib/gcc/arm-none-eabi/14.2.1/thumb/v8-m.base/nofp\libc.a(libc_a-vfprintf.o)
 .text          0x0800c114        0x0 C:/Program Files (x86)/Arm GNU Toolchain arm-none-eabi/14.2 rel1/bin/../lib/gcc/arm-none-eabi/14.2.1/thumb/v8-m.base/nofp\libc.a(libc_a-sprint_r.o)
 .text          0x0800c114        0x0 C:/Program Files (x86)/Arm GNU Toolchain arm-none-eabi/14.2 rel1/bin/../lib/gcc/arm-none-eabi/14.2.1/thumb/v8-m.base/nofp\libc.a(libc_a-fflush.o)
 .text          0x0800c114        0x0 C:/Program Files (x86)/Arm GNU Toolchain arm-none-eabi/14.2 rel1/bin/../lib/gcc/arm-none-eabi/14.2.1/thumb/v8-m.base/nofp\libc.a(libc_a-findfp.o)
 .text          0x0800c114        0x0 C:/Program Files (x86)/Arm GNU Toolchain arm-none-eabi/14.2 rel1/bin/../lib/gcc/arm-none-eabi/14.2.1/thumb/v8-m.base/nofp\libc.a(libc_a-fvwrite.o)
 .text          0x0800c114        0x0 C:/Program Files (x86)/Arm GNU Toolchain arm-none-eabi/14.2 rel1/bin/../lib/gcc/arm-none-eabi/14.2.1/thumb/v8-m.base/nofp\libc.a(libc_a-fwalk.o)
 .text          0x0800c114        0x0 C:/Program Files (x86)/Arm GNU Toolchain arm-none-eabi/14.2 rel1/bin/../lib/gcc/arm-none-eabi/14.2.1/thumb/v8-m.base/nofp\libc.a(libc_a-stdio.o)
 .text          0x0800c114        0x0 C:/Program Files (x86)/Arm GNU Toolchain arm-none-eabi/14.2 rel1/bin/../lib/gcc/arm-none-eabi/14.2.1/thumb/v8-m.base/nofp\libc.a(libc_a-wsetup.o)
 .text          0x0800c114        0x0 C:/Program Files (x86)/Arm GNU Toolchain arm-none-eabi/14.2 rel1/bin/../lib/gcc/arm-none-eabi/14.2.1/thumb/v8-m.base/nofp\libc.a(libc_a-memmove.o)
 .text          0x0800c114        0x0 C:/Program Files (x86)/Arm GNU Toolchain arm-none-eabi/14.2 rel1/bin/../lib/gcc/arm-none-eabi/14.2.1/thumb/v8-m.base/nofp\libc.a(libc_a-locale.o)
 .text          0x0800c114        0x0 C:/Program Files (x86)/Arm GNU Toolchain arm-none-eabi/14.2 rel1/bin/../lib/gcc/arm-none-eabi/14.2.1/thumb/v8-m.base/nofp\libc.a(libc_a-localeconv.o)
 .text          0x0800c114        0x0 C:/Program Files (x86)/Arm GNU Toolchain arm-none-eabi/14.2 rel1/bin/../lib/gcc/arm-none-eabi/14.2.1/thumb/v8-m.base/nofp\libc.a(libc_a-closer.o)
 .text          0x0800c114        0x0 C:/Program Files (x86)/Arm GNU Toolchain arm-none-eabi/14.2 rel1/bin/../lib/gcc/arm-none-eabi/14.2.1/thumb/v8-m.base/nofp\libc.a(libc_a-reent.o)
 .text          0x0800c114        0x0 C:/Program Files (x86)/Arm GNU Toolchain arm-none-eabi/14.2 rel1/bin/../lib/gcc/arm-none-eabi/14.2.1/thumb/v8-m.base/nofp\libc.a(libc_a-lseekr.o)
 .text          0x0800c114        0x0 C:/Program Files (x86)/Arm GNU Toolchain arm-none-eabi/14.2 rel1/bin/../lib/gcc/arm-none-eabi/14.2.1/thumb/v8-m.base/nofp\libc.a(libc_a-readr.o)
 .text          0x0800c114        0x0 C:/Program Files (x86)/Arm GNU Toolchain arm-none-eabi/14.2 rel1/bin/../lib/gcc/arm-none-eabi/14.2.1/thumb/v8-m.base/nofp\libc.a(libc_a-writer.o)
 .text          0x0800c114        0x0 C:/Program Files (x86)/Arm GNU Toolchain arm-none-eabi/14.2 rel1/bin/../lib/gcc/arm-none-eabi/14.2.1/thumb/v8-m.base/nofp\libc.a(libc_a-lock.o)
 .text          0x0800c114       0x88 C:/Program Files (x86)/Arm GNU Toolchain arm-none-eabi/14.2 rel1/bin/../lib/gcc/arm-none-eabi/14.2.1/thumb/v8-m.base/nofp\libc.a(libc_a-strcmp.o)
                0x0800c114                strcmp
 .text          0x0800c19c        0x0 C:/Program Files (x86)/Arm GNU Toolchain arm-none-eabi/14.2 rel1/bin/../lib/gcc/arm-none-eabi/14.2.1/thumb/v8-m.base/nofp\libc.a(libc_a-strcpy.o)
 .text          0x0800c19c        0x0 C:/Program Files (x86)/Arm GNU Toolchain arm-none-eabi/14.2 rel1/bin/../lib/gcc/arm-none-eabi/14.2.1/thumb/v8-m.base/nofp\libc.a(libc_a-memchr-stub.o)
 .text          0x0800c19c        0x0 C:/Program Files (x86)/Arm GNU Toolchain arm-none-eabi/14.2 rel1/bin/../lib/gcc/arm-none-eabi/14.2.1/thumb/v8-m.base/nofp\libc.a(libc_a-strlen-stub.o)
 .text          0x0800c19c        0x0 C:/Program Files (x86)/Arm GNU Toolchain arm-none-eabi/14.2 rel1/bin/../lib/gcc/arm-none-eabi/14.2.1/thumb/v8-m.base/nofp\libc.a(libm_a-s_frexp.o)
 .text          0x0800c19c        0x0 C:/Program Files (x86)/Arm GNU Toolchain arm-none-eabi/14.2 rel1/bin/../lib/gcc/arm-none-eabi/14.2.1/thumb/v8-m.base/nofp\libc.a(libc_a-dtoa.o)
 .text          0x0800c19c        0x0 C:/Program Files (x86)/Arm GNU Toolchain arm-none-eabi/14.2 rel1/bin/../lib/gcc/arm-none-eabi/14.2.1/thumb/v8-m.base/nofp\libc.a(libc_a-freer.o)
 .text          0x0800c19c        0x0 C:/Program Files (x86)/Arm GNU Toolchain arm-none-eabi/14.2 rel1/bin/../lib/gcc/arm-none-eabi/14.2.1/thumb/v8-m.base/nofp\libc.a(libc_a-getenv_r.o)
 .text          0x0800c19c        0x0 C:/Program Files (x86)/Arm GNU Toolchain arm-none-eabi/14.2 rel1/bin/../lib/gcc/arm-none-eabi/14.2.1/thumb/v8-m.base/nofp\libc.a(libc_a-mallocr.o)
 .text          0x0800c19c        0x0 C:/Program Files (x86)/Arm GNU Toolchain arm-none-eabi/14.2 rel1/bin/../lib/gcc/arm-none-eabi/14.2.1/thumb/v8-m.base/nofp\libc.a(libc_a-mbtowc_r.o)
 .text          0x0800c19c        0x0 C:/Program Files (x86)/Arm GNU Toolchain arm-none-eabi/14.2 rel1/bin/../lib/gcc/arm-none-eabi/14.2.1/thumb/v8-m.base/nofp\libc.a(libc_a-mlock.o)
 .text          0x0800c19c        0x0 C:/Program Files (x86)/Arm GNU Toolchain arm-none-eabi/14.2 rel1/bin/../lib/gcc/arm-none-eabi/14.2.1/thumb/v8-m.base/nofp\libc.a(libc_a-mprec.o)
 .text          0x0800c19c        0x0 C:/Program Files (x86)/Arm GNU Toolchain arm-none-eabi/14.2 rel1/bin/../lib/gcc/arm-none-eabi/14.2.1/thumb/v8-m.base/nofp\libc.a(libc_a-reallocr.o)
 .text          0x0800c19c        0x0 C:/Program Files (x86)/Arm GNU Toolchain arm-none-eabi/14.2 rel1/bin/../lib/gcc/arm-none-eabi/14.2.1/thumb/v8-m.base/nofp\libc.a(libc_a-strtol.o)
 .text          0x0800c19c        0x0 C:/Program Files (x86)/Arm GNU Toolchain arm-none-eabi/14.2 rel1/bin/../lib/gcc/arm-none-eabi/14.2.1/thumb/v8-m.base/nofp\libc.a(libc_a-wctomb_r.o)
 .text          0x0800c19c        0x0 C:/Program Files (x86)/Arm GNU Toolchain arm-none-eabi/14.2 rel1/bin/../lib/gcc/arm-none-eabi/14.2.1/thumb/v8-m.base/nofp\libc.a(libc_a-wcrtomb.o)
 .text          0x0800c19c        0x0 C:/Program Files (x86)/Arm GNU Toolchain arm-none-eabi/14.2 rel1/bin/../lib/gcc/arm-none-eabi/14.2.1/thumb/v8-m.base/nofp\libc.a(libc_a-wcsrtombs.o)
 .text          0x0800c19c        0x0 C:/Program Files (x86)/Arm GNU Toolchain arm-none-eabi/14.2 rel1/bin/../lib/gcc/arm-none-eabi/14.2.1/thumb/v8-m.base/nofp\libc.a(libc_a-ctype_.o)
 .text          0x0800c19c        0x0 C:/Program Files (x86)/Arm GNU Toolchain arm-none-eabi/14.2 rel1/bin/../lib/gcc/arm-none-eabi/14.2.1/thumb/v8-m.base/nofp\libc.a(libc_a-fclose.o)
 .text          0x0800c19c        0x0 C:/Program Files (x86)/Arm GNU Toolchain arm-none-eabi/14.2 rel1/bin/../lib/gcc/arm-none-eabi/14.2.1/thumb/v8-m.base/nofp\libc.a(libc_a-makebuf.o)
 .text          0x0800c19c        0x0 C:/Program Files (x86)/Arm GNU Toolchain arm-none-eabi/14.2 rel1/bin/../lib/gcc/arm-none-eabi/14.2.1/thumb/v8-m.base/nofp\libc.a(libc_a-strcasecmp.o)
 .text          0x0800c19c        0x0 C:/Program Files (x86)/Arm GNU Toolchain arm-none-eabi/14.2 rel1/bin/../lib/gcc/arm-none-eabi/14.2.1/thumb/v8-m.base/nofp\libc.a(libc_a-strcat.o)
 .text          0x0800c19c        0x0 C:/Program Files (x86)/Arm GNU Toolchain arm-none-eabi/14.2 rel1/bin/../lib/gcc/arm-none-eabi/14.2.1/thumb/v8-m.base/nofp\libc.a(libc_a-strchr.o)
 .text          0x0800c19c        0x0 C:/Program Files (x86)/Arm GNU Toolchain arm-none-eabi/14.2 rel1/bin/../lib/gcc/arm-none-eabi/14.2.1/thumb/v8-m.base/nofp\libc.a(libc_a-strlcpy.o)
 .text          0x0800c19c        0x0 C:/Program Files (x86)/Arm GNU Toolchain arm-none-eabi/14.2 rel1/bin/../lib/gcc/arm-none-eabi/14.2.1/thumb/v8-m.base/nofp\libc.a(libc_a-strncasecmp.o)
 .text          0x0800c19c        0x0 C:/Program Files (x86)/Arm GNU Toolchain arm-none-eabi/14.2 rel1/bin/../lib/gcc/arm-none-eabi/14.2.1/thumb/v8-m.base/nofp\libc.a(libc_a-strncmp.o)
 .text          0x0800c19c        0x0 C:/Program Files (x86)/Arm GNU Toolchain arm-none-eabi/14.2 rel1/bin/../lib/gcc/arm-none-eabi/14.2.1/thumb/v8-m.base/nofp\libc.a(libc_a-fstatr.o)
 .text          0x0800c19c        0x0 C:/Program Files (x86)/Arm GNU Toolchain arm-none-eabi/14.2 rel1/bin/../lib/gcc/arm-none-eabi/14.2.1/thumb/v8-m.base/nofp\libc.a(libc_a-isattyr.o)
 .text          0x0800c19c        0x0 C:/Program Files (x86)/Arm GNU Toolchain arm-none-eabi/14.2 rel1/bin/../lib/gcc/arm-none-eabi/14.2.1/thumb/v8-m.base/nofp\libc.a(libc_a-sbrkr.o)
 .text          0x0800c19c        0x0 C:/Program Files (x86)/Arm GNU Toolchain arm-none-eabi/14.2 rel1/bin/../lib/gcc/arm-none-eabi/14.2.1/thumb/v8-m.base/nofp\libc.a(libc_a-errno.o)
 .text          0x0800c19c        0x0 C:/Program Files (x86)/Arm GNU Toolchain arm-none-eabi/14.2 rel1/bin/../lib/gcc/arm-none-eabi/14.2.1/thumb/v8-m.base/nofp\libc.a(libc_a-sysconf.o)
 .text          0x0800c19c        0x0 C:/Program Files (x86)/Arm GNU Toolchain arm-none-eabi/14.2 rel1/bin/../lib/gcc/arm-none-eabi/14.2.1/thumb/v8-m.base/nofp\libc.a(libc_a-assert.o)
 .text          0x0800c19c        0x0 C:/Program Files (x86)/Arm GNU Toolchain arm-none-eabi/14.2 rel1/bin/../lib/gcc/arm-none-eabi/14.2.1/thumb/v8-m.base/nofp\libc.a(libc_a-callocr.o)
 .text          0x0800c19c        0x0 C:/Program Files (x86)/Arm GNU Toolchain arm-none-eabi/14.2 rel1/bin/../lib/gcc/arm-none-eabi/14.2.1/thumb/v8-m.base/nofp\libc.a(libc_a-environ.o)
 .text          0x0800c19c        0x0 C:/Program Files (x86)/Arm GNU Toolchain arm-none-eabi/14.2 rel1/bin/../lib/gcc/arm-none-eabi/14.2.1/thumb/v8-m.base/nofp\libc.a(libc_a-envlock.o)
 .text          0x0800c19c        0x0 C:/Program Files (x86)/Arm GNU Toolchain arm-none-eabi/14.2 rel1/bin/../lib/gcc/arm-none-eabi/14.2.1/thumb/v8-m.base/nofp\libc.a(libc_a-wcsnrtombs.o)
 .text          0x0800c19c        0x0 C:/Program Files (x86)/Arm GNU Toolchain arm-none-eabi/14.2 rel1/bin/../lib/gcc/arm-none-eabi/14.2.1/thumb/v8-m.base/nofp\libc.a(libc_a-fiprintf.o)
 .text          0x0800c19c        0x0 C:/Program Files (x86)/Arm GNU Toolchain arm-none-eabi/14.2 rel1/bin/../lib/gcc/arm-none-eabi/14.2.1/thumb/v8-m.base/nofp\libc.a(libc_a-vfiprintf.o)
 .text          0x0800c19c        0x0 C:/Program Files (x86)/Arm GNU Toolchain arm-none-eabi/14.2 rel1/bin/../lib/gcc/arm-none-eabi/14.2.1/thumb/v8-m.base/nofp\libc.a(libc_a-abort.o)
 .text          0x0800c19c        0x0 C:/Program Files (x86)/Arm GNU Toolchain arm-none-eabi/14.2 rel1/bin/../lib/gcc/arm-none-eabi/14.2.1/thumb/v8-m.base/nofp\libc.a(libc_a-signal.o)
 .text          0x0800c19c        0x0 C:/Program Files (x86)/Arm GNU Toolchain arm-none-eabi/14.2 rel1/bin/../lib/gcc/arm-none-eabi/14.2.1/thumb/v8-m.base/nofp\libc.a(libc_a-signalr.o)
 .text          0x0800c19c        0x0 C:/Program Files (x86)/Arm GNU Toolchain arm-none-eabi/14.2 rel1/bin/../lib/gcc/arm-none-eabi/14.2.1/thumb/v8-m.base/nofp\libm.a(libm_a-wf_asin.o)
 .text          0x0800c19c        0x0 C:/Program Files (x86)/Arm GNU Toolchain arm-none-eabi/14.2 rel1/bin/../lib/gcc/arm-none-eabi/14.2.1/thumb/v8-m.base/nofp\libm.a(libm_a-wf_atan2.o)
 .text          0x0800c19c        0x0 C:/Program Files (x86)/Arm GNU Toolchain arm-none-eabi/14.2 rel1/bin/../lib/gcc/arm-none-eabi/14.2.1/thumb/v8-m.base/nofp\libm.a(libm_a-sf_fabs.o)
 .text          0x0800c19c        0x0 C:/Program Files (x86)/Arm GNU Toolchain arm-none-eabi/14.2 rel1/bin/../lib/gcc/arm-none-eabi/14.2.1/thumb/v8-m.base/nofp\libm.a(libm_a-sf_nan.o)
 .text          0x0800c19c        0x0 C:/Program Files (x86)/Arm GNU Toolchain arm-none-eabi/14.2 rel1/bin/../lib/gcc/arm-none-eabi/14.2.1/thumb/v8-m.base/nofp\libm.a(libm_a-ef_asin.o)
 .text          0x0800c19c        0x0 C:/Program Files (x86)/Arm GNU Toolchain arm-none-eabi/14.2 rel1/bin/../lib/gcc/arm-none-eabi/14.2.1/thumb/v8-m.base/nofp\libm.a(libm_a-ef_atan2.o)
 .text          0x0800c19c        0x0 C:/Program Files (x86)/Arm GNU Toolchain arm-none-eabi/14.2 rel1/bin/../lib/gcc/arm-none-eabi/14.2.1/thumb/v8-m.base/nofp\libm.a(libm_a-sf_atan.o)
 .text          0x0800c19c        0x0 C:/Program Files (x86)/Arm GNU Toolchain arm-none-eabi/14.2 rel1/bin/../lib/gcc/arm-none-eabi/14.2.1/thumb/v8-m.base/nofp\libm.a(libm_a-ef_sqrt.o)
 .text          0x0800c19c        0x0 C:/Program Files (x86)/Arm GNU Toolchain arm-none-eabi/14.2 rel1/bin/../lib/gcc/arm-none-eabi/14.2.1/thumb/v8-m.base/nofp\libnosys.a(close.o)
 .text          0x0800c19c        0x0 C:/Program Files (x86)/Arm GNU Toolchain arm-none-eabi/14.2 rel1/bin/../lib/gcc/arm-none-eabi/14.2.1/thumb/v8-m.base/nofp\libnosys.a(fstat.o)
 .text          0x0800c19c        0x0 C:/Program Files (x86)/Arm GNU Toolchain arm-none-eabi/14.2 rel1/bin/../lib/gcc/arm-none-eabi/14.2.1/thumb/v8-m.base/nofp\libnosys.a(getpid.o)
 .text          0x0800c19c        0x0 C:/Program Files (x86)/Arm GNU Toolchain arm-none-eabi/14.2 rel1/bin/../lib/gcc/arm-none-eabi/14.2.1/thumb/v8-m.base/nofp\libnosys.a(isatty.o)
 .text          0x0800c19c        0x0 C:/Program Files (x86)/Arm GNU Toolchain arm-none-eabi/14.2 rel1/bin/../lib/gcc/arm-none-eabi/14.2.1/thumb/v8-m.base/nofp\libnosys.a(kill.o)
 .text          0x0800c19c        0x0 C:/Program Files (x86)/Arm GNU Toolchain arm-none-eabi/14.2 rel1/bin/../lib/gcc/arm-none-eabi/14.2.1/thumb/v8-m.base/nofp\libnosys.a(lseek.o)
 .text          0x0800c19c        0x0 C:/Program Files (x86)/Arm GNU Toolchain arm-none-eabi/14.2 rel1/bin/../lib/gcc/arm-none-eabi/14.2.1/thumb/v8-m.base/nofp\libnosys.a(read.o)
 .text          0x0800c19c        0x0 C:/Program Files (x86)/Arm GNU Toolchain arm-none-eabi/14.2 rel1/bin/../lib/gcc/arm-none-eabi/14.2.1/thumb/v8-m.base/nofp\libnosys.a(sbrk.o)
 .text          0x0800c19c        0x0 C:/Program Files (x86)/Arm GNU Toolchain arm-none-eabi/14.2 rel1/bin/../lib/gcc/arm-none-eabi/14.2.1/thumb/v8-m.base/nofp\libnosys.a(_exit.o)
 .text          0x0800c19c       0x14 C:/Program Files (x86)/Arm GNU Toolchain arm-none-eabi/14.2 rel1/bin/../lib/gcc/arm-none-eabi/14.2.1/thumb/v8-m.base/nofp\libgcc.a(_thumb1_case_uqi.o)
                0x0800c19c                __gnu_thumb1_case_uqi
 .text          0x0800c1b0       0x14 C:/Program Files (x86)/Arm GNU Toolchain arm-none-eabi/14.2 rel1/bin/../lib/gcc/arm-none-eabi/14.2.1/thumb/v8-m.base/nofp\libgcc.a(_thumb1_case_uhi.o)
                0x0800c1b0                __gnu_thumb1_case_uhi
 .text          0x0800c1c4       0x7c C:/Program Files (x86)/Arm GNU Toolchain arm-none-eabi/14.2 rel1/bin/../lib/gcc/arm-none-eabi/14.2.1/thumb/v8-m.base/nofp\libgcc.a(_arm_cmpdf2.o)
                0x0800c1c4                __aeabi_cdrcmple
                0x0800c1d4                __aeabi_cdcmple
                0x0800c1d4                __aeabi_cdcmpeq
                0x0800c1e4                __aeabi_dcmpeq
                0x0800c1f0                __aeabi_dcmplt
                0x0800c204                __aeabi_dcmple
                0x0800c218                __aeabi_dcmpgt
                0x0800c22c                __aeabi_dcmpge
 .text          0x0800c240       0x74 C:/Program Files (x86)/Arm GNU Toolchain arm-none-eabi/14.2 rel1/bin/../lib/gcc/arm-none-eabi/14.2.1/thumb/v8-m.base/nofp\libgcc.a(_arm_cmpsf2.o)
                0x0800c240                __aeabi_cfrcmple
                0x0800c248                __aeabi_cfcmpeq
                0x0800c248                __aeabi_cfcmple
                0x0800c258                __aeabi_fcmpeq
                0x0800c264                __aeabi_fcmplt
                0x0800c278                __aeabi_fcmple
                0x0800c28c                __aeabi_fcmpgt
                0x0800c2a0                __aeabi_fcmpge
 .text          0x0800c2b4       0x48 C:/Program Files (x86)/Arm GNU Toolchain arm-none-eabi/14.2 rel1/bin/../lib/gcc/arm-none-eabi/14.2.1/thumb/v8-m.base/nofp\libgcc.a(_aeabi_ldivmod.o)
                0x0800c2b4                __aeabi_ldivmod
 .text          0x0800c2fc       0x40 C:/Program Files (x86)/Arm GNU Toolchain arm-none-eabi/14.2 rel1/bin/../lib/gcc/arm-none-eabi/14.2.1/thumb/v8-m.base/nofp\libgcc.a(_aeabi_uldivmod.o)
                0x0800c2fc                __aeabi_uldivmod
 .text          0x0800c33c        0x0 C:/Program Files (x86)/Arm GNU Toolchain arm-none-eabi/14.2 rel1/bin/../lib/gcc/arm-none-eabi/14.2.1/thumb/v8-m.base/nofp\libgcc.a(_muldi3.o)
 .text          0x0800c33c        0x0 C:/Program Files (x86)/Arm GNU Toolchain arm-none-eabi/14.2 rel1/bin/../lib/gcc/arm-none-eabi/14.2.1/thumb/v8-m.base/nofp\libgcc.a(_fixunssfsi.o)
 .text          0x0800c33c        0x0 C:/Program Files (x86)/Arm GNU Toolchain arm-none-eabi/14.2 rel1/bin/../lib/gcc/arm-none-eabi/14.2.1/thumb/v8-m.base/nofp\libgcc.a(_floatdisf.o)
 .text          0x0800c33c        0x0 C:/Program Files (x86)/Arm GNU Toolchain arm-none-eabi/14.2 rel1/bin/../lib/gcc/arm-none-eabi/14.2.1/thumb/v8-m.base/nofp\libgcc.a(_udivmoddi4.o)
 .text          0x0800c33c        0x0 C:/Program Files (x86)/Arm GNU Toolchain arm-none-eabi/14.2 rel1/bin/../lib/gcc/arm-none-eabi/14.2.1/thumb/v8-m.base/nofp\libgcc.a(bpabi.o)
 .text          0x0800c33c        0x0 C:/Program Files (x86)/Arm GNU Toolchain arm-none-eabi/14.2 rel1/bin/../lib/gcc/arm-none-eabi/14.2.1/thumb/v8-m.base/nofp\libgcc.a(addsf3.o)
 .text          0x0800c33c        0x0 C:/Program Files (x86)/Arm GNU Toolchain arm-none-eabi/14.2 rel1/bin/../lib/gcc/arm-none-eabi/14.2.1/thumb/v8-m.base/nofp\libgcc.a(divsf3.o)
 .text          0x0800c33c        0x0 C:/Program Files (x86)/Arm GNU Toolchain arm-none-eabi/14.2 rel1/bin/../lib/gcc/arm-none-eabi/14.2.1/thumb/v8-m.base/nofp\libgcc.a(eqsf2.o)
 .text          0x0800c33c        0x0 C:/Program Files (x86)/Arm GNU Toolchain arm-none-eabi/14.2 rel1/bin/../lib/gcc/arm-none-eabi/14.2.1/thumb/v8-m.base/nofp\libgcc.a(gesf2.o)
 .text          0x0800c33c        0x0 C:/Program Files (x86)/Arm GNU Toolchain arm-none-eabi/14.2 rel1/bin/../lib/gcc/arm-none-eabi/14.2.1/thumb/v8-m.base/nofp\libgcc.a(lesf2.o)
 .text          0x0800c33c        0x0 C:/Program Files (x86)/Arm GNU Toolchain arm-none-eabi/14.2 rel1/bin/../lib/gcc/arm-none-eabi/14.2.1/thumb/v8-m.base/nofp\libgcc.a(mulsf3.o)
 .text          0x0800c33c        0x0 C:/Program Files (x86)/Arm GNU Toolchain arm-none-eabi/14.2 rel1/bin/../lib/gcc/arm-none-eabi/14.2.1/thumb/v8-m.base/nofp\libgcc.a(subsf3.o)
 .text          0x0800c33c        0x0 C:/Program Files (x86)/Arm GNU Toolchain arm-none-eabi/14.2 rel1/bin/../lib/gcc/arm-none-eabi/14.2.1/thumb/v8-m.base/nofp\libgcc.a(unordsf2.o)
 .text          0x0800c33c        0x0 C:/Program Files (x86)/Arm GNU Toolchain arm-none-eabi/14.2 rel1/bin/../lib/gcc/arm-none-eabi/14.2.1/thumb/v8-m.base/nofp\libgcc.a(fixsfsi.o)
 .text          0x0800c33c        0x0 C:/Program Files (x86)/Arm GNU Toolchain arm-none-eabi/14.2 rel1/bin/../lib/gcc/arm-none-eabi/14.2.1/thumb/v8-m.base/nofp\libgcc.a(floatsisf.o)
 .text          0x0800c33c        0x0 C:/Program Files (x86)/Arm GNU Toolchain arm-none-eabi/14.2 rel1/bin/../lib/gcc/arm-none-eabi/14.2.1/thumb/v8-m.base/nofp\libgcc.a(floatunsisf.o)
 .text          0x0800c33c        0x0 C:/Program Files (x86)/Arm GNU Toolchain arm-none-eabi/14.2 rel1/bin/../lib/gcc/arm-none-eabi/14.2.1/thumb/v8-m.base/nofp\libgcc.a(adddf3.o)
 .text          0x0800c33c        0x0 C:/Program Files (x86)/Arm GNU Toolchain arm-none-eabi/14.2 rel1/bin/../lib/gcc/arm-none-eabi/14.2.1/thumb/v8-m.base/nofp\libgcc.a(divdf3.o)
 .text          0x0800c33c        0x0 C:/Program Files (x86)/Arm GNU Toolchain arm-none-eabi/14.2 rel1/bin/../lib/gcc/arm-none-eabi/14.2.1/thumb/v8-m.base/nofp\libgcc.a(eqdf2.o)
 .text          0x0800c33c        0x0 C:/Program Files (x86)/Arm GNU Toolchain arm-none-eabi/14.2 rel1/bin/../lib/gcc/arm-none-eabi/14.2.1/thumb/v8-m.base/nofp\libgcc.a(gedf2.o)
 .text          0x0800c33c        0x0 C:/Program Files (x86)/Arm GNU Toolchain arm-none-eabi/14.2 rel1/bin/../lib/gcc/arm-none-eabi/14.2.1/thumb/v8-m.base/nofp\libgcc.a(ledf2.o)
 .text          0x0800c33c        0x0 C:/Program Files (x86)/Arm GNU Toolchain arm-none-eabi/14.2 rel1/bin/../lib/gcc/arm-none-eabi/14.2.1/thumb/v8-m.base/nofp\libgcc.a(muldf3.o)
 .text          0x0800c33c        0x0 C:/Program Files (x86)/Arm GNU Toolchain arm-none-eabi/14.2 rel1/bin/../lib/gcc/arm-none-eabi/14.2.1/thumb/v8-m.base/nofp\libgcc.a(subdf3.o)
 .text          0x0800c33c        0x0 C:/Program Files (x86)/Arm GNU Toolchain arm-none-eabi/14.2 rel1/bin/../lib/gcc/arm-none-eabi/14.2.1/thumb/v8-m.base/nofp\libgcc.a(unorddf2.o)
 .text          0x0800c33c        0x0 C:/Program Files (x86)/Arm GNU Toolchain arm-none-eabi/14.2 rel1/bin/../lib/gcc/arm-none-eabi/14.2.1/thumb/v8-m.base/nofp\libgcc.a(fixdfsi.o)
 .text          0x0800c33c        0x0 C:/Program Files (x86)/Arm GNU Toolchain arm-none-eabi/14.2 rel1/bin/../lib/gcc/arm-none-eabi/14.2.1/thumb/v8-m.base/nofp\libgcc.a(floatsidf.o)
 .text          0x0800c33c        0x0 C:/Program Files (x86)/Arm GNU Toolchain arm-none-eabi/14.2 rel1/bin/../lib/gcc/arm-none-eabi/14.2.1/thumb/v8-m.base/nofp\libgcc.a(floatunsidf.o)
 .text          0x0800c33c        0x0 C:/Program Files (x86)/Arm GNU Toolchain arm-none-eabi/14.2 rel1/bin/../lib/gcc/arm-none-eabi/14.2.1/thumb/v8-m.base/nofp\libgcc.a(truncdfsf2.o)
 .text          0x0800c33c        0x4 C:/Program Files (x86)/Arm GNU Toolchain arm-none-eabi/14.2 rel1/bin/../lib/gcc/arm-none-eabi/14.2.1/thumb/v8-m.base/nofp\libgcc.a(_dvmd_tls.o)
                0x0800c33c                __aeabi_idiv0
                0x0800c33c                __aeabi_ldiv0
 .text          0x0800c340       0x3c C:/Program Files (x86)/Arm GNU Toolchain arm-none-eabi/14.2 rel1/bin/../lib/gcc/arm-none-eabi/14.2.1/thumb/v8-m.base/nofp\libgcc.a(_clzsi2.o)
                0x0800c340                __clzsi2
 .text          0x0800c37c        0x0 C:/Program Files (x86)/Arm GNU Toolchain arm-none-eabi/14.2 rel1/bin/../lib/gcc/arm-none-eabi/14.2.1/thumb/v8-m.base/nofp\libgcc.a(_divdi3.o)
 *(.text*)
 .text.startup  0x0800c37c       0xcc build_subcore/obj/subcore/startup/subcore_main.o
                0x0800c37c                main
 .text.Reset_Handler
                0x0800c448       0x50 build_subcore/obj/subcore/startup/startup_gd32l233.o
                0x0800c448                Reset_Handler
 .text.Default_Handler
                0x0800c498        0x2 build_subcore/obj/subcore/startup/startup_gd32l233.o
                0x0800c498                EXTI2_IRQHandler
                0x0800c498                TIMER2_IRQHandler
                0x0800c498                TIMER5_IRQHandler
                0x0800c498                LVD_IRQHandler
                0x0800c498                USART1_WKUP_IRQHandler
                0x0800c498                PendSV_Handler
                0x0800c498                EXTI3_IRQHandler
                0x0800c498                USART0_WKUP_IRQHandler
                0x0800c498                I2C0_EV_IRQHandler
                0x0800c498                EXTI0_IRQHandler
                0x0800c498                I2C2_EV_IRQHandler
                0x0800c498                CAU_IRQHandler
                0x0800c498                TIMER8_IRQHandler
                0x0800c498                SPI1_IRQHandler
                0x0800c498                DMA_Channel1_IRQHandler
                0x0800c498                CMP1_IRQHandler
                0x0800c498                TIMER11_IRQHandler
                0x0800c498                TIMER6_IRQHandler
                0x0800c498                I2C0_ER_IRQHandler
                0x0800c498                LPUART_IRQHandler
                0x0800c498                DMA_Channel4_IRQHandler
                0x0800c498                USBD_LP_IRQHandler
                0x0800c498                DMA_Channel5_IRQHandler
                0x0800c498                DMAMUX_IRQHandler
                0x0800c498                USART0_IRQHandler
                0x0800c498                TIMER1_IRQHandler
                0x0800c498                LPUART_WKUP_IRQHandler
                0x0800c498                UART4_IRQHandler
                0x0800c498                EXTI10_15_IRQHandler
                0x0800c498                Default_Handler
                0x0800c498                ADC_IRQHandler
                0x0800c498                I2C2_WKUP_IRQHandler
                0x0800c498                USBD_HP_IRQHandler
                0x0800c498                WWDGT_IRQHandler
                0x0800c498                DMA_Channel3_IRQHandler
                0x0800c498                TAMPER_STAMP_IRQHandler
                0x0800c498                RTC_WKUP_IRQHandler
                0x0800c498                DMA_Channel2_IRQHandler
                0x0800c498                USBD_WKUP_IRQHandler
                0x0800c498                SVC_Handler
                0x0800c498                RCU_CTC_IRQHandler
                0x0800c498                EXTI4_IRQHandler
                0x0800c498                LPTIMER_IRQHandler
                0x0800c498                DAC_IRQHandler
                0x0800c498                EXTI1_IRQHandler
                0x0800c498                DMA_Channel6_IRQHandler
                0x0800c498                SPI0_IRQHandler
                0x0800c498                I2C1_WKUP_IRQHandler
                0x0800c498                I2C2_ER_IRQHandler
                0x0800c498                DMA_Channel0_IRQHandler
                0x0800c498                USART1_IRQHandler
                0x0800c498                UART3_IRQHandler
                0x0800c498                I2C1_ER_IRQHandler
                0x0800c498                FMC_IRQHandler
                0x0800c498                SLCD_IRQHandler
                0x0800c498                I2C0_WKUP_IRQHandler
                0x0800c498                CMP0_IRQHandler
                0x0800c498                TRNG_IRQHandler
 *fill*         0x0800c49a        0x2 
 .text.vprintf  0x0800c49c       0x18 C:/Program Files (x86)/Arm GNU Toolchain arm-none-eabi/14.2 rel1/bin/../lib/gcc/arm-none-eabi/14.2.1/thumb/v8-m.base/nofp\libc.a(libc_a-vprintf.o)
                0x0800c49c                vprintf
 .text._vprintf_r
                0x0800c4b4       0x10 C:/Program Files (x86)/Arm GNU Toolchain arm-none-eabi/14.2 rel1/bin/../lib/gcc/arm-none-eabi/14.2.1/thumb/v8-m.base/nofp\libc.a(libc_a-vprintf.o)
                0x0800c4b4                _vprintf_r
 .text.memcmp   0x0800c4c4       0x44 C:/Program Files (x86)/Arm GNU Toolchain arm-none-eabi/14.2 rel1/bin/../lib/gcc/arm-none-eabi/14.2.1/thumb/v8-m.base/nofp\libc.a(libc_a-memcmp.o)
                0x0800c4c4                memcmp
 .text.memset   0x0800c508       0x8c C:/Program Files (x86)/Arm GNU Toolchain arm-none-eabi/14.2 rel1/bin/../lib/gcc/arm-none-eabi/14.2.1/thumb/v8-m.base/nofp\libc.a(libc_a-memset.o)
                0x0800c508                memset
 .text.strncpy  0x0800c594       0x60 C:/Program Files (x86)/Arm GNU Toolchain arm-none-eabi/14.2 rel1/bin/../lib/gcc/arm-none-eabi/14.2.1/thumb/v8-m.base/nofp\libc.a(libc_a-strncpy.o)
                0x0800c594                strncpy
 .text.__libc_init_array
                0x0800c5f4       0x50 C:/Program Files (x86)/Arm GNU Toolchain arm-none-eabi/14.2 rel1/bin/../lib/gcc/arm-none-eabi/14.2.1/thumb/v8-m.base/nofp\libc.a(libc_a-init.o)
                0x0800c5f4                __libc_init_array
 .text.memcpy   0x0800c644       0xa8 C:/Program Files (x86)/Arm GNU Toolchain arm-none-eabi/14.2 rel1/bin/../lib/gcc/arm-none-eabi/14.2.1/thumb/v8-m.base/nofp\libc.a(libc_a-memcpy-stub.o)
                0x0800c644                memcpy
 .text._vfprintf_r
                0x0800c6ec     0x2568 C:/Program Files (x86)/Arm GNU Toolchain arm-none-eabi/14.2 rel1/bin/../lib/gcc/arm-none-eabi/14.2.1/thumb/v8-m.base/nofp\libc.a(libc_a-vfprintf.o)
                0x0800c6ec                _vfprintf_r
 .text.vfprintf
                0x0800ec54       0x1c C:/Program Files (x86)/Arm GNU Toolchain arm-none-eabi/14.2 rel1/bin/../lib/gcc/arm-none-eabi/14.2.1/thumb/v8-m.base/nofp\libc.a(libc_a-vfprintf.o)
                0x0800ec54                vfprintf
 .text.__sbprintf
                0x0800ec70       0x8c C:/Program Files (x86)/Arm GNU Toolchain arm-none-eabi/14.2 rel1/bin/../lib/gcc/arm-none-eabi/14.2.1/thumb/v8-m.base/nofp\libc.a(libc_a-vfprintf.o)
 .text.__sprint_r
                0x0800ecfc       0x20 C:/Program Files (x86)/Arm GNU Toolchain arm-none-eabi/14.2 rel1/bin/../lib/gcc/arm-none-eabi/14.2.1/thumb/v8-m.base/nofp\libc.a(libc_a-sprint_r.o)
                0x0800ecfc                __sprint_r
 .text.__sflush_r
                0x0800ed1c      0x134 C:/Program Files (x86)/Arm GNU Toolchain arm-none-eabi/14.2 rel1/bin/../lib/gcc/arm-none-eabi/14.2.1/thumb/v8-m.base/nofp\libc.a(libc_a-fflush.o)
                0x0800ed1c                __sflush_r
 .text._fflush_r
                0x0800ee50       0x60 C:/Program Files (x86)/Arm GNU Toolchain arm-none-eabi/14.2 rel1/bin/../lib/gcc/arm-none-eabi/14.2.1/thumb/v8-m.base/nofp\libc.a(libc_a-fflush.o)
                0x0800ee50                _fflush_r
 .text.fflush   0x0800eeb0       0x80 C:/Program Files (x86)/Arm GNU Toolchain arm-none-eabi/14.2 rel1/bin/../lib/gcc/arm-none-eabi/14.2.1/thumb/v8-m.base/nofp\libc.a(libc_a-fflush.o)
                0x0800eeb0                fflush
 .text.stdio_exit_handler
                0x0800ef30       0x20 C:/Program Files (x86)/Arm GNU Toolchain arm-none-eabi/14.2 rel1/bin/../lib/gcc/arm-none-eabi/14.2.1/thumb/v8-m.base/nofp\libc.a(libc_a-findfp.o)
 .text.cleanup_stdio
                0x0800ef50       0x3c C:/Program Files (x86)/Arm GNU Toolchain arm-none-eabi/14.2 rel1/bin/../lib/gcc/arm-none-eabi/14.2.1/thumb/v8-m.base/nofp\libc.a(libc_a-findfp.o)
 .text.__fp_lock
                0x0800ef8c       0x1c C:/Program Files (x86)/Arm GNU Toolchain arm-none-eabi/14.2 rel1/bin/../lib/gcc/arm-none-eabi/14.2.1/thumb/v8-m.base/nofp\libc.a(libc_a-findfp.o)
 .text.__fp_unlock
                0x0800efa8       0x1c C:/Program Files (x86)/Arm GNU Toolchain arm-none-eabi/14.2 rel1/bin/../lib/gcc/arm-none-eabi/14.2.1/thumb/v8-m.base/nofp\libc.a(libc_a-findfp.o)
 .text.global_stdio_init.part.0
                0x0800efc4      0x128 C:/Program Files (x86)/Arm GNU Toolchain arm-none-eabi/14.2 rel1/bin/../lib/gcc/arm-none-eabi/14.2.1/thumb/v8-m.base/nofp\libc.a(libc_a-findfp.o)
 .text.__sfp    0x0800f0ec       0xcc C:/Program Files (x86)/Arm GNU Toolchain arm-none-eabi/14.2 rel1/bin/../lib/gcc/arm-none-eabi/14.2.1/thumb/v8-m.base/nofp\libc.a(libc_a-findfp.o)
                0x0800f0ec                __sfp
 .text.__sinit  0x0800f1b8       0x40 C:/Program Files (x86)/Arm GNU Toolchain arm-none-eabi/14.2 rel1/bin/../lib/gcc/arm-none-eabi/14.2.1/thumb/v8-m.base/nofp\libc.a(libc_a-findfp.o)
                0x0800f1b8                __sinit
 .text.__sfp_lock_acquire
                0x0800f1f8       0x10 C:/Program Files (x86)/Arm GNU Toolchain arm-none-eabi/14.2 rel1/bin/../lib/gcc/arm-none-eabi/14.2.1/thumb/v8-m.base/nofp\libc.a(libc_a-findfp.o)
                0x0800f1f8                __sfp_lock_acquire
 .text.__sfp_lock_release
                0x0800f208       0x10 C:/Program Files (x86)/Arm GNU Toolchain arm-none-eabi/14.2 rel1/bin/../lib/gcc/arm-none-eabi/14.2.1/thumb/v8-m.base/nofp\libc.a(libc_a-findfp.o)
                0x0800f208                __sfp_lock_release
 .text.__fp_lock_all
                0x0800f218       0x28 C:/Program Files (x86)/Arm GNU Toolchain arm-none-eabi/14.2 rel1/bin/../lib/gcc/arm-none-eabi/14.2.1/thumb/v8-m.base/nofp\libc.a(libc_a-findfp.o)
                0x0800f218                __fp_lock_all
 .text.__fp_unlock_all
                0x0800f240       0x28 C:/Program Files (x86)/Arm GNU Toolchain arm-none-eabi/14.2 rel1/bin/../lib/gcc/arm-none-eabi/14.2.1/thumb/v8-m.base/nofp\libc.a(libc_a-findfp.o)
                0x0800f240                __fp_unlock_all
 .text.__sfvwrite_r
                0x0800f268      0x2e4 C:/Program Files (x86)/Arm GNU Toolchain arm-none-eabi/14.2 rel1/bin/../lib/gcc/arm-none-eabi/14.2.1/thumb/v8-m.base/nofp\libc.a(libc_a-fvwrite.o)
                0x0800f268                __sfvwrite_r
 .text._fwalk_sglue
                0x0800f54c       0x44 C:/Program Files (x86)/Arm GNU Toolchain arm-none-eabi/14.2 rel1/bin/../lib/gcc/arm-none-eabi/14.2.1/thumb/v8-m.base/nofp\libc.a(libc_a-fwalk.o)
                0x0800f54c                _fwalk_sglue
 .text.__sread  0x0800f590       0x28 C:/Program Files (x86)/Arm GNU Toolchain arm-none-eabi/14.2 rel1/bin/../lib/gcc/arm-none-eabi/14.2.1/thumb/v8-m.base/nofp\libc.a(libc_a-stdio.o)
                0x0800f590                __sread
 .text.__seofread
                0x0800f5b8        0x4 C:/Program Files (x86)/Arm GNU Toolchain arm-none-eabi/14.2 rel1/bin/../lib/gcc/arm-none-eabi/14.2.1/thumb/v8-m.base/nofp\libc.a(libc_a-stdio.o)
                0x0800f5b8                __seofread
 .text.__swrite
                0x0800f5bc       0x40 C:/Program Files (x86)/Arm GNU Toolchain arm-none-eabi/14.2 rel1/bin/../lib/gcc/arm-none-eabi/14.2.1/thumb/v8-m.base/nofp\libc.a(libc_a-stdio.o)
                0x0800f5bc                __swrite
 .text.__sseek  0x0800f5fc       0x2c C:/Program Files (x86)/Arm GNU Toolchain arm-none-eabi/14.2 rel1/bin/../lib/gcc/arm-none-eabi/14.2.1/thumb/v8-m.base/nofp\libc.a(libc_a-stdio.o)
                0x0800f5fc                __sseek
 .text.__sclose
                0x0800f628        0xc C:/Program Files (x86)/Arm GNU Toolchain arm-none-eabi/14.2 rel1/bin/../lib/gcc/arm-none-eabi/14.2.1/thumb/v8-m.base/nofp\libc.a(libc_a-stdio.o)
                0x0800f628                __sclose
 .text.__swsetup_r
                0x0800f634       0xf4 C:/Program Files (x86)/Arm GNU Toolchain arm-none-eabi/14.2 rel1/bin/../lib/gcc/arm-none-eabi/14.2.1/thumb/v8-m.base/nofp\libc.a(libc_a-wsetup.o)
                0x0800f634                __swsetup_r
 .text.memmove  0x0800f728       0xc4 C:/Program Files (x86)/Arm GNU Toolchain arm-none-eabi/14.2 rel1/bin/../lib/gcc/arm-none-eabi/14.2.1/thumb/v8-m.base/nofp\libc.a(libc_a-memmove.o)
                0x0800f728                memmove
 .text.currentlocale
                0x0800f7ec       0x64 C:/Program Files (x86)/Arm GNU Toolchain arm-none-eabi/14.2 rel1/bin/../lib/gcc/arm-none-eabi/14.2.1/thumb/v8-m.base/nofp\libc.a(libc_a-locale.o)
 .text.__loadlocale
                0x0800f850      0x61c C:/Program Files (x86)/Arm GNU Toolchain arm-none-eabi/14.2 rel1/bin/../lib/gcc/arm-none-eabi/14.2.1/thumb/v8-m.base/nofp\libc.a(libc_a-locale.o)
                0x0800f850                __loadlocale
 .text.__get_locale_env
                0x0800fe6c       0x50 C:/Program Files (x86)/Arm GNU Toolchain arm-none-eabi/14.2 rel1/bin/../lib/gcc/arm-none-eabi/14.2.1/thumb/v8-m.base/nofp\libc.a(libc_a-locale.o)
                0x0800fe6c                __get_locale_env
 .text._setlocale_r
                0x0800febc      0x250 C:/Program Files (x86)/Arm GNU Toolchain arm-none-eabi/14.2 rel1/bin/../lib/gcc/arm-none-eabi/14.2.1/thumb/v8-m.base/nofp\libc.a(libc_a-locale.o)
                0x0800febc                _setlocale_r
 .text.__locale_mb_cur_max
                0x0801010c       0x10 C:/Program Files (x86)/Arm GNU Toolchain arm-none-eabi/14.2 rel1/bin/../lib/gcc/arm-none-eabi/14.2.1/thumb/v8-m.base/nofp\libc.a(libc_a-locale.o)
                0x0801010c                __locale_mb_cur_max
 .text.setlocale
                0x0801011c       0x18 C:/Program Files (x86)/Arm GNU Toolchain arm-none-eabi/14.2 rel1/bin/../lib/gcc/arm-none-eabi/14.2.1/thumb/v8-m.base/nofp\libc.a(libc_a-locale.o)
                0x0801011c                setlocale
 .text.__localeconv_l
                0x08010134        0x4 C:/Program Files (x86)/Arm GNU Toolchain arm-none-eabi/14.2 rel1/bin/../lib/gcc/arm-none-eabi/14.2.1/thumb/v8-m.base/nofp\libc.a(libc_a-localeconv.o)
                0x08010134                __localeconv_l
 .text._localeconv_r
                0x08010138        0x8 C:/Program Files (x86)/Arm GNU Toolchain arm-none-eabi/14.2 rel1/bin/../lib/gcc/arm-none-eabi/14.2.1/thumb/v8-m.base/nofp\libc.a(libc_a-localeconv.o)
                0x08010138                _localeconv_r
 .text.localeconv
                0x08010140        0x8 C:/Program Files (x86)/Arm GNU Toolchain arm-none-eabi/14.2 rel1/bin/../lib/gcc/arm-none-eabi/14.2.1/thumb/v8-m.base/nofp\libc.a(libc_a-localeconv.o)
                0x08010140                localeconv
 .text._close_r
                0x08010148       0x28 C:/Program Files (x86)/Arm GNU Toolchain arm-none-eabi/14.2 rel1/bin/../lib/gcc/arm-none-eabi/14.2.1/thumb/v8-m.base/nofp\libc.a(libc_a-closer.o)
                0x08010148                _close_r
 .text._reclaim_reent
                0x08010170       0x68 C:/Program Files (x86)/Arm GNU Toolchain arm-none-eabi/14.2 rel1/bin/../lib/gcc/arm-none-eabi/14.2.1/thumb/v8-m.base/nofp\libc.a(libc_a-reent.o)
                0x08010170                _reclaim_reent
 .text._lseek_r
                0x080101d8       0x2c C:/Program Files (x86)/Arm GNU Toolchain arm-none-eabi/14.2 rel1/bin/../lib/gcc/arm-none-eabi/14.2.1/thumb/v8-m.base/nofp\libc.a(libc_a-lseekr.o)
                0x080101d8                _lseek_r
 .text._read_r  0x08010204       0x2c C:/Program Files (x86)/Arm GNU Toolchain arm-none-eabi/14.2 rel1/bin/../lib/gcc/arm-none-eabi/14.2.1/thumb/v8-m.base/nofp\libc.a(libc_a-readr.o)
                0x08010204                _read_r
 .text._write_r
                0x08010230       0x2c C:/Program Files (x86)/Arm GNU Toolchain arm-none-eabi/14.2 rel1/bin/../lib/gcc/arm-none-eabi/14.2.1/thumb/v8-m.base/nofp\libc.a(libc_a-writer.o)
                0x08010230                _write_r
 .text.__retarget_lock_init
                0x0801025c        0x4 C:/Program Files (x86)/Arm GNU Toolchain arm-none-eabi/14.2 rel1/bin/../lib/gcc/arm-none-eabi/14.2.1/thumb/v8-m.base/nofp\libc.a(libc_a-lock.o)
                0x0801025c                __retarget_lock_init
 .text.__retarget_lock_init_recursive
                0x08010260        0x4 C:/Program Files (x86)/Arm GNU Toolchain arm-none-eabi/14.2 rel1/bin/../lib/gcc/arm-none-eabi/14.2.1/thumb/v8-m.base/nofp\libc.a(libc_a-lock.o)
                0x08010260                __retarget_lock_init_recursive
 .text.__retarget_lock_close
                0x08010264        0x4 C:/Program Files (x86)/Arm GNU Toolchain arm-none-eabi/14.2 rel1/bin/../lib/gcc/arm-none-eabi/14.2.1/thumb/v8-m.base/nofp\libc.a(libc_a-lock.o)
                0x08010264                __retarget_lock_close
 .text.__retarget_lock_close_recursive
                0x08010268        0x4 C:/Program Files (x86)/Arm GNU Toolchain arm-none-eabi/14.2 rel1/bin/../lib/gcc/arm-none-eabi/14.2.1/thumb/v8-m.base/nofp\libc.a(libc_a-lock.o)
                0x08010268                __retarget_lock_close_recursive
 .text.__retarget_lock_acquire
                0x0801026c        0x4 C:/Program Files (x86)/Arm GNU Toolchain arm-none-eabi/14.2 rel1/bin/../lib/gcc/arm-none-eabi/14.2.1/thumb/v8-m.base/nofp\libc.a(libc_a-lock.o)
                0x0801026c                __retarget_lock_acquire
 .text.__retarget_lock_acquire_recursive
                0x08010270        0x4 C:/Program Files (x86)/Arm GNU Toolchain arm-none-eabi/14.2 rel1/bin/../lib/gcc/arm-none-eabi/14.2.1/thumb/v8-m.base/nofp\libc.a(libc_a-lock.o)
                0x08010270                __retarget_lock_acquire_recursive
 .text.__retarget_lock_try_acquire
                0x08010274        0x4 C:/Program Files (x86)/Arm GNU Toolchain arm-none-eabi/14.2 rel1/bin/../lib/gcc/arm-none-eabi/14.2.1/thumb/v8-m.base/nofp\libc.a(libc_a-lock.o)
                0x08010274                __retarget_lock_try_acquire
 .text.__retarget_lock_try_acquire_recursive
                0x08010278        0x4 C:/Program Files (x86)/Arm GNU Toolchain arm-none-eabi/14.2 rel1/bin/../lib/gcc/arm-none-eabi/14.2.1/thumb/v8-m.base/nofp\libc.a(libc_a-lock.o)
                0x08010278                __retarget_lock_try_acquire_recursive
 .text.__retarget_lock_release
                0x0801027c        0x4 C:/Program Files (x86)/Arm GNU Toolchain arm-none-eabi/14.2 rel1/bin/../lib/gcc/arm-none-eabi/14.2.1/thumb/v8-m.base/nofp\libc.a(libc_a-lock.o)
                0x0801027c                __retarget_lock_release
 .text.__retarget_lock_release_recursive
                0x08010280        0x4 C:/Program Files (x86)/Arm GNU Toolchain arm-none-eabi/14.2 rel1/bin/../lib/gcc/arm-none-eabi/14.2.1/thumb/v8-m.base/nofp\libc.a(libc_a-lock.o)
                0x08010280                __retarget_lock_release_recursive
 .text.strcpy   0x08010284       0x10 C:/Program Files (x86)/Arm GNU Toolchain arm-none-eabi/14.2 rel1/bin/../lib/gcc/arm-none-eabi/14.2.1/thumb/v8-m.base/nofp\libc.a(libc_a-strcpy.o)
                0x08010284                strcpy
 .text.memchr   0x08010294       0x80 C:/Program Files (x86)/Arm GNU Toolchain arm-none-eabi/14.2 rel1/bin/../lib/gcc/arm-none-eabi/14.2.1/thumb/v8-m.base/nofp\libc.a(libc_a-memchr-stub.o)
                0x08010294                memchr
 .text.strlen   0x08010314       0x58 C:/Program Files (x86)/Arm GNU Toolchain arm-none-eabi/14.2 rel1/bin/../lib/gcc/arm-none-eabi/14.2.1/thumb/v8-m.base/nofp\libc.a(libc_a-strlen-stub.o)
                0x08010314                strlen
 .text.frexp    0x0801036c       0x6c C:/Program Files (x86)/Arm GNU Toolchain arm-none-eabi/14.2 rel1/bin/../lib/gcc/arm-none-eabi/14.2.1/thumb/v8-m.base/nofp\libc.a(libm_a-s_frexp.o)
                0x0801036c                frexp
 .text.quorem   0x080103d8      0x154 C:/Program Files (x86)/Arm GNU Toolchain arm-none-eabi/14.2 rel1/bin/../lib/gcc/arm-none-eabi/14.2.1/thumb/v8-m.base/nofp\libc.a(libc_a-dtoa.o)
 .text._dtoa_r  0x0801052c     0x1170 C:/Program Files (x86)/Arm GNU Toolchain arm-none-eabi/14.2 rel1/bin/../lib/gcc/arm-none-eabi/14.2.1/thumb/v8-m.base/nofp\libc.a(libc_a-dtoa.o)
                0x0801052c                _dtoa_r
 .text._malloc_trim_r
                0x0801169c       0xc4 C:/Program Files (x86)/Arm GNU Toolchain arm-none-eabi/14.2 rel1/bin/../lib/gcc/arm-none-eabi/14.2.1/thumb/v8-m.base/nofp\libc.a(libc_a-freer.o)
                0x0801169c                _malloc_trim_r