Archive member included to satisfy reference by file (symbol)

C:/Program Files (x86)/Arm GNU Toolchain arm-none-eabi/14.2 rel1/bin/../lib/gcc/arm-none-eabi/14.2.1/thumb/v7-m/nofp\libc.a(libc_a-snprintf.o)
                              build_maincore/obj/maincore/hal/maincore_oled.o (snprintf)
C:/Program Files (x86)/Arm GNU Toolchain arm-none-eabi/14.2 rel1/bin/../lib/gcc/arm-none-eabi/14.2.1/thumb/v7-m/nofp\libc.a(libc_a-memset.o)
                              build_maincore/obj/shared/protocol.o (memset)
C:/Program Files (x86)/Arm GNU Toolchain arm-none-eabi/14.2 rel1/bin/../lib/gcc/arm-none-eabi/14.2.1/thumb/v7-m/nofp\libc.a(libc_a-impure.o)
                              C:/Program Files (x86)/Arm GNU Toolchain arm-none-eabi/14.2 rel1/bin/../lib/gcc/arm-none-eabi/14.2.1/thumb/v7-m/nofp\libc.a(libc_a-snprintf.o) (_impure_ptr)
C:/Program Files (x86)/Arm GNU Toolchain arm-none-eabi/14.2 rel1/bin/../lib/gcc/arm-none-eabi/14.2.1/thumb/v7-m/nofp\libc.a(libc_a-init.o)
                              build_maincore/obj/maincore/startup/startup_stm32f103_md.o (__libc_init_array)
C:/Program Files (x86)/Arm GNU Toolchain arm-none-eabi/14.2 rel1/bin/../lib/gcc/arm-none-eabi/14.2.1/thumb/v7-m/nofp\libc.a(libc_a-memcpy.o)
                              build_maincore/obj/shared/protocol.o (memcpy)
C:/Program Files (x86)/Arm GNU Toolchain arm-none-eabi/14.2 rel1/bin/../lib/gcc/arm-none-eabi/14.2.1/thumb/v7-m/nofp\libc.a(libc_a-svfprintf.o)
                              C:/Program Files (x86)/Arm GNU Toolchain arm-none-eabi/14.2 rel1/bin/../lib/gcc/arm-none-eabi/14.2.1/thumb/v7-m/nofp\libc.a(libc_a-snprintf.o) (_svfprintf_r)
C:/Program Files (x86)/Arm GNU Toolchain arm-none-eabi/14.2 rel1/bin/../lib/gcc/arm-none-eabi/14.2.1/thumb/v7-m/nofp\libc.a(libc_a-ssprint_r.o)
                              C:/Program Files (x86)/Arm GNU Toolchain arm-none-eabi/14.2 rel1/bin/../lib/gcc/arm-none-eabi/14.2.1/thumb/v7-m/nofp\libc.a(libc_a-svfprintf.o) (__ssprint_r)
C:/Program Files (x86)/Arm GNU Toolchain arm-none-eabi/14.2 rel1/bin/../lib/gcc/arm-none-eabi/14.2.1/thumb/v7-m/nofp\libc.a(libc_a-findfp.o)
                              C:/Program Files (x86)/Arm GNU Toolchain arm-none-eabi/14.2 rel1/bin/../lib/gcc/arm-none-eabi/14.2.1/thumb/v7-m/nofp\libc.a(libc_a-impure.o) (__sf)
C:/Program Files (x86)/Arm GNU Toolchain arm-none-eabi/14.2 rel1/bin/../lib/gcc/arm-none-eabi/14.2.1/thumb/v7-m/nofp\libc.a(libc_a-fwalk.o)
                              C:/Program Files (x86)/Arm GNU Toolchain arm-none-eabi/14.2 rel1/bin/../lib/gcc/arm-none-eabi/14.2.1/thumb/v7-m/nofp\libc.a(libc_a-findfp.o) (_fwalk_sglue)
C:/Program Files (x86)/Arm GNU Toolchain arm-none-eabi/14.2 rel1/bin/../lib/gcc/arm-none-eabi/14.2.1/thumb/v7-m/nofp\libc.a(libc_a-stdio.o)
                              C:/Program Files (x86)/Arm GNU Toolchain arm-none-eabi/14.2 rel1/bin/../lib/gcc/arm-none-eabi/14.2.1/thumb/v7-m/nofp\libc.a(libc_a-findfp.o) (__sread)
C:/Program Files (x86)/Arm GNU Toolchain arm-none-eabi/14.2 rel1/bin/../lib/gcc/arm-none-eabi/14.2.1/thumb/v7-m/nofp\libc.a(libc_a-strncpy.o)
                              C:/Program Files (x86)/Arm GNU Toolchain arm-none-eabi/14.2 rel1/bin/../lib/gcc/arm-none-eabi/14.2.1/thumb/v7-m/nofp\libc.a(libc_a-svfprintf.o) (strncpy)
C:/Program Files (x86)/Arm GNU Toolchain arm-none-eabi/14.2 rel1/bin/../lib/gcc/arm-none-eabi/14.2.1/thumb/v7-m/nofp\libc.a(libc_a-locale.o)
                              C:/Program Files (x86)/Arm GNU Toolchain arm-none-eabi/14.2 rel1/bin/../lib/gcc/arm-none-eabi/14.2.1/thumb/v7-m/nofp\libc.a(libc_a-svfprintf.o) (__global_locale)
C:/Program Files (x86)/Arm GNU Toolchain arm-none-eabi/14.2 rel1/bin/../lib/gcc/arm-none-eabi/14.2.1/thumb/v7-m/nofp\libc.a(libc_a-localeconv.o)
                              C:/Program Files (x86)/Arm GNU Toolchain arm-none-eabi/14.2 rel1/bin/../lib/gcc/arm-none-eabi/14.2.1/thumb/v7-m/nofp\libc.a(libc_a-svfprintf.o) (_localeconv_r)
C:/Program Files (x86)/Arm GNU Toolchain arm-none-eabi/14.2 rel1/bin/../lib/gcc/arm-none-eabi/14.2.1/thumb/v7-m/nofp\libc.a(libc_a-closer.o)
                              C:/Program Files (x86)/Arm GNU Toolchain arm-none-eabi/14.2 rel1/bin/../lib/gcc/arm-none-eabi/14.2.1/thumb/v7-m/nofp\libc.a(libc_a-stdio.o) (_close_r)
C:/Program Files (x86)/Arm GNU Toolchain arm-none-eabi/14.2 rel1/bin/../lib/gcc/arm-none-eabi/14.2.1/thumb/v7-m/nofp\libc.a(libc_a-reent.o)
                              C:/Program Files (x86)/Arm GNU Toolchain arm-none-eabi/14.2 rel1/bin/../lib/gcc/arm-none-eabi/14.2.1/thumb/v7-m/nofp\libc.a(libc_a-closer.o) (errno)
C:/Program Files (x86)/Arm GNU Toolchain arm-none-eabi/14.2 rel1/bin/../lib/gcc/arm-none-eabi/14.2.1/thumb/v7-m/nofp\libc.a(libc_a-lseekr.o)
                              C:/Program Files (x86)/Arm GNU Toolchain arm-none-eabi/14.2 rel1/bin/../lib/gcc/arm-none-eabi/14.2.1/thumb/v7-m/nofp\libc.a(libc_a-stdio.o) (_lseek_r)
[...]
Memory Configuration

Name             Origin             Length             Attributes
FLASH            0x08000000         0x00010000         xr
RAM              0x20000000         0x00005000         xrw
*default*        0x00000000         0xffffffff

Linker script and memory map

LOAD build_maincore/obj/shared/protocol.o
LOAD build_maincore/obj/shared/crt_stubs.o
LOAD build_maincore/obj/maincore/hal/maincore_system.o
LOAD build_maincore/obj/maincore/hal/maincore_i2c.o
LOAD build_maincore/obj/maincore/hal/maincore_oled.o
LOAD build_maincore/obj/maincore/hal/maincore_vibrate.o
LOAD build_maincore/obj/maincore/app/maincore_alarm.o
LOAD build_maincore/obj/maincore/startup/maincore_main.o
LOAD build_maincore/obj/maincore/startup/stm32f10x_it.o
LOAD build_maincore/obj/maincore/startup/system_stm32f10x.o
LOAD build_maincore/obj/maincore/startup/startup_stm32f103_md.o
LOAD C:/Program Files (x86)/Arm GNU Toolchain arm-none-eabi/14.2 rel1/bin/../lib/gcc/arm-none-eabi/14.2.1/thumb/v7-m/nofp\libc.a
LOAD C:/Program Files (x86)/Arm GNU Toolchain arm-none-eabi/14.2 rel1/bin/../lib/gcc/arm-none-eabi/14.2.1/thumb/v7-m/nofp\libm.a
LOAD C:/Program Files (x86)/Arm GNU Toolchain arm-none-eabi/14.2 rel1/bin/../lib/gcc/arm-none-eabi/14.2.1/thumb/v7-m/nofp\libnosys.a
START GROUP
LOAD C:/Program Files (x86)/Arm GNU Toolchain arm-none-eabi/14.2 rel1/bin/../lib/gcc/arm-none-eabi/14.2.1/thumb/v7-m/nofp\libgcc.a
LOAD C:/Program Files (x86)/Arm GNU Toolchain arm-none-eabi/14.2 rel1/bin/../lib/gcc/arm-none-eabi/14.2.1/thumb/v7-m/nofp\libc.a
END GROUP
                0x20005000                        _estack = (ORIGIN (RAM) + LENGTH (RAM))
                0x00000400                        __stack_size = DEFINED (__stack_size)?__stack_size:0x400
                0x00000200                        __heap_size = DEFINED (__heap_size)?__heap_size:0x200

.isr_vector     0x08000000      0x10c
                0x08000000                        . = ALIGN (0x4)
 *(.isr_vector)
 .isr_vector    0x08000000      0x10c build_maincore/obj/maincore/startup/startup_stm32f103_md.o
                0x08000000                g_pfnVectors
                0x0800010c                        . = ALIGN (0x4)

.text           0x08000110     0xa558
                0x08000110                        . = ALIGN (0x4)
 *(.text)
 .text          0x08000110      0x174 build_maincore/obj/shared/protocol.o
                0x08000110                Protocol_CalcChecksum
                0x08000142                Protocol_PackFrame
                0x0800018c                Protocol_UnpackFrame
                0x080001f0                Protocol_CmdName
 .text          0x08000284        0x4 build_maincore/obj/shared/crt_stubs.o
                0x08000284                _init
                0x08000286                _fini
 .text          0x08000288       0xe0 build_maincore/obj/maincore/hal/maincore_system.o
                0x08000288                MainCore_ClockInit
                0x080002ec                MainCore_GpioInit
                0x080002fc                MainCore_SysTickInit
                0x0800031c                MainCore_DelayMs
                0x08000334                MainCore_GetUptimeMs
                0x08000340                MainCore_SoftReset
                0x08000358                MainCore_SysTickHandler
 .text          0x08000368      0x2e4 build_maincore/obj/maincore/hal/maincore_i2c.o
                0x08000394                MainCore_I2cInit
                0x08000400                MainCore_I2cTransfer
                0x08000560                MainCore_I2cSendOnly
                0x08000568                MainCore_I2cSendFrame
                0x080005ce                MainCore_I2cReadSubStatus
                0x08000610                MainCore_I2cRequestSleep
 .text          0x0800064c      0x2a0 build_maincore/obj/maincore/hal/maincore_oled.o
                0x080006b4                MainCore_OledClear
                0x080006dc                MainCore_OledInit
                0x080007e8                MainCore_OledSetPage
                0x080007ea                MainCore_OledShowNormal
                0x08000890                MainCore_OledShowAlarm
                0x080008bc                MainCore_OledShowSleeping
                0x080008e8                MainCore_OledSleep
 .text          0x080008ec       0xe0 build_maincore/obj/maincore/hal/maincore_vibrate.o
                0x080008ec                MainCore_VibrateInit
                0x0800094c                MainCore_VibrateSet
                0x08000974                MainCore_VibratePulse
                0x080009ba                MainCore_VibrateStop
                0x080009c0                MainCore_IsVibrating
 .text          0x080009cc      0x154 build_maincore/obj/maincore/app/maincore_alarm.o
                0x08000a00                MainCore_AlarmInit
                0x08000a14                MainCore_AlarmProcess
                0x08000b04                MainCore_GetState
                0x08000b10                MainCore_OnKeyPress
 .text          0x08000b20        0x0 build_maincore/obj/maincore/startup/maincore_main.o
 .text          0x08000b20       0x30 build_maincore/obj/maincore/startup/stm32f10x_it.o
                0x08000b20                SysTick_Handler
                0x08000b24                EXTI1_IRQHandler
                0x08000b3c                NMI_Handler
                0x08000b40                HardFault_Handler
                0x08000b44                MemManage_Handler
                0x08000b48                BusFault_Handler
                0x08000b4c                UsageFault_Handler
 .text          0x08000b50       0x20 build_maincore/obj/maincore/startup/system_stm32f10x.o
                0x08000b50                SystemInit
                0x08000b60                SystemCoreClockUpdate
 .text          0x08000b70       0x14 build_maincore/obj/maincore/startup/startup_stm32f103_md.o
 .text          0x08000b84        0x0 C:/Program Files (x86)/Arm GNU Toolchain arm-none-eabi/14.2 rel1/bin/../lib/gcc/arm-none-eabi/14.2.1/thumb/v7-m/nofp\libc.a(libc_a-snprintf.o)
 .text          0x08000b84        0x0 C:/Program Files (x86)/Arm GNU Toolchain arm-none-eabi/14.2 rel1/bin/../lib/gcc/arm-none-eabi/14.2.1/thumb/v7-m/nofp\libc.a(libc_a-memset.o)
 .text          0x08000b84        0x0 C:/Program Files (x86)/Arm GNU Toolchain arm-none-eabi/14.2 rel1/bin/../lib/gcc/arm-none-eabi/14.2.1/thumb/v7-m/nofp\libc.a(libc_a-impure.o)
 .text          0x08000b84        0x0 C:/Program Files (x86)/Arm GNU Toolchain arm-none-eabi/14.2 rel1/bin/../lib/gcc/arm-none-eabi/14.2.1/thumb/v7-m/nofp\libc.a(libc_a-init.o)
 .text          0x08000b84       0xec C:/Program Files (x86)/Arm GNU Toolchain arm-none-eabi/14.2 rel1/bin/../lib/gcc/arm-none-eabi/14.2.1/thumb/v7-m/nofp\libc.a(libc_a-memcpy.o)
                0x08000b84                memcpy
 .text          0x08000c70        0x0 C:/Program Files (x86)/Arm GNU Toolchain arm-none-eabi/14.2 rel1/bin/../lib/gcc/arm-none-eabi/14.2.1/thumb/v7-m/nofp\libc.a(libc_a-svfprintf.o)
 .text          0x08000c70        0x0 C:/Program Files (x86)/Arm GNU Toolchain arm-none-eabi/14.2 rel1/bin/../lib/gcc/arm-none-eabi/14.2.1/thumb/v7-m/nofp\libc.a(libc_a-ssprint_r.o)
 .text          0x08000c70        0x0 C:/Program Files (x86)/Arm GNU Toolchain arm-none-eabi/14.2 rel1/bin/../lib/gcc/arm-none-eabi/14.2.1/thumb/v7-m/nofp\libc.a(libc_a-findfp.o)
 .text          0x08000c70        0x0 C:/Program Files (x86)/Arm GNU Toolchain arm-none-eabi/14.2 rel1/bin/../lib/gcc/arm-none-eabi/14.2.1/thumb/v7-m/nofp\libc.a(libc_a-fwalk.o)
 .text          0x08000c70        0x0 C:/Program Files (x86)/Arm GNU Toolchain arm-none-eabi/14.2 rel1/bin/../lib/gcc/arm-none-eabi/14.2.1/thumb/v7-m/nofp\libc.a(libc_a-stdio.o)
 .text          0x08000c70        0x0 C:/Program Files (x86)/Arm GNU Toolchain arm-none-eabi/14.2 rel1/bin/../lib/gcc/arm-none-eabi/14.2.1/thumb/v7-m/nofp\libc.a(libc_a-strncpy.o)
 .text          0x08000c70        0x0 C:/Program Files (x86)/Arm GNU Toolchain arm-none-eabi/14.2 rel1/bin/../lib/gcc/arm-none-eabi/14.2.1/thumb/v7-m/nofp\libc.a(libc_a-locale.o)
 .text          0x08000c70        0x0 C:/Program Files (x86)/Arm GNU Toolchain arm-none-eabi/14.2 rel1/bin/../lib/gcc/arm-none-eabi/14.2.1/thumb/v7-m/nofp\libc.a(libc_a-localeconv.o)
 .text          0x08000c70        0x0 C:/Program Files (x86)/Arm GNU Toolchain arm-none-eabi/14.2 rel1/bin/../lib/gcc/arm-none-eabi/14.2.1/thumb/v7-m/nofp\libc.a(libc_a-closer.o)
 .text          0x08000c70        0x0 C:/Program Files (x86)/Arm GNU Toolchain arm-none-eabi/14.2 rel1/bin/../lib/gcc/arm-none-eabi/14.2.1/thumb/v7-m/nofp\libc.a(libc_a-reent.o)
 .text          0x08000c70        0x0 C:/Program Files (x86)/Arm GNU Toolchain arm-none-eabi/14.2 rel1/bin/../lib/gcc/arm-none-eabi/14.2.1/thumb/v7-m/nofp\libc.a(libc_a-lseekr.o)
 .text          0x08000c70        0x0 C:/Program Files (x86)/Arm GNU Toolchain arm-none-eabi/14.2 rel1/bin/../lib/gcc/arm-none-eabi/14.2.1/thumb/v7-m/nofp\libc.a(libc_a-readr.o)
 .text          0x08000c70        0x0 C:/Program Files (x86)/Arm GNU Toolchain arm-none-eabi/14.2 rel1/bin/../lib/gcc/arm-none-eabi/14.2.1/thumb/v7-m/nofp\libc.a(libc_a-writer.o)
 .text          0x08000c70        0x0 C:/Program Files (x86)/Arm GNU Toolchain arm-none-eabi/14.2 rel1/bin/../lib/gcc/arm-none-eabi/14.2.1/thumb/v7-m/nofp\libc.a(libc_a-lock.o)
 .text          0x08000c70      0x1bc C:/Program Files (x86)/Arm GNU Toolchain arm-none-eabi/14.2 rel1/bin/../lib/gcc/arm-none-eabi/14.2.1/thumb/v7-m/nofp\libc.a(libc_a-strcmp.o)
                0x08000c70                strcmp
 .text          0x08000e2c        0x0 C:/Program Files (x86)/Arm GNU Toolchain arm-none-eabi/14.2 rel1/bin/../lib/gcc/arm-none-eabi/14.2.1/thumb/v7-m/nofp\libc.a(libc_a-strcpy.o)
 .text          0x08000e2c        0x0 C:/Program Files (x86)/Arm GNU Toolchain arm-none-eabi/14.2 rel1/bin/../lib/gcc/arm-none-eabi/14.2.1/thumb/v7-m/nofp\libc.a(libc_a-memchr-stub.o)
 .text          0x08000e2c        0x0 C:/Program Files (x86)/Arm GNU Toolchain arm-none-eabi/14.2 rel1/bin/../lib/gcc/arm-none-eabi/14.2.1/thumb/v7-m/nofp\libc.a(libc_a-strlen-stub.o)
 .text          0x08000e2c        0x0 C:/Program Files (x86)/Arm GNU Toolchain arm-none-eabi/14.2 rel1/bin/../lib/gcc/arm-none-eabi/14.2.1/thumb/v7-m/nofp\libc.a(libm_a-s_frexp.o)
 .text          0x08000e2c        0x0 C:/Program Files (x86)/Arm GNU Toolchain arm-none-eabi/14.2 rel1/bin/../lib/gcc/arm-none-eabi/14.2.1/thumb/v7-m/nofp\libc.a(libc_a-dtoa.o)
 .text          0x08000e2c        0x0 C:/Program Files (x86)/Arm GNU Toolchain arm-none-eabi/14.2 rel1/bin/../lib/gcc/arm-none-eabi/14.2.1/thumb/v7-m/nofp\libc.a(libc_a-freer.o)
 .text          0x08000e2c        0x0 C:/Program Files (x86)/Arm GNU Toolchain arm-none-eabi/14.2 rel1/bin/../lib/gcc/arm-none-eabi/14.2.1/thumb/v7-m/nofp\libc.a(libc_a-getenv_r.o)
 .text          0x08000e2c        0x0 C:/Program Files (x86)/Arm GNU Toolchain arm-none-eabi/14.2 rel1/bin/../lib/gcc/arm-none-eabi/14.2.1/thumb/v7-m/nofp\libc.a(libc_a-mallocr.o)
 .text          0x08000e2c        0x0 C:/Program Files (x86)/Arm GNU Toolchain arm-none-eabi/14.2 rel1/bin/../lib/gcc/arm-none-eabi/14.2.1/thumb/v7-m/nofp\libc.a(libc_a-mbtowc_r.o)
 .text          0x08000e2c        0x0 C:/Program Files (x86)/Arm GNU Toolchain arm-none-eabi/14.2 rel1/bin/../lib/gcc/arm-none-eabi/14.2.1/thumb/v7-m/nofp\libc.a(libc_a-mlock.o)
 .text          0x08000e2c        0x0 C:/Program Files (x86)/Arm GNU Toolchain arm-none-eabi/14.2 rel1/bin/../lib/gcc/arm-none-eabi/14.2.1/thumb/v7-m/nofp\libc.a(libc_a-mprec.o)
 .text          0x08000e2c        0x0 C:/Program Files (x86)/Arm GNU Toolchain arm-none-eabi/14.2 rel1/bin/../lib/gcc/arm-none-eabi/14.2.1/thumb/v7-m/nofp\libc.a(libc_a-strtol.o)
 .text          0x08000e2c        0x0 C:/Program Files (x86)/Arm GNU Toolchain arm-none-eabi/14.2 rel1/bin/../lib/gcc/arm-none-eabi/14.2.1/thumb/v7-m/nofp\libc.a(libc_a-wctomb_r.o)
 .text          0x08000e2c        0x0 C:/Program Files (x86)/Arm GNU Toolchain arm-none-eabi/14.2 rel1/bin/../lib/gcc/arm-none-eabi/14.2.1/thumb/v7-m/nofp\libc.a(libc_a-wcrtomb.o)
 .text          0x08000e2c        0x0 C:/Program Files (x86)/Arm GNU Toolchain arm-none-eabi/14.2 rel1/bin/../lib/gcc/arm-none-eabi/14.2.1/thumb/v7-m/nofp\libc.a(libc_a-wcsrtombs.o)
 .text          0x08000e2c        0x0 C:/Program Files (x86)/Arm GNU Toolchain arm-none-eabi/14.2 rel1/bin/../lib/gcc/arm-none-eabi/14.2.1/thumb/v7-m/nofp\libc.a(libc_a-ctype_.o)
 .text          0x08000e2c        0x0 C:/Program Files (x86)/Arm GNU Toolchain arm-none-eabi/14.2 rel1/bin/../lib/gcc/arm-none-eabi/14.2.1/thumb/v7-m/nofp\libc.a(libc_a-ssputs_r.o)
 .text          0x08000e2c        0x0 C:/Program Files (x86)/Arm GNU Toolchain arm-none-eabi/14.2 rel1/bin/../lib/gcc/arm-none-eabi/14.2.1/thumb/v7-m/nofp\libc.a(libc_a-fclose.o)
 .text          0x08000e2c        0x0 C:/Program Files (x86)/Arm GNU Toolchain arm-none-eabi/14.2 rel1/bin/../lib/gcc/arm-none-eabi/14.2.1/thumb/v7-m/nofp\libc.a(libc_a-fflush.o)
 .text          0x08000e2c        0x0 C:/Program Files (x86)/Arm GNU Toolchain arm-none-eabi/14.2 rel1/bin/../lib/gcc/arm-none-eabi/14.2.1/thumb/v7-m/nofp\libc.a(libc_a-memmove.o)
 .text          0x08000e2c        0x0 C:/Program Files (x86)/Arm GNU Toolchain arm-none-eabi/14.2 rel1/bin/../lib/gcc/arm-none-eabi/14.2.1/thumb/v7-m/nofp\libc.a(libc_a-strcasecmp.o)
 .text          0x08000e2c        0x0 C:/Program Files (x86)/Arm GNU Toolchain arm-none-eabi/14.2 rel1/bin/../lib/gcc/arm-none-eabi/14.2.1/thumb/v7-m/nofp\libc.a(libc_a-strcat.o)
 .text          0x08000e2c        0x0 C:/Program Files (x86)/Arm GNU Toolchain arm-none-eabi/14.2 rel1/bin/../lib/gcc/arm-none-eabi/14.2.1/thumb/v7-m/nofp\libc.a(libc_a-strchr.o)
 .text          0x08000e2c        0x0 C:/Program Files (x86)/Arm GNU Toolchain arm-none-eabi/14.2 rel1/bin/../lib/gcc/arm-none-eabi/14.2.1/thumb/v7-m/nofp\libc.a(libc_a-strlcpy.o)
 .text          0x08000e2c        0x0 C:/Program Files (x86)/Arm GNU Toolchain arm-none-eabi/14.2 rel1/bin/../lib/gcc/arm-none-eabi/14.2.1/thumb/v7-m/nofp\libc.a(libc_a-strncasecmp.o)
 .text          0x08000e2c        0x0 C:/Program Files (x86)/Arm GNU Toolchain arm-none-eabi/14.2 rel1/bin/../lib/gcc/arm-none-eabi/14.2.1/thumb/v7-m/nofp\libc.a(libc_a-strncmp.o)
 .text          0x08000e2c        0x0 C:/Program Files (x86)/Arm GNU Toolchain arm-none-eabi/14.2 rel1/bin/../lib/gcc/arm-none-eabi/14.2.1/thumb/v7-m/nofp\libc.a(libc_a-sbrkr.o)
 .text          0x08000e2c        0x0 C:/Program Files (x86)/Arm GNU Toolchain arm-none-eabi/14.2 rel1/bin/../lib/gcc/arm-none-eabi/14.2.1/thumb/v7-m/nofp\libc.a(libc_a-errno.o)
 .text          0x08000e2c        0x0 C:/Program Files (x86)/Arm GNU Toolchain arm-none-eabi/14.2 rel1/bin/../lib/gcc/arm-none-eabi/14.2.1/thumb/v7-m/nofp\libc.a(libc_a-sysconf.o)
 .text          0x08000e2c        0x0 C:/Program Files (x86)/Arm GNU Toolchain arm-none-eabi/14.2 rel1/bin/../lib/gcc/arm-none-eabi/14.2.1/thumb/v7-m/nofp\libc.a(libc_a-assert.o)
 .text          0x08000e2c        0x0 C:/Program Files (x86)/Arm GNU Toolchain arm-none-eabi/14.2 rel1/bin/../lib/gcc/arm-none-eabi/14.2.1/thumb/v7-m/nofp\libc.a(libc_a-callocr.o)
 .text          0x08000e2c        0x0 C:/Program Files (x86)/Arm GNU Toolchain arm-none-eabi/14.2 rel1/bin/../lib/gcc/arm-none-eabi/14.2.1/thumb/v7-m/nofp\libc.a(libc_a-environ.o)
 .text          0x08000e2c        0x0 C:/Program Files (x86)/Arm GNU Toolchain arm-none-eabi/14.2 rel1/bin/../lib/gcc/arm-none-eabi/14.2.1/thumb/v7-m/nofp\libc.a(libc_a-envlock.o)
 .text          0x08000e2c        0x0 C:/Program Files (x86)/Arm GNU Toolchain arm-none-eabi/14.2 rel1/bin/../lib/gcc/arm-none-eabi/14.2.1/thumb/v7-m/nofp\libc.a(libc_a-reallocr.o)
 .text          0x08000e2c        0x0 C:/Program Files (x86)/Arm GNU Toolchain arm-none-eabi/14.2 rel1/bin/../lib/gcc/arm-none-eabi/14.2.1/thumb/v7-m/nofp\libc.a(libc_a-wcsnrtombs.o)
 .text          0x08000e2c        0x0 C:/Program Files (x86)/Arm GNU Toolchain arm-none-eabi/14.2 rel1/bin/../lib/gcc/arm-none-eabi/14.2.1/thumb/v7-m/nofp\libc.a(libc_a-fiprintf.o)
 .text          0x08000e2c        0x0 C:/Program Files (x86)/Arm GNU Toolchain arm-none-eabi/14.2 rel1/bin/../lib/gcc/arm-none-eabi/14.2.1/thumb/v7-m/nofp\libc.a(libc_a-vfiprintf.o)
 .text          0x08000e2c        0x0 C:/Program Files (x86)/Arm GNU Toolchain arm-none-eabi/14.2 rel1/bin/../lib/gcc/arm-none-eabi/14.2.1/thumb/v7-m/nofp\libc.a(libc_a-sprint_r.o)
 .text          0x08000e2c        0x0 C:/Program Files (x86)/Arm GNU Toolchain arm-none-eabi/14.2 rel1/bin/../lib/gcc/arm-none-eabi/14.2.1/thumb/v7-m/nofp\libc.a(libc_a-fvwrite.o)
 .text          0x08000e2c        0x0 C:/Program Files (x86)/Arm GNU Toolchain arm-none-eabi/14.2 rel1/bin/../lib/gcc/arm-none-eabi/14.2.1/thumb/v7-m/nofp\libc.a(libc_a-wsetup.o)
 .text          0x08000e2c        0x0 C:/Program Files (x86)/Arm GNU Toolchain arm-none-eabi/14.2 rel1/bin/../lib/gcc/arm-none-eabi/14.2.1/thumb/v7-m/nofp\libc.a(libc_a-abort.o)
 .text          0x08000e2c        0x0 C:/Program Files (x86)/Arm GNU Toolchain arm-none-eabi/14.2 rel1/bin/../lib/gcc/arm-none-eabi/14.2.1/thumb/v7-m/nofp\libc.a(libc_a-makebuf.o)
 .text          0x08000e2c        0x0 C:/Program Files (x86)/Arm GNU Toolchain arm-none-eabi/14.2 rel1/bin/../lib/gcc/arm-none-eabi/14.2.1/thumb/v7-m/nofp\libc.a(libc_a-signal.o)
 .text          0x08000e2c        0x0 C:/Program Files (x86)/Arm GNU Toolchain arm-none-eabi/14.2 rel1/bin/../lib/gcc/arm-none-eabi/14.2.1/thumb/v7-m/nofp\libc.a(libc_a-fstatr.o)
 .text          0x08000e2c        0x0 C:/Program Files (x86)/Arm GNU Toolchain arm-none-eabi/14.2 rel1/bin/../lib/gcc/arm-none-eabi/14.2.1/thumb/v7-m/nofp\libc.a(libc_a-isattyr.o)
 .text          0x08000e2c        0x0 C:/Program Files (x86)/Arm GNU Toolchain arm-none-eabi/14.2 rel1/bin/../lib/gcc/arm-none-eabi/14.2.1/thumb/v7-m/nofp\libc.a(libc_a-signalr.o)
 .text          0x08000e2c        0x0 C:/Program Files (x86)/Arm GNU Toolchain arm-none-eabi/14.2 rel1/bin/../lib/gcc/arm-none-eabi/14.2.1/thumb/v7-m/nofp\libnosys.a(close.o)
 .text          0x08000e2c        0x0 C:/Program Files (x86)/Arm GNU Toolchain arm-none-eabi/14.2 rel1/bin/../lib/gcc/arm-none-eabi/14.2.1/thumb/v7-m/nofp\libnosys.a(fstat.o)
 .text          0x08000e2c        0x0 C:/Program Files (x86)/Arm GNU Toolchain arm-none-eabi/14.2 rel1/bin/../lib/gcc/arm-none-eabi/14.2.1/thumb/v7-m/nofp\libnosys.a(getpid.o)
 .text          0x08000e2c        0x0 C:/Program Files (x86)/Arm GNU Toolchain arm-none-eabi/14.2 rel1/bin/../lib/gcc/arm-none-eabi/14.2.1/thumb/v7-m/nofp\libnosys.a(isatty.o)
 .text          0x08000e2c        0x0 C:/Program Files (x86)/Arm GNU Toolchain arm-none-eabi/14.2 rel1/bin/../lib/gcc/arm-none-eabi/14.2.1/thumb/v7-m/nofp\libnosys.a(kill.o)
 .text          0x08000e2c        0x0 C:/Program Files (x86)/Arm GNU Toolchain arm-none-eabi/14.2 rel1/bin/../lib/gcc/arm-none-eabi/14.2.1/thumb/v7-m/nofp\libnosys.a(lseek.o)
 .text          0x08000e2c        0x0 C:/Program Files (x86)/Arm GNU Toolchain arm-none-eabi/14.2 rel1/bin/../lib/gcc/arm-none-eabi/14.2.1/thumb/v7-m/nofp\libnosys.a(read.o)
 .text          0x08000e2c        0x0 C:/Program Files (x86)/Arm GNU Toolchain arm-none-eabi/14.2 rel1/bin/../lib/gcc/arm-none-eabi/14.2.1/thumb/v7-m/nofp\libnosys.a(sbrk.o)
 .text          0x08000e2c        0x0 C:/Program Files (x86)/Arm GNU Toolchain arm-none-eabi/14.2 rel1/bin/../lib/gcc/arm-none-eabi/14.2.1/thumb/v7-m/nofp\libnosys.a(write.o)
 .text          0x08000e2c        0x0 C:/Program Files (x86)/Arm GNU Toolchain arm-none-eabi/14.2 rel1/bin/../lib/gcc/arm-none-eabi/14.2.1/thumb/v7-m/nofp\libnosys.a(_exit.o)
 .text          0x08000e2c      0x254 C:/Program Files (x86)/Arm GNU Toolchain arm-none-eabi/14.2 rel1/bin/../lib/gcc/arm-none-eabi/14.2.1/thumb/v7-m/nofp\libgcc.a(_arm_muldf3.o)
 .text          0x08001080      0x378 C:/Program Files (x86)/Arm GNU Toolchain arm-none-eabi/14.2 rel1/bin/../lib/gcc/arm-none-eabi/14.2.1/thumb/v7-m/nofp\libgcc.a(_arm_addsubdf3.o)
                0x08001080                __aeabi_drsub
                0x08001088                __aeabi_dsub
                0x08001088                __subdf3
                0x0800108c                __aeabi_dadd
                0x0800108c                __adddf3
                0x08001304                __floatunsidf
                0x08001304                __aeabi_ui2d
                0x08001324                __floatsidf
                0x08001324                __aeabi_i2d
                0x08001348                __aeabi_f2d
                0x08001348                __extendsfdf2
                0x0800138c                __floatundidf
                0x0800138c                __aeabi_ul2d
                0x0800139c                __floatdidf
                0x0800139c                __aeabi_l2d
 .text          0x080013f8      0x424 C:/Program Files (x86)/Arm GNU Toolchain arm-none-eabi/14.2 rel1/bin/../lib/gcc/arm-none-eabi/14.2.1/thumb/v7-m/nofp\libgcc.a(_arm_muldivdf3.o)
                0x080013f8                __aeabi_dmul
                0x080013f8                __muldf3
                0x0800164c                __divdf3
                0x0800164c                __aeabi_ddiv
 .text          0x0800181c      0x110 C:/Program Files (x86)/Arm GNU Toolchain arm-none-eabi/14.2 rel1/bin/../lib/gcc/arm-none-eabi/14.2.1/thumb/v7-m/nofp\libgcc.a(_arm_cmpdf2.o)
                0x0800181c                __gtdf2
                0x0800181c                __gedf2
                0x08001824                __ltdf2
                0x08001824                __ledf2
                0x0800182c                __nedf2
                0x0800182c                __eqdf2
                0x0800182c                __cmpdf2
                0x080018a8                __aeabi_cdrcmple
                0x080018b8                __aeabi_cdcmpeq
                0x080018b8                __aeabi_cdcmple
                0x080018c8                __aeabi_dcmpeq
                0x080018dc                __aeabi_dcmplt
                0x080018f0                __aeabi_dcmple
                0x08001904                __aeabi_dcmpge
                0x08001918                __aeabi_dcmpgt
 .text          0x0800192c       0x2c C:/Program Files (x86)/Arm GNU Toolchain arm-none-eabi/14.2 rel1/bin/../lib/gcc/arm-none-eabi/14.2.1/thumb/v7-m/nofp\libgcc.a(_arm_unorddf2.o)
                0x0800192c                __unorddf2
                0x0800192c                __aeabi_dcmpun
 .text          0x08001958       0x50 C:/Program Files (x86)/Arm GNU Toolchain arm-none-eabi/14.2 rel1/bin/../lib/gcc/arm-none-eabi/14.2.1/thumb/v7-m/nofp\libgcc.a(_arm_fixdfsi.o)
                0x08001958                __aeabi_d2iz
                0x08001958                __fixdfsi
 *(.text*)
 .text.startup  0x080019a8       0x40 build_maincore/obj/maincore/startup/maincore_main.o
                0x080019a8                main
 .text.Reset_Handler
                0x080019e8       0x48 build_maincore/obj/maincore/startup/startup_stm32f103_md.o
                0x080019e8                Reset_Handler
 .text.Default_Handler
                0x08001a30        0x2 build_maincore/obj/maincore/startup/startup_stm32f103_md.o
                0x08001a30                RTC_Alarm_IRQHandler
                0x08001a30                EXTI2_IRQHandler
                0x08001a30                DebugMon_Handler
                0x08001a30                TIM1_CC_IRQHandler
                0x08001a30                PVD_IRQHandler
                0x08001a30                PendSV_Handler
                0x08001a30                EXTI3_IRQHandler
                0x08001a30                EXTI0_IRQHandler
                0x08001a30                I2C2_EV_IRQHandler
                0x08001a30                ADC1_2_IRQHandler
                0x08001a30                SPI1_IRQHandler
                0x08001a30                TAMPER_IRQHandler
                0x08001a30                DMA1_Channel4_IRQHandler
                0x08001a30                USART3_IRQHandler
                0x08001a30                RTC_IRQHandler
                0x08001a30                DMA1_Channel7_IRQHandler
                0x08001a30                CAN1_RX1_IRQHandler
                0x08001a30                TIM4_IRQHandler
                0x08001a30                I2C1_EV_IRQHandler
                0x08001a30                DMA1_Channel6_IRQHandler
                0x08001a30                TIM3_IRQHandler
                0x08001a30                RCC_IRQHandler
                0x08001a30                TIM1_TRG_COM_IRQHandler
                0x08001a30                DMA1_Channel1_IRQHandler
                0x08001a30                Default_Handler
                0x08001a30                EXTI15_10_IRQHandler
                0x08001a30                EXTI9_5_IRQHandler
                0x08001a30                SPI2_IRQHandler
                0x08001a30                SVC_Handler
                0x08001a30                DMA1_Channel5_IRQHandler
                0x08001a30                EXTI4_IRQHandler
                0x08001a30                USB_LP_CAN1_RX0_IRQHandler
                0x08001a30                USB_HP_CAN1_TX_IRQHandler
                0x08001a30                DMA1_Channel3_IRQHandler
                0x08001a30                TIM1_UP_IRQHandler
                0x08001a30                WWDG_IRQHandler
                0x08001a30                TIM2_IRQHandler
                0x08001a30                TIM1_BRK_IRQHandler
                0x08001a30                USART2_IRQHandler
                0x08001a30                I2C2_ER_IRQHandler
                0x08001a30                DMA1_Channel2_IRQHandler
                0x08001a30                CAN1_SCE_IRQHandler
                0x08001a30                FLASH_IRQHandler
                0x08001a30                USART1_IRQHandler
                0x08001a30                I2C1_ER_IRQHandler
                0x08001a30                USBWakeUp_IRQHandler
 *fill*         0x08001a32        0x2 
 .text._snprintf_r
                0x08001a34       0x80 C:/Program Files (x86)/Arm GNU Toolchain arm-none-eabi/14.2 rel1/bin/../lib/gcc/arm-none-eabi/14.2.1/thumb/v7-m/nofp\libc.a(libc_a-snprintf.o)
                0x08001a34                _snprintf_r
 .text.snprintf
                0x08001ab4       0x8c C:/Program Files (x86)/Arm GNU Toolchain arm-none-eabi/14.2 rel1/bin/../lib/gcc/arm-none-eabi/14.2.1/thumb/v7-m/nofp\libc.a(libc_a-snprintf.o)
                0x08001ab4                snprintf
 .text.memset   0x08001b40       0x9c C:/Program Files (x86)/Arm GNU Toolchain arm-none-eabi/14.2 rel1/bin/../lib/gcc/arm-none-eabi/14.2.1/thumb/v7-m/nofp\libc.a(libc_a-memset.o)
                0x08001b40                memset
 .text.__libc_init_array
                0x08001bdc       0x50 C:/Program Files (x86)/Arm GNU Toolchain arm-none-eabi/14.2 rel1/bin/../lib/gcc/arm-none-eabi/14.2.1/thumb/v7-m/nofp\libc.a(libc_a-init.o)
                0x08001bdc                __libc_init_array
 .text._svfprintf_r
                0x08001c2c     0x2250 C:/Program Files (x86)/Arm GNU Toolchain arm-none-eabi/14.2 rel1/bin/../lib/gcc/arm-none-eabi/14.2.1/thumb/v7-m/nofp\libc.a(libc_a-svfprintf.o)
                0x08001c2c                _svfprintf_r
 .text.__ssprint_r
                0x08003e7c       0x58 C:/Program Files (x86)/Arm GNU Toolchain arm-none-eabi/14.2 rel1/bin/../lib/gcc/arm-none-eabi/14.2.1/thumb/v7-m/nofp\libc.a(libc_a-ssprint_r.o)
                0x08003e7c                __ssprint_r
 .text.stdio_exit_handler
                0x08003ed4       0x18 C:/Program Files (x86)/Arm GNU Toolchain arm-none-eabi/14.2 rel1/bin/../lib/gcc/arm-none-eabi/14.2.1/thumb/v7-m/nofp\libc.a(libc_a-findfp.o)
 .text.cleanup_stdio
                0x08003eec       0x40 C:/Program Files (x86)/Arm GNU Toolchain arm-none-eabi/14.2 rel1/bin/../lib/gcc/arm-none-eabi/14.2.1/thumb/v7-m/nofp\libc.a(libc_a-findfp.o)
 .text.__fp_lock
                0x08003f2c       0x1c C:/Program Files (x86)/Arm GNU Toolchain arm-none-eabi/14.2 rel1/bin/../lib/gcc/arm-none-eabi/14.2.1/thumb/v7-m/nofp\libc.a(libc_a-findfp.o)
 .text.__fp_unlock
                0x08003f48       0x1c C:/Program Files (x86)/Arm GNU Toolchain arm-none-eabi/14.2 rel1/bin/../lib/gcc/arm-none-eabi/14.2.1/thumb/v7-m/nofp\libc.a(libc_a-findfp.o)
 .text.global_stdio_init.part.0
                0x08003f64       0xf0 C:/Program Files (x86)/Arm GNU Toolchain arm-none-eabi/14.2 rel1/bin/../lib/gcc/arm-none-eabi/14.2.1/thumb/v7-m/nofp\libc.a(libc_a-findfp.o)
 .text.__sfp    0x08004054       0xc0 C:/Program Files (x86)/Arm GNU Toolchain arm-none-eabi/14.2 rel1/bin/../lib/gcc/arm-none-eabi/14.2.1/thumb/v7-m/nofp\libc.a(libc_a-findfp.o)
                0x08004054                __sfp
 .text.__sinit  0x08004114       0x3c C:/Program Files (x86)/Arm GNU Toolchain arm-none-eabi/14.2 rel1/bin/../lib/gcc/arm-none-eabi/14.2.1/thumb/v7-m/nofp\libc.a(libc_a-findfp.o)
                0x08004114                __sinit
 .text.__sfp_lock_acquire
                0x08004150        0xc C:/Program Files (x86)/Arm GNU Toolchain arm-none-eabi/14.2 rel1/bin/../lib/gcc/arm-none-eabi/14.2.1/thumb/v7-m/nofp\libc.a(libc_a-findfp.o)
                0x08004150                __sfp_lock_acquire
 .text.__sfp_lock_release
                0x0800415c        0xc C:/Program Files (x86)/Arm GNU Toolchain arm-none-eabi/14.2 rel1/bin/../lib/gcc/arm-none-eabi/14.2.1/thumb/v7-m/nofp\libc.a(libc_a-findfp.o)
                0x0800415c                __sfp_lock_release
 .text.__fp_lock_all
                0x08004168       0x24 C:/Program Files (x86)/Arm GNU Toolchain arm-none-eabi/14.2 rel1/bin/../lib/gcc/arm-none-eabi/14.2.1/thumb/v7-m/nofp\libc.a(libc_a-findfp.o)
                0x08004168                __fp_lock_all
 .text.__fp_unlock_all
                0x0800418c       0x24 C:/Program Files (x86)/Arm GNU Toolchain arm-none-eabi/14.2 rel1/bin/../lib/gcc/arm-none-eabi/14.2.1/thumb/v7-m/nofp\libc.a(libc_a-findfp.o)
                0x0800418c                __fp_unlock_all
 .text._fwalk_sglue
                0x080041b0       0x44 C:/Program Files (x86)/Arm GNU Toolchain arm-none-eabi/14.2 rel1/bin/../lib/gcc/arm-none-eabi/14.2.1/thumb/v7-m/nofp\libc.a(libc_a-fwalk.o)
                0x080041b0                _fwalk_sglue
 .text.__sread  0x080041f4       0x24 C:/Program Files (x86)/Arm GNU Toolchain arm-none-eabi/14.2 rel1/bin/../lib/gcc/arm-none-eabi/14.2.1/thumb/v7-m/nofp\libc.a(libc_a-stdio.o)
                0x080041f4                __sread
 .text.__seofread
                0x08004218        0x4 C:/Program Files (x86)/Arm GNU Toolchain arm-none-eabi/14.2 rel1/bin/../lib/gcc/arm-none-eabi/14.2.1/thumb/v7-m/nofp\libc.a(libc_a-stdio.o)
                0x08004218                __seofread
 .text.__swrite
                0x0800421c       0x40 C:/Program Files (x86)/Arm GNU Toolchain arm-none-eabi/14.2 rel1/bin/../lib/gcc/arm-none-eabi/14.2.1/thumb/v7-m/nofp\libc.a(libc_a-stdio.o)
                0x0800421c                __swrite
 .text.__sseek  0x0800425c       0x24 C:/Program Files (x86)/Arm GNU Toolchain arm-none-eabi/14.2 rel1/bin/../lib/gcc/arm-none-eabi/14.2.1/thumb/v7-m/nofp\libc.a(libc_a-stdio.o)
                0x0800425c                __sseek
 .text.__sclose
                0x08004280        0x8 C:/Program Files (x86)/Arm GNU Toolchain arm-none-eabi/14.2 rel1/bin/../lib/gcc/arm-none-eabi/14.2.1/thumb/v7-m/nofp\libc.a(libc_a-stdio.o)
                0x08004280                __sclose
 .text.strncpy  0x08004288       0x6c C:/Program Files (x86)/Arm GNU Toolchain arm-none-eabi/14.2 rel1/bin/../lib/gcc/arm-none-eabi/14.2.1/thumb/v7-m/nofp\libc.a(libc_a-strncpy.o)
                0x08004288                strncpy
 .text.currentlocale
                0x080042f4       0x50 C:/Program Files (x86)/Arm GNU Toolchain arm-none-eabi/14.2 rel1/bin/../lib/gcc/arm-none-eabi/14.2.1/thumb/v7-m/nofp\libc.a(libc_a-locale.o)
 .text.__loadlocale
                0x08004344      0x6cc C:/Program Files (x86)/Arm GNU Toolchain arm-none-eabi/14.2 rel1/bin/../lib/gcc/arm-none-eabi/14.2.1/thumb/v7-m/nofp\libc.a(libc_a-locale.o)
                0x08004344                __loadlocale
 .text.__get_locale_env
                0x08004a10       0x50 C:/Program Files (x86)/Arm GNU Toolchain arm-none-eabi/14.2 rel1/bin/../lib/gcc/arm-none-eabi/14.2.1/thumb/v7-m/nofp\libc.a(libc_a-locale.o)
                0x08004a10                __get_locale_env
 .text._setlocale_r
                0x08004a60      0x214 C:/Program Files (x86)/Arm GNU Toolchain arm-none-eabi/14.2 rel1/bin/../lib/gcc/arm-none-eabi/14.2.1/thumb/v7-m/nofp\libc.a(libc_a-locale.o)
                0x08004a60                _setlocale_r
 .text.__locale_mb_cur_max
                0x08004c74        0xc C:/Program Files (x86)/Arm GNU Toolchain arm-none-eabi/14.2 rel1/bin/../lib/gcc/arm-none-eabi/14.2.1/thumb/v7-m/nofp\libc.a(libc_a-locale.o)
                0x08004c74                __locale_mb_cur_max
 .text.setlocale
                0x08004c80       0x14 C:/Program Files (x86)/Arm GNU Toolchain arm-none-eabi/14.2 rel1/bin/../lib/gcc/arm-none-eabi/14.2.1/thumb/v7-m/nofp\libc.a(libc_a-locale.o)
                0x08004c80                setlocale
 .text.__localeconv_l
                0x08004c94        0x4 C:/Program Files (x86)/Arm GNU Toolchain arm-none-eabi/14.2 rel1/bin/../lib/gcc/arm-none-eabi/14.2.1/thumb/v7-m/nofp\libc.a(libc_a-localeconv.o)
                0x08004c94                __localeconv_l
 .text._localeconv_r
                0x08004c98        0x8 C:/Program Files (x86)/Arm GNU Toolchain arm-none-eabi/14.2 rel1/bin/../lib/gcc/arm-none-eabi/14.2.1/thumb/v7-m/nofp\libc.a(libc_a-localeconv.o)
                0x08004c98                _localeconv_r
 .text.localeconv
                0x08004ca0        0x8 C:/Program Files (x86)/Arm GNU Toolchain arm-none-eabi/14.2 rel1/bin/../lib/gcc/arm-none-eabi/14.2.1/thumb/v7-m/nofp\libc.a(libc_a-localeconv.o)
                0x08004ca0                localeconv
 .text._close_r
                0x08004ca8       0x24 C:/Program Files (x86)/Arm GNU Toolchain arm-none-eabi/14.2 rel1/bin/../lib/gcc/arm-none-eabi/14.2.1/thumb/v7-m/nofp\libc.a(libc_a-closer.o)
                0x08004ca8                _close_r
 .text._reclaim_reent
                0x08004ccc       0x6c C:/Program Files (x86)/Arm GNU Toolchain arm-none-eabi/14.2 rel1/bin/../lib/gcc/arm-none-eabi/14.2.1/thumb/v7-m/nofp\libc.a(libc_a-reent.o)
                0x08004ccc                _reclaim_reent
 .text._lseek_r
                0x08004d38       0x2c C:/Program Files (x86)/Arm GNU Toolchain arm-none-eabi/14.2 rel1/bin/../lib/gcc/arm-none-eabi/14.2.1/thumb/v7-m/nofp\libc.a(libc_a-lseekr.o)
                0x08004d38                _lseek_r
 .text._read_r  0x08004d64       0x2c C:/Program Files (x86)/Arm GNU Toolchain arm-none-eabi/14.2 rel1/bin/../lib/gcc/arm-none-eabi/14.2.1/thumb/v7-m/nofp\libc.a(libc_a-readr.o)
                0x08004d64                _read_r
 .text._write_r
                0x08004d90       0x2c C:/Program Files (x86)/Arm GNU Toolchain arm-none-eabi/14.2 rel1/bin/../lib/gcc/arm-none-eabi/14.2.1/thumb/v7-m/nofp\libc.a(libc_a-writer.o)
                0x08004d90                _write_r
 .text.__retarget_lock_init
                0x08004dbc        0x4 C:/Program Files (x86)/Arm GNU Toolchain arm-none-eabi/14.2 rel1/bin/../lib/gcc/arm-none-eabi/14.2.1/thumb/v7-m/nofp\libc.a(libc_a-lock.o)
                0x08004dbc                __retarget_lock_init
 .text.__retarget_lock_init_recursive
                0x08004dc0        0x4 C:/Program Files (x86)/Arm GNU Toolchain arm-none-eabi/14.2 rel1/bin/../lib/gcc/arm-none-eabi/14.2.1/thumb/v7-m/nofp\libc.a(libc_a-lock.o)
                0x08004dc0                __retarget_lock_init_recursive
 .text.__retarget_lock_close
                0x08004dc4        0x4 C:/Program Files (x86)/Arm GNU Toolchain arm-none-eabi/14.2 rel1/bin/../lib/gcc/arm-none-eabi/14.2.1/thumb/v7-m/nofp\libc.a(libc_a-lock.o)
                0x08004dc4                __retarget_lock_close
 .text.__retarget_lock_close_recursive
                0x08004dc8        0x4 C:/Program Files (x86)/Arm GNU Toolchain arm-none-eabi/14.2 rel1/bin/../lib/gcc/arm-none-eabi/14.2.1/thumb/v7-m/nofp\libc.a(libc_a-lock.o)
                0x08004dc8                __retarget_lock_close_recursive
 .text.__retarget_lock_acquire
                0x08004dcc        0x4 C:/Program Files (x86)/Arm GNU Toolchain arm-none-eabi/14.2 rel1/bin/../lib/gcc/arm-none-eabi/14.2.1/thumb/v7-m/nofp\libc.a(libc_a-lock.o)
                0x08004dcc                __retarget_lock_acquire
 .text.__retarget_lock_acquire_recursive
                0x08004dd0        0x4 C:/Program Files (x86)/Arm GNU Toolchain arm-none-eabi/14.2 rel1/bin/../lib/gcc/arm-none-eabi/14.2.1/thumb/v7-m/nofp\libc.a(libc_a-lock.o)
                0x08004dd0                __retarget_lock_acquire_recursive
 .text.__retarget_lock_try_acquire
                0x08004dd4        0x4 C:/Program Files (x86)/Arm GNU Toolchain arm-none-eabi/14.2 rel1/bin/../lib/gcc/arm-none-eabi/14.2.1/thumb/v7-m/nofp\libc.a(libc_a-lock.o)
                0x08004dd4                __retarget_lock_try_acquire
 .text.__retarget_lock_try_acquire_recursive
                0x08004dd8        0x4 C:/Program Files (x86)/Arm GNU Toolchain arm-none-eabi/14.2 rel1/bin/../lib/gcc/arm-none-eabi/14.2.1/thumb/v7-m/nofp\libc.a(libc_a-lock.o)
                0x08004dd8                __retarget_lock_try_acquire_recursive
 .text.__retarget_lock_release
                0x08004ddc        0x4 C:/Program Files (x86)/Arm GNU Toolchain arm-none-eabi/14.2 rel1/bin/../lib/gcc/arm-none-eabi/14.2.1/thumb/v7-m/nofp\libc.a(libc_a-lock.o)
                0x08004ddc                __retarget_lock_release
 .text.__retarget_lock_release_recursive
                0x08004de0        0x4 C:/Program Files (x86)/Arm GNU Toolchain arm-none-eabi/14.2 rel1/bin/../lib/gcc/arm-none-eabi/14.2.1/thumb/v7-m/nofp\libc.a(libc_a-lock.o)
                0x08004de0                __retarget_lock_release_recursive
 .text.strcpy   0x08004de4       0xbc C:/Program Files (x86)/Arm GNU Toolchain arm-none-eabi/14.2 rel1/bin/../lib/gcc/arm-none-eabi/14.2.1/thumb/v7-m/nofp\libc.a(libc_a-strcpy.o)
                0x08004de4                strcpy
 .text.memchr   0x08004ea0       0x80 C:/Program Files (x86)/Arm GNU Toolchain arm-none-eabi/14.2 rel1/bin/../lib/gcc/arm-none-eabi/14.2.1/thumb/v7-m/nofp\libc.a(libc_a-memchr-stub.o)
                0x08004ea0                memchr
 .text.strlen   0x08004f20       0x5c C:/Program Files (x86)/Arm GNU Toolchain arm-none-eabi/14.2 rel1/bin/../lib/gcc/arm-none-eabi/14.2.1/thumb/v7-m/nofp\libc.a(libc_a-strlen-stub.o)
                0x08004f20                strlen
 .text.frexp    0x08004f7c       0x6c C:/Program Files (x86)/Arm GNU Toolchain arm-none-eabi/14.2 rel1/bin/../lib/gcc/arm-none-eabi/14.2.1/thumb/v7-m/nofp\libc.a(libm_a-s_frexp.o)
                0x08004f7c                frexp
 .text.quorem   0x08004fe8      0x13c C:/Program Files (x86)/Arm GNU Toolchain arm-none-eabi/14.2 rel1/bin/../lib/gcc/arm-none-eabi/14.2.1/thumb/v7-m/nofp\libc.a(libc_a-dtoa.o)
 *fill*         0x08005124        0x4 
 .text._dtoa_r  0x08005128     0x1030 C:/Program Files (x86)/Arm GNU Toolchain arm-none-eabi/14.2 rel1/bin/../lib/gcc/arm-none-eabi/14.2.1/thumb/v7-m/nofp\libc.a(libc_a-dtoa.o)
                0x08005128                _dtoa_r
 .text._malloc_trim_r
                0x08006158       0xb8 C:/Program Files (x86)/Arm GNU Toolchain arm-none-eabi/14.2 rel1/bin/../lib/gcc/arm-none-eabi/14.2.1/thumb/v7-m/nofp\libc.a(libc_a-freer.o)
                0x08006158                _malloc_trim_r
 .text._free_r  0x08006210      0x1e8 C:/Program Files (x86)/Arm GNU Toolchain arm-none-eabi/14.2 rel1/bin/../lib/gcc/arm-none-eabi/14.2.1/thumb/v7-m/nofp\libc.a(libc_a-freer.o)
                0x08006210                _free_r
 .text._findenv_r
                0x080063f8       0x80 C:/Program Files (x86)/Arm GNU Toolchain arm-none-eabi/14.2 rel1/bin/../lib/gcc/arm-none-eabi/14.2.1/thumb/v7-m/nofp\libc.a(libc_a-getenv_r.o)
                0x080063f8                _findenv_r
 .text._getenv_r
                0x08006478       0x10 C:/Program Files (x86)/Arm GNU Toolchain arm-none-eabi/14.2 rel1/bin/../lib/gcc/arm-none-eabi/14.2.1/thumb/v7-m/nofp\libc.a(libc_a-getenv_r.o)
                0x08006478                _getenv_r
 .text._malloc_r
                0x08006488      0x57c C:/Program Files (x86)/Arm GNU Toolchain arm-none-eabi/14.2 rel1/bin/../lib/gcc/arm-none-eabi/14.2.1/thumb/v7-m/nofp\libc.a(libc_a-mallocr.o)
                0x08006488                _malloc_r
 .text._mbtowc_r
                0x08006a04       0x14 C:/Program Files (x86)/Arm GNU Toolchain arm-none-eabi/14.2 rel1/bin/../lib/gcc/arm-none-eabi/14.2.1/thumb/v7-m/nofp\libc.a(libc_a-mbtowc_r.o)
                0x08006a04                _mbtowc_r
 .text.__ascii_mbtowc
                0x08006a18       0x2c C:/Program Files (x86)/Arm GNU Toolchain arm-none-eabi/14.2 rel1/bin/../lib/gcc/arm-none-eabi/14.2.1/thumb/v7-m/nofp\libc.a(libc_a-mbtowc_r.o)
                0x08006a18                __ascii_mbtowc
 .text.__utf8_mbtowc
                0x08006a44      0x200 C:/Program Files (x86)/Arm GNU Toolchain arm-none-eabi/14.2 rel1/bin/../lib/gcc/arm-none-eabi/14.2.1/thumb/v7-m/nofp\libc.a(libc_a-mbtowc_r.o)
                0x08006a44                __utf8_mbtowc
 .text.__sjis_mbtowc
                0x08006c44       0x90 C:/Program Files (x86)/Arm GNU Toolchain arm-none-eabi/14.2 rel1/bin/../lib/gcc/arm-none-eabi/14.2.1/thumb/v7-m/nofp\libc.a(libc_a-mbtowc_r.o)
                0x08006c44                __sjis_mbtowc
 .text.__eucjp_mbtowc
                0x08006cd4       0xc0 C:/Program Files (x86)/Arm GNU Toolchain arm-none-eabi/14.2 rel1/bin/../lib/gcc/arm-none-eabi/14.2.1/thumb/v7-m/nofp\libc.a(libc_a-mbtowc_r.o)
                0x08006cd4                __eucjp_mbtowc
 .text.__jis_mbtowc
                0x08006d94      0x140 C:/Program Files (x86)/Arm GNU Toolchain arm-none-eabi/14.2 rel1/bin/../lib/gcc/arm-none-eabi/14.2.1/thumb/v7-m/nofp\libc.a(libc_a-mbtowc_r.o)
                0x08006d94                __jis_mbtowc
 .text.__malloc_lock
                0x08006ed4        0xc C:/Program Files (x86)/Arm GNU Toolchain arm-none-eabi/14.2 rel1/bin/../lib/gcc/arm-none-eabi/14.2.1/thumb/v7-m/nofp\libc.a(libc_a-mlock.o)
                0x08006ed4                __malloc_lock
 .text.__malloc_unlock
                0x08006ee0        0xc C:/Program Files (x86)/Arm GNU Toolchain arm-none-eabi/14.2 rel1/bin/../lib/gcc/arm-none-eabi/14.2.1/thumb/v7-m/nofp\libc.a(libc_a-mlock.o)
                0x08006ee0                __malloc_unlock
 .text._Balloc  0x08006eec       0x4c C:/Program Files (x86)/Arm GNU Toolchain arm-none-eabi/14.2 rel1/bin/../lib/gcc/arm-none-eabi/14.2.1/thumb/v7-m/nofp\libc.a(libc_a-mprec.o)
                0x08006eec                _Balloc
 .text._Bfree   0x08006f38       0x14 C:/Program Files (x86)/Arm GNU Toolchain arm-none-eabi/14.2 rel1/bin/../lib/gcc/arm-none-eabi/14.2.1/thumb/v7-m/nofp\libc.a(libc_a-mprec.o)
                0x08006f38                _Bfree
 .text.__multadd
                0x08006f4c       0xa4 C:/Program Files (x86)/Arm GNU Toolchain arm-none-eabi/14.2 rel1/bin/../lib/gcc/arm-none-eabi/14.2.1/thumb/v7-m/nofp\libc.a(libc_a-mprec.o)
                0x08006f4c                __multadd
 .text.__s2b    0x08006ff0       0xb0 C:/Program Files (x86)/Arm GNU Toolchain arm-none-eabi/14.2 rel1/bin/../lib/gcc/arm-none-eabi/14.2.1/thumb/v7-m/nofp\libc.a(libc_a-mprec.o)
                0x08006ff0                __s2b
 .text.__hi0bits
                0x080070a0       0x54 C:/Program Files (x86)/Arm GNU Toolchain arm-none-eabi/14.2 rel1/bin/../lib/gcc/arm-none-eabi/14.2.1/thumb/v7-m/nofp\libc.a(libc_a-mprec.o)
                0x080070a0                __hi0bits
 .text.__lo0bits
                0x080070f4       0x7c C:/Program Files (x86)/Arm GNU Toolchain arm-none-eabi/14.2 rel1/bin/../lib/gcc/arm-none-eabi/14.2.1/thumb/v7-m/nofp\libc.a(libc_a-mprec.o)
                0x080070f4                __lo0bits
 .text.__i2b    0x08007170       0x5c C:/Program Files (x86)/Arm GNU Toolchain arm-none-eabi/14.2 rel1/bin/../lib/gcc/arm-none-eabi/14.2.1/thumb/v7-m/nofp\libc.a(libc_a-mprec.o)
                0x08007170                __i2b
 .text.__multiply
                0x080071cc      0x168 C:/Program Files (x86)/Arm GNU Toolchain arm-none-eabi/14.2 rel1/bin/../lib/gcc/arm-none-eabi/14.2.1/thumb/v7-m/nofp\libc.a(libc_a-mprec.o)
                0x080071cc                __multiply
 .text.__pow5mult
                0x08007334       0xc0 C:/Program Files (x86)/Arm GNU Toolchain arm-none-eabi/14.2 rel1/bin/../lib/gcc/arm-none-eabi/14.2.1/thumb/v7-m/nofp\libc.a(libc_a-mprec.o)
                0x08007334                __pow5mult
 .text.__lshift
                0x080073f4       0xe8 C:/Program Files (x86)/Arm GNU Toolchain arm-none-eabi/14.2 rel1/bin/../lib/gcc/arm-none-eabi/14.2.1/thumb/v7-m/nofp\libc.a(libc_a-mprec.o)
                0x080073f4                __lshift
 .text.__mcmp   0x080074dc       0x40 C:/Program Files (x86)/Arm GNU Toolchain arm-none-eabi/14.2 rel1/bin/../lib/gcc/arm-none-eabi/14.2.1/thumb/v7-m/nofp\libc.a(libc_a-mprec.o)
                0x080074dc                __mcmp
 .text.__mdiff  0x0800751c      0x164 C:/Program Files (x86)/Arm GNU Toolchain arm-none-eabi/14.2 rel1/bin/../lib/gcc/arm-none-eabi/14.2.1/thumb/v7-m/nofp\libc.a(libc_a-mprec.o)
                0x0800751c                __mdiff
 .text.__ulp    0x08007680       0x50 C:/Program Files (x86)/Arm GNU Toolchain arm-none-eabi/14.2 rel1/bin/../lib/gcc/arm-none-eabi/14.2.1/thumb/v7-m/nofp\libc.a(libc_a-mprec.o)
                0x08007680                __ulp
 .text.__b2d    0x080076d0       0xb0 C:/Program Files (x86)/Arm GNU Toolchain arm-none-eabi/14.2 rel1/bin/../lib/gcc/arm-none-eabi/14.2.1/thumb/v7-m/nofp\libc.a(libc_a-mprec.o)
                0x080076d0                __b2d
 .text.__d2b    0x08007780       0xb8 C:/Program Files (x86)/Arm GNU Toolchain arm-none-eabi/14.2 rel1/bin/../lib/gcc/arm-none-eabi/14.2.1/thumb/v7-m/nofp\libc.a(libc_a-mprec.o)
                0x08007780                __d2b
 .text.__ratio  0x08007838       0x5c C:/Program Files (x86)/Arm GNU Toolchain arm-none-eabi/14.2 rel1/bin/../lib/gcc/arm-none-eabi/14.2.1/thumb/v7-m/nofp\libc.a(libc_a-mprec.o)
                0x08007838                __ratio
 .text._mprec_log10
                0x08007894       0x38 C:/Program Files (x86)/Arm GNU Toolchain arm-none-eabi/14.2 rel1/bin/../lib/gcc/arm-none-eabi/14.2.1/thumb/v7-m/nofp\libc.a(libc_a-mprec.o)
                0x08007894                _mprec_log10
 .text.__copybits
                0x080078cc       0x60 C:/Program Files (x86)/Arm GNU Toolchain arm-none-eabi/14.2 rel1/bin/../lib/gcc/arm-none-eabi/14.2.1/thumb/v7-m/nofp\libc.a(libc_a-mprec.o)
                0x080078cc                __copybits
 .text.__any_on
                0x0800792c       0x58 C:/Program Files (x86)/Arm GNU Toolchain arm-none-eabi/14.2 rel1/bin/../lib/gcc/arm-none-eabi/14.2.1/thumb/v7-m/nofp\libc.a(libc_a-mprec.o)
                0x0800792c                __any_on
 .text._strtol_l.isra.0
                0x08007984      0x138 C:/Program Files (x86)/Arm GNU Toolchain arm-none-eabi/14.2 rel1/bin/../lib/gcc/arm-none-eabi/14.2.1/thumb/v7-m/nofp\libc.a(libc_a-strtol.o)
 .text._strtol_r
                0x08007abc        0x4 C:/Program Files (x86)/Arm GNU Toolchain arm-none-eabi/14.2 rel1/bin/../lib/gcc/arm-none-eabi/14.2.1/thumb/v7-m/nofp\libc.a(libc_a-strtol.o)
                0x08007abc                _strtol_r
 .text.strtol_l
                0x08007ac0       0x1c C:/Program Files (x86)/Arm GNU Toolchain arm-none-eabi/14.2 rel1/bin/../lib/gcc/arm-none-eabi/14.2.1/thumb/v7-m/nofp\libc.a(libc_a-strtol.o)
                0x08007ac0                strtol_l
 .text.strtol   0x08007adc       0x1c C:/Program Files (x86)/Arm GNU Toolchain arm-none-eabi/14.2 rel1/bin/../lib/gcc/arm-none-eabi/14.2.1/thumb/v7-m/nofp\libc.a(libc_a-strtol.o)
                0x08007adc                strtol
 .text._wctomb_r
                0x08007af8       0x14 C:/Program Files (x86)/Arm GNU Toolchain arm-none-eabi/14.2 rel1/bin/../lib/gcc/arm-none-eabi/14.2.1/thumb/v7-m/nofp\libc.a(libc_a-wctomb_r.o)
                0x08007af8                _wctomb_r
 .text.__ascii_wctomb
                0x08007b0c       0x1c C:/Program Files (x86)/Arm GNU Toolchain arm-none-eabi/14.2 rel1/bin/../lib/gcc/arm-none-eabi/14.2.1/thumb/v7-m/nofp\libc.a(libc_a-wctomb_r.o)
                0x08007b0c                __ascii_wctomb
 .text.__utf8_wctomb
                0x08007b28       0xa0 C:/Program Files (x86)/Arm GNU Toolchain arm-none-eabi/14.2 rel1/bin/../lib/gcc/arm-none-eabi/14.2.1/thumb/v7-m/nofp\libc.a(libc_a-wctomb_r.o)
                0x08007b28                __utf8_wctomb
 .text.__sjis_wctomb
                0x08007bc8       0x54 C:/Program Files (x86)/Arm GNU Toolchain arm-none-eabi/14.2 rel1/bin/../lib/gcc/arm-none-eabi/14.2.1/thumb/v7-m/nofp\libc.a(libc_a-wctomb_r.o)
                0x08007bc8                __sjis_wctomb
 .text.__eucjp_wctomb
                0x08007c1c       0x70 C:/Program Files (x86)/Arm GNU Toolchain arm-none-eabi/14.2 rel1/bin/../lib/gcc/arm-none-eabi/14.2.1/thumb/v7-m/nofp\libc.a(libc_a-wctomb_r.o)
                0x08007c1c                __eucjp_wctomb
 .text.__jis_wctomb
                0x08007c8c       0x78 C:/Program Files (x86)/Arm GNU Toolchain arm-none-eabi/14.2 rel1/bin/../lib/gcc/arm-none-eabi/14.2.1/thumb/v7-m/nofp\libc.a(libc_a-wctomb_r.o)
                0x08007c8c                __jis_wctomb
 .text._wcrtomb_r
                0x08007d04       0x4c C:/Program Files (x86)/Arm GNU Toolchain arm-none-eabi/14.2 rel1/bin/../lib/gcc/arm-none-eabi/14.2.1/thumb/v7-m/nofp\libc.a(libc_a-wcrtomb.o)
                0x08007d04                _wcrtomb_r
 .text.wcrtomb  0x08007d50       0x58 C:/Program Files (x86)/Arm GNU Toolchain arm-none-eabi/14.2 rel1/bin/../lib/gcc/arm-none-eabi/14.2.1/thumb/v7-m/nofp\libc.a(libc_a-wcrtomb.o)
                0x08007d50                wcrtomb
 .text._wcsrtombs_r
                0x08007da8       0x18 C:/Program Files (x86)/Arm GNU Toolchain arm-none-eabi/14.2 rel1/bin/../lib/gcc/arm-none-eabi/14.2.1/thumb/v7-m/nofp\libc.a(libc_a-wcsrtombs.o)
                0x08007da8                _wcsrtombs_r
 .text.wcsrtombs
                0x08007dc0       0x28 C:/Program Files (x86)/Arm GNU Toolchain arm-none-eabi/14.2 rel1/bin/../lib/gcc/arm-none-eabi/14.2.1/thumb/v7-m/nofp\libc.a(libc_a-wcsrtombs.o)
                0x08007dc0                wcsrtombs
 .text.__set_ctype
                0x08007de8        0xc C:/Program Files (x86)/Arm GNU Toolchain arm-none-eabi/14.2 rel1/bin/../lib/gcc/arm-none-eabi/14.2.1/thumb/v7-m/nofp\libc.a(libc_a-ctype_.o)
                0x08007de8                __set_ctype
 .text.__ssputs_r
                0x08007df4       0xc0 C:/Program Files (x86)/Arm GNU Toolchain arm-none-eabi/14.2 rel1/bin/../lib/gcc/arm-none-eabi/14.2.1/thumb/v7-m/nofp\libc.a(libc_a-ssputs_r.o)
                0x08007df4                __ssputs_r
 .text._fclose_r
                0x08007eb4       0xc0 C:/Program Files (x86)/Arm GNU Toolchain arm-none-eabi/14.2 rel1/bin/../lib/gcc/arm-none-eabi/14.2.1/thumb/v7-m/nofp\libc.a(libc_a-fclose.o)
                0x08007eb4                _fclose_r
 .text.fclose   0x08007f74       0x10 C:/Program Files (x86)/Arm GNU Toolchain arm-none-eabi/14.2 rel1/bin/../lib/gcc/arm-none-eabi/14.2.1/thumb/v7-m/nofp\libc.a(libc_a-fclose.o)
                0x08007f74                fclose
 .text.__sflush_r
                0x08007f84      0x124 C:/Program Files (x86)/Arm GNU Toolchain arm-none-eabi/14.2 rel1/bin/../lib/gcc/arm-none-eabi/14.2.1/thumb/v7-m/nofp\libc.a(libc_a-fflush.o)
                0x08007f84                __sflush_r
 .text._fflush_r
                0x080080a8       0x54 C:/Program Files (x86)/Arm GNU Toolchain arm-none-eabi/14.2 rel1/bin/../lib/gcc/arm-none-eabi/14.2.1/thumb/v7-m/nofp\libc.a(libc_a-fflush.o)
                0x080080a8                _fflush_r
 .text.fflush   0x080080fc       0x74 C:/Program Files (x86)/Arm GNU Toolchain arm-none-eabi/14.2 rel1/bin/../lib/gcc/arm-none-eabi/14.2.1/thumb/v7-m/nofp\libc.a(libc_a-fflush.o)
                0x080080fc                fflush
 .text.memmove  0x08008170       0xfc C:/Program Files (x86)/Arm GNU Toolchain arm-none-eabi/14.2 rel1/bin/../lib/gcc/arm-none-eabi/14.2.1/thumb/v7-m/nofp\libc.a(libc_a-memmove.o)
                0x08008170                memmove
 .text.strcasecmp
                0x0800826c       0x44 C:/Program Files (x86)/Arm GNU Toolchain arm-none-eabi/14.2 rel1/bin/../lib/gcc/arm-none-eabi/14.2.1/thumb/v7-m/nofp\libc.a(libc_a-strcasecmp.o)
                0x0800826c                strcasecmp
 .text.strcat   0x080082b0       0x40 C:/Program Files (x86)/Arm GNU Toolchain arm-none-eabi/14.2 rel1/bin/../lib/gcc/arm-none-eabi/14.2.1/thumb/v7-m/nofp\libc.a(libc_a-strcat.o)
                0x080082b0                strcat
 .text.strchr   0x080082f0       0xd0 C:/Program Files (x86)/Arm GNU Toolchain arm-none-eabi/14.2 rel1/bin/../lib/gcc/arm-none-eabi/14.2.1/thumb/v7-m/nofp\libc.a(libc_a-strchr.o)
                0x080082f0                strchr
 .text.strlcpy  0x080083c0       0x48 C:/Program Files (x86)/Arm GNU Toolchain arm-none-eabi/14.2 rel1/bin/../lib/gcc/arm-none-eabi/14.2.1/thumb/v7-m/nofp\libc.a(libc_a-strlcpy.o)
                0x080083c0                strlcpy
 .text.strncasecmp
                0x08008408       0x54 C:/Program Files (x86)/Arm GNU Toolchain arm-none-eabi/14.2 rel1/bin/../lib/gcc/arm-none-eabi/14.2.1/thumb/v7-m/nofp\libc.a(libc_a-strncasecmp.o)
                0x08008408                strncasecmp
 .text.strncmp  0x0800845c       0x78 C:/Program Files (x86)/Arm GNU Toolchain arm-none-eabi/14.2 rel1/bin/../lib/gcc/arm-none-eabi/14.2.1/thumb/v7-m/nofp\libc.a(libc_a-strncmp.o)
                0x0800845c                strncmp
 .text._sbrk_r  0x080084d4       0x24 C:/Program Files (x86)/Arm GNU Toolchain arm-none-eabi/14.2 rel1/bin/../lib/gcc/arm-none-eabi/14.2.1/thumb/v7-m/nofp\libc.a(libc_a-sbrkr.o)
                0x080084d4                _sbrk_r
 .text.__errno  0x080084f8        0xc C:/Program Files (x86)/Arm GNU Toolchain arm-none-eabi/14.2 rel1/bin/../lib/gcc/arm-none-eabi/14.2.1/thumb/v7-m/nofp\libc.a(libc_a-errno.o)
                0x080084f8                __errno
 .text.sysconf  0x08008504       0x1c C:/Program Files (x86)/Arm GNU Toolchain arm-none-eabi/14.2 rel1/bin/../lib/gcc/arm-none-eabi/14.2.1/thumb/v7-m/nofp\libc.a(libc_a-sysconf.o)
                0x08008504                sysconf
 .text.__assert_func
                0x08008520       0x40 C:/Program Files (x86)/Arm GNU Toolchain arm-none-eabi/14.2 rel1/bin/../lib/gcc/arm-none-eabi/14.2.1/thumb/v7-m/nofp\libc.a(libc_a-assert.o)
                0x08008520                __assert_func
 .text.__assert
                0x08008560        0xc C:/Program Files (x86)/Arm GNU Toolchain arm-none-eabi/14.2 rel1/bin/../lib/gcc/arm-none-eabi/14.2.1/thumb/v7-m/nofp\libc.a(libc_a-assert.o)
                0x08008560                __assert
 .text._calloc_r
                0x0800856c       0x6c C:/Program Files (x86)/Arm GNU Toolchain arm-none-eabi/14.2 rel1/bin/../lib/gcc/arm-none-eabi/14.2.1/thumb/v7-m/nofp\libc.a(libc_a-callocr.o)
                0x0800856c                _calloc_r
 .text.__env_lock
                0x080085d8        0xc C:/Program Files (x86)/Arm GNU Toolchain arm-none-eabi/14.2 rel1/bin/../lib/gcc/arm-none-eabi/14.2.1/thumb/v7-m/nofp\libc.a(libc_a-envlock.o)
                0x080085d8                __env_lock
 .text.__env_unlock
                0x080085e4        0xc C:/Program Files (x86)/Arm GNU Toolchain arm-none-eabi/14.2 rel1/bin/../lib/gcc/arm-none-eabi/14.2.1/thumb/v7-m/nofp\libc.a(libc_a-envlock.o)
                0x080085e4                __env_unlock
 .text._realloc_r
                0x080085f0      0x350 C:/Program Files (x86)/Arm GNU Toolchain arm-none-eabi/14.2 rel1/bin/../lib/gcc/arm-none-eabi/14.2.1/thumb/v7-m/nofp\libc.a(libc_a-reallocr.o)
                0x080085f0                _realloc_r
 .text._wcsnrtombs_l
                0x08008940       0xf0 C:/Program Files (x86)/Arm GNU Toolchain arm-none-eabi/14.2 rel1/bin/../lib/gcc/arm-none-eabi/14.2.1/thumb/v7-m/nofp\libc.a(libc_a-wcsnrtombs.o)
                0x08008940                _wcsnrtombs_l
 .text._wcsnrtombs_r
                0x08008a30       0x24 C:/Program Files (x86)/Arm GNU Toolchain arm-none-eabi/14.2 rel1/bin/../lib/gcc/arm-none-eabi/14.2.1/thumb/v7-m/nofp\libc.a(libc_a-wcsnrtombs.o)
                0x08008a30                _wcsnrtombs_r
 .text.wcsnrtombs
                0x08008a54       0x2c C:/Program Files (x86)/Arm GNU Toolchain arm-none-eabi/14.2 rel1/bin/../lib/gcc/arm-none-eabi/14.2.1/thumb/v7-m/nofp\libc.a(libc_a-wcsnrtombs.o)
                0x08008a54                wcsnrtombs
 .text._fiprintf_r
                0x08008a80       0x1c C:/Program Files (x86)/Arm GNU Toolchain arm-none-eabi/14.2 rel1/bin/../lib/gcc/arm-none-eabi/14.2.1/thumb/v7-m/nofp\libc.a(libc_a-fiprintf.o)
                0x08008a80                _fiprintf_r
 .text.fiprintf
                0x08008a9c       0x28 C:/Program Files (x86)/Arm GNU Toolchain arm-none-eabi/14.2 rel1/bin/../lib/gcc/arm-none-eabi/14.2.1/thumb/v7-m/nofp\libc.a(libc_a-fiprintf.o)
                0x08008a9c                fiprintf
 .text._vfiprintf_r
                0x08008ac4     0x1238 C:/Program Files (x86)/Arm GNU Toolchain arm-none-eabi/14.2 rel1/bin/../lib/gcc/arm-none-eabi/14.2.1/thumb/v7-m/nofp\libc.a(libc_a-vfiprintf.o)
                0x08008ac4                _vfiprintf_r
 .text.vfiprintf
                0x08009cfc       0x1c C:/Program Files (x86)/Arm GNU Toolchain arm-none-eabi/14.2 rel1/bin/../lib/gcc/arm-none-eabi/14.2.1/thumb/v7-m/nofp\libc.a(libc_a-vfiprintf.o)
                0x08009cfc                vfiprintf
 .text.__sbprintf
                0x08009d18       0x84 C:/Program Files (x86)/Arm GNU Toolchain arm-none-eabi/14.2 rel1/bin/../lib/gcc/arm-none-eabi/14.2.1/thumb/v7-m/nofp\libc.a(libc_a-vfiprintf.o)
 .text.__sprint_r
                0x08009d9c       0x20 C:/Program Files (x86)/Arm GNU Toolchain arm-none-eabi/14.2 rel1/bin/../lib/gcc/arm-none-eabi/14.2.1/thumb/v7-m/nofp\libc.a(libc_a-sprint_r.o)
                0x08009d9c                __sprint_r
 .text.__sfvwrite_r
                0x08009dbc      0x2d8 C:/Program Files (x86)/Arm GNU Toolchain arm-none-eabi/14.2 rel1/bin/../lib/gcc/arm-none-eabi/14.2.1/thumb/v7-m/nofp\libc.a(libc_a-fvwrite.o)
                0x08009dbc                __sfvwrite_r
 .text.__swsetup_r
                0x0800a094       0xfc C:/Program Files (x86)/Arm GNU Toolchain arm-none-eabi/14.2 rel1/bin/../lib/gcc/arm-none-eabi/14.2.1/thumb/v7-m/nofp\libc.a(libc_a-wsetup.o)
                0x0800a094                __swsetup_r
 .text.abort    0x0800a190       0x10 C:/Program Files (x86)/Arm GNU Toolchain arm-none-eabi/14.2 rel1/bin/../lib/gcc/arm-none-eabi/14.2.1/thumb/v7-m/nofp\libc.a(libc_a-abort.o)
                0x0800a190                abort
 .text.__smakebuf_r
                0x0800a1a0       0xd0 C:/Program Files (x86)/Arm GNU Toolchain arm-none-eabi/14.2 rel1/bin/../lib/gcc/arm-none-eabi/14.2.1/thumb/v7-m/nofp\libc.a(libc_a-makebuf.o)
                0x0800a1a0                __smakebuf_r
 .text.__swhatbuf_r
                0x0800a270       0x60 C:/Program Files (x86)/Arm GNU Toolchain arm-none-eabi/14.2 rel1/bin/../lib/gcc/arm-none-eabi/14.2.1/thumb/v7-m/nofp\libc.a(libc_a-makebuf.o)
                0x0800a270                __swhatbuf_r
 .text._init_signal_r
                0x0800a2d0       0x30 C:/Program Files (x86)/Arm GNU Toolchain arm-none-eabi/14.2 rel1/bin/../lib/gcc/arm-none-eabi/14.2.1/thumb/v7-m/nofp\libc.a(libc_a-signal.o)
                0x0800a2d0                _init_signal_r
 .text._signal_r
                0x0800a300       0x50 C:/Program Files (x86)/Arm GNU Toolchain arm-none-eabi/14.2 rel1/bin/../lib/gcc/arm-none-eabi/14.2.1/thumb/v7-m/nofp\libc.a(libc_a-signal.o)
                0x0800a300                _signal_r
 .text._raise_r
                0x0800a350       0x54 C:/Program Files (x86)/Arm GNU Toolchain arm-none-eabi/14.2 rel1/bin/../lib/gcc/arm-none-eabi/14.2.1/thumb/v7-m/nofp\libc.a(libc_a-signal.o)
                0x0800a350                _raise_r
 .text.__sigtramp_r
                0x0800a3a4       0x64 C:/Program Files (x86)/Arm GNU Toolchain arm-none-eabi/14.2 rel1/bin/../lib/gcc/arm-none-eabi/14.2.1/thumb/v7-m/nofp\libc.a(libc_a-signal.o)
                0x0800a3a4                __sigtramp_r
 .text.raise    0x0800a408       0x58 C:/Program Files (x86)/Arm GNU Toolchain arm-none-eabi/14.2 rel1/bin/../lib/gcc/arm-none-eabi/14.2.1/thumb/v7-m/nofp\libc.a(libc_a-signal.o)
                0x0800a408                raise
 .text.signal   0x0800a460       0x50 C:/Program Files (x86)/Arm GNU Toolchain arm-none-eabi/14.2 rel1/bin/../lib/gcc/arm-none-eabi/14.2.1/thumb/v7-m/nofp\libc.a(libc_a-signal.o)
                0x0800a460                signal
 .text._init_signal
                0x0800a4b0       0x38 C:/Program Files (x86)/Arm GNU Toolchain arm-none-eabi/14.2 rel1/bin/../lib/gcc/arm-none-eabi/14.2.1/thumb/v7-m/nofp\libc.a(libc_a-signal.o)
                0x0800a4b0                _init_signal
 .text.__sigtramp
                0x0800a4e8       0x68 C:/Program Files (x86)/Arm GNU Toolchain arm-none-eabi/14.2 rel1/bin/../lib/gcc/arm-none-eabi/14.2.1/thumb/v7-m/nofp\libc.a(libc_a-signal.o)
                0x0800a4e8                __sigtramp
 .text._fstat_r
                0x0800a550       0x28 C:/Program Files (x86)/Arm GNU Toolchain arm-none-eabi/14.2 rel1/bin/../lib/gcc/arm-none-eabi/14.2.1/thumb/v7-m/nofp\libc.a(libc_a-fstatr.o)
                0x0800a550                _fstat_r
 .text._isatty_r
                0x0800a578       0x24 C:/Program Files (x86)/Arm GNU Toolchain arm-none-eabi/14.2 rel1/bin/../lib/gcc/arm-none-eabi/14.2.1/thumb/v7-m/nofp\libc.a(libc_a-isattyr.o)
                0x0800a578                _isatty_r
 .text._kill_r  0x0800a59c       0x28 C:/Program Files (x86)/Arm GNU Toolchain arm-none-eabi/14.2 rel1/bin/../lib/gcc/arm-none-eabi/14.2.1/thumb/v7-m/nofp\libc.a(libc_a-signalr.o)
                0x0800a59c                _kill_r
 .text._getpid_r
                0x0800a5c4        0x4 C:/Program Files (x86)/Arm GNU Toolchain arm-none-eabi/14.2 rel1/bin/../lib/gcc/arm-none-eabi/14.2.1/thumb/v7-m/nofp\libc.a(libc_a-signalr.o)
                0x0800a5c4                _getpid_r
 .text._close   0x0800a5c8       0x10 C:/Program Files (x86)/Arm GNU Toolchain arm-none-eabi/14.2 rel1/bin/../lib/gcc/arm-none-eabi/14.2.1/thumb/v7-m/nofp\libnosys.a(close.o)
                0x0800a5c8                _close
 .text._fstat   0x0800a5d8       0x10 C:/Program Files (x86)/Arm GNU Toolchain arm-none-eabi/14.2 rel1/bin/../lib/gcc/arm-none-eabi/14.2.1/thumb/v7-m/nofp\libnosys.a(fstat.o)
                0x0800a5d8                _fstat
 .text._getpid  0x0800a5e8       0x10 C:/Program Files (x86)/Arm GNU Toolchain arm-none-eabi/14.2 rel1/bin/../lib/gcc/arm-none-eabi/14.2.1/thumb/v7-m/nofp\libnosys.a(getpid.o)
                0x0800a5e8                _getpid
 .text._isatty  0x0800a5f8       0x10 C:/Program Files (x86)/Arm GNU Toolchain arm-none-eabi/14.2 rel1/bin/../lib/gcc/arm-none-eabi/14.2.1/thumb/v7-m/nofp\libnosys.a(isatty.o)
                0x0800a5f8                _isatty
 .text._kill    0x0800a608       0x10 C:/Program Files (x86)/Arm GNU Toolchain arm-none-eabi/14.2 rel1/bin/../lib/gcc/arm-none-eabi/14.2.1/thumb/v7-m/nofp\libnosys.a(kill.o)
                0x0800a608                _kill
 .text._lseek   0x0800a618       0x10 C:/Program Files (x86)/Arm GNU Toolchain arm-none-eabi/14.2 rel1/bin/../lib/gcc/arm-none-eabi/14.2.1/thumb/v7-m/nofp\libnosys.a(lseek.o)
                0x0800a618                _lseek
 .text._read    0x0800a628       0x10 C:/Program Files (x86)/Arm GNU Toolchain arm-none-eabi/14.2 rel1/bin/../lib/gcc/arm-none-eabi/14.2.1/thumb/v7-m/nofp\libnosys.a(read.o)
                0x0800a628                _read
 .text._sbrk    0x0800a638       0x1c C:/Program Files (x86)/Arm GNU Toolchain arm-none-eabi/14.2 rel1/bin/../lib/gcc/arm-none-eabi/14.2.1/thumb/v7-m/nofp\libnosys.a(sbrk.o)
                0x0800a638                _sbrk
 .text._write   0x0800a654       0x10 C:/Program Files (x86)/Arm GNU Toolchain arm-none-eabi/14.2 rel1/bin/../lib/gcc/arm-none-eabi/14.2.1/thumb/v7-m/nofp\libnosys.a(write.o)
                0x0800a654                _write
 .text._exit    0x0800a664        0x4 C:/Program Files (x86)/Arm GNU Toolchain arm-none-eabi/14.2 rel1/bin/../lib/gcc/arm-none-eabi/14.2.1/thumb/v7-m/nofp\libnosys.a(_exit.o)
                0x0800a664                _exit
 *(.glue_7)
 .glue_7        0x0800a668        0x0 linker stubs
 *(.glue_7t)
 .glue_7t       0x0800a668        0x0 linker stubs
 *(.eh_frame)
 *(.init)
 *(.fini)
                0x0800a668                        . = ALIGN (0x4)
                0x0800a668                        _etext = .

.vfp11_veneer   0x0800a668        0x0
 .vfp11_veneer  0x0800a668        0x0 linker stubs

.v4_bx          0x0800a668        0x0
 .v4_bx         0x0800a668        0x0 linker stubs

.iplt           0x0800a668        0x0
 .iplt          0x0800a668        0x0 build_maincore/obj/shared/protocol.o

.rodata         0x0800a668      0x7dc
                0x0800a668                        . = ALIGN (0x4)
 *(.rodata)
 *(.rodata*)
 .rodata.str1.1
                0x0800a668       0xbe build_maincore/obj/shared/protocol.o
                                 0x86 (size before relaxing)
 .rodata.str1.1
                0x0800a726       0x38 build_maincore/obj/maincore/hal/maincore_oled.o
 *fill*         0x0800a726        0x2 
 .rodata._svfprintf_r.str1.4
                0x0800a728      0x29b C:/Program Files (x86)/Arm GNU Toolchain arm-none-eabi/14.2 rel1/bin/../lib/gcc/arm-none-eabi/14.2.1/thumb/v7-m/nofp\libc.a(libc_a-svfprintf.o)
                                 0x42 (size before relaxing)
 *fill*         0x0800a9c3        0x1 
 .rodata.zeroes.0
                0x0800a9c4       0x10 C:/Program Files (x86)/Arm GNU Toolchain arm-none-eabi/14.2 rel1/bin/../lib/gcc/arm-none-eabi/14.2.1/thumb/v7-m/nofp\libc.a(libc_a-svfprintf.o)
 .rodata.blanks.1
                0x0800a9d4       0x10 C:/Program Files (x86)/Arm GNU Toolchain arm-none-eabi/14.2 rel1/bin/../lib/gcc/arm-none-eabi/14.2.1/thumb/v7-m/nofp\libc.a(libc_a-svfprintf.o)
 .rodata.currentlocale.str1.4
                0x0800a9e4        0x2 C:/Program Files (x86)/Arm GNU Toolchain arm-none-eabi/14.2 rel1/bin/../lib/gcc/arm-none-eabi/14.2.1/thumb/v7-m/nofp\libc.a(libc_a-locale.o)
 .rodata.__loadlocale.str1.4
                0x0800a9e4       0xde C:/Program Files (x86)/Arm GNU Toolchain arm-none-eabi/14.2 rel1/bin/../lib/gcc/arm-none-eabi/14.2.1/thumb/v7-m/nofp\libc.a(libc_a-locale.o)
 .rodata.__get_locale_env.str1.4
                0x0800a9e4        0xd C:/Program Files (x86)/Arm GNU Toolchain arm-none-eabi/14.2 rel1/bin/../lib/gcc/arm-none-eabi/14.2.1/thumb/v7-m/nofp\libc.a(libc_a-locale.o)
 .rodata.str1.4
                0x0800a9e4       0x4c C:/Program Files (x86)/Arm GNU Toolchain arm-none-eabi/14.2 rel1/bin/../lib/gcc/arm-none-eabi/14.2.1/thumb/v7-m/nofp\libc.a(libc_a-locale.o)
 .rodata.__C_locale
                0x0800a9e4      0x16c C:/Program Files (x86)/Arm GNU Toolchain arm-none-eabi/14.2 rel1/bin/../lib/gcc/arm-none-eabi/14.2.1/thumb/v7-m/nofp\libc.a(libc_a-locale.o)
                0x0800a9e4                __C_locale
 .rodata.categories
                0x0800ab50       0x1c C:/Program Files (x86)/Arm GNU Toolchain arm-none-eabi/14.2 rel1/bin/../lib/gcc/arm-none-eabi/14.2.1/thumb/v7-m/nofp\libc.a(libc_a-locale.o)
 .rodata._dtoa_r.str1.4
                0x0800ab6c       0x81 C:/Program Files (x86)/Arm GNU Toolchain arm-none-eabi/14.2 rel1/bin/../lib/gcc/arm-none-eabi/14.2.1/thumb/v7-m/nofp\libc.a(libc_a-dtoa.o)
 .rodata.JIS_action_table
                0x0800ab6c       0x48 C:/Program Files (x86)/Arm GNU Toolchain arm-none-eabi/14.2 rel1/bin/../lib/gcc/arm-none-eabi/14.2.1/thumb/v7-m/nofp\libc.a(libc_a-mbtowc_r.o)
 .rodata.JIS_state_table
                0x0800abb4       0x48 C:/Program Files (x86)/Arm GNU Toolchain arm-none-eabi/14.2 rel1/bin/../lib/gcc/arm-none-eabi/14.2.1/thumb/v7-m/nofp\libc.a(libc_a-mbtowc_r.o)
 .rodata.__multadd.str1.4
                0x0800abfc       0x6e C:/Program Files (x86)/Arm GNU Toolchain arm-none-eabi/14.2 rel1/bin/../lib/gcc/arm-none-eabi/14.2.1/thumb/v7-m/nofp\libc.a(libc_a-mprec.o)
 .rodata.p05.0  0x0800abfc        0xc C:/Program Files (x86)/Arm GNU Toolchain arm-none-eabi/14.2 rel1/bin/../lib/gcc/arm-none-eabi/14.2.1/thumb/v7-m/nofp\libc.a(libc_a-mprec.o)
 .rodata.__mprec_tinytens
                0x0800ac08       0x28 C:/Program Files (x86)/Arm GNU Toolchain arm-none-eabi/14.2 rel1/bin/../lib/gcc/arm-none-eabi/14.2.1/thumb/v7-m/nofp\libc.a(libc_a-mprec.o)
                0x0800ac08                __mprec_tinytens
 .rodata.__mprec_bigtens
                0x0800ac30       0x28 C:/Program Files (x86)/Arm GNU Toolchain arm-none-eabi/14.2 rel1/bin/../lib/gcc/arm-none-eabi/14.2.1/thumb/v7-m/nofp\libc.a(libc_a-mprec.o)
                0x0800ac30                __mprec_bigtens
 .rodata.__mprec_tens
                0x0800ac58       0xc8 C:/Program Files (x86)/Arm GNU Toolchain arm-none-eabi/14.2 rel1/bin/../lib/gcc/arm-none-eabi/14.2.1/thumb/v7-m/nofp\libc.a(libc_a-mprec.o)
                0x0800ac58                __mprec_tens
 .rodata._ctype_
                0x0800ad20      0x101 C:/Program Files (x86)/Arm GNU Toolchain arm-none-eabi/14.2 rel1/bin/../lib/gcc/arm-none-eabi/14.2.1/thumb/v7-m/nofp\libc.a(libc_a-ctype_.o)
                0x0800ad20                _ctype_
 .rodata.__assert_func.str1.4
                0x0800ae21       0x43 C:/Program Files (x86)/Arm GNU Toolchain arm-none-eabi/14.2 rel1/bin/../lib/gcc/arm-none-eabi/14.2.1/thumb/v7-m/nofp\libc.a(libc_a-assert.o)
 .rodata._vfiprintf_r.str1.4
                0x0800ae21       0x2f C:/Program Files (x86)/Arm GNU Toolchain arm-none-eabi/14.2 rel1/bin/../lib/gcc/arm-none-eabi/14.2.1/thumb/v7-m/nofp\libc.a(libc_a-vfiprintf.o)
 *fill*         0x0800ae21        0x3 
 .rodata.zeroes.0
                0x0800ae24       0x10 C:/Program Files (x86)/Arm GNU Toolchain arm-none-eabi/14.2 rel1/bin/../lib/gcc/arm-none-eabi/14.2.1/thumb/v7-m/nofp\libc.a(libc_a-vfiprintf.o)
 .rodata.blanks.1
                0x0800ae34       0x10 C:/Program Files (x86)/Arm GNU Toolchain arm-none-eabi/14.2 rel1/bin/../lib/gcc/arm-none-eabi/14.2.1/thumb/v7-m/nofp\libc.a(libc_a-vfiprintf.o)
                0x0800ae44                        . = ALIGN (0x4)

.ARM.extab      0x0800ae44        0x0
 *(.ARM.extab* .gnu.linkonce.armextab.*)
 .ARM.extab     0x0800ae44        0x0 C:/Program Files (x86)/Arm GNU Toolchain arm-none-eabi/14.2 rel1/bin/../lib/gcc/arm-none-eabi/14.2.1/thumb/v7-m/nofp\libc.a(libc_a-memcpy.o)
 .ARM.extab     0x0800ae44        0x0 C:/Program Files (x86)/Arm GNU Toolchain arm-none-eabi/14.2 rel1/bin/../lib/gcc/arm-none-eabi/14.2.1/thumb/v7-m/nofp\libc.a(libc_a-strcmp.o)

.ARM            0x0800ae44        0x8
                0x0800ae44                        __exidx_start = .
 *(.ARM.exidx*)
 .ARM.exidx     0x0800ae44        0x8 C:/Program Files (x86)/Arm GNU Toolchain arm-none-eabi/14.2 rel1/bin/../lib/gcc/arm-none-eabi/14.2.1/thumb/v7-m/nofp\libc.a(libc_a-memcpy.o)
 .ARM.exidx     0x0800ae4c        0x0 C:/Program Files (x86)/Arm GNU Toolchain arm-none-eabi/14.2 rel1/bin/../lib/gcc/arm-none-eabi/14.2.1/thumb/v7-m/nofp\libc.a(libc_a-strcmp.o)
                                  0x8 (size before relaxing)
                0x0800ae4c                        __exidx_end = .

.rel.dyn        0x0800ae4c        0x0
 .rel.iplt      0x0800ae4c        0x0 build_maincore/obj/shared/protocol.o

.ARM.attributes
                0x0800ae4c       0x2b
 *(.ARM.attributes)
 .ARM.attributes
                0x0800ae4c       0x2d build_maincore/obj/shared/protocol.o
 .ARM.attributes
                0x0800ae79       0x2d build_maincore/obj/shared/crt_stubs.o
 .ARM.attributes
                0x0800aea6       0x2d build_maincore/obj/maincore/hal/maincore_system.o
 .ARM.attributes
                0x0800aed3       0x2d build_maincore/obj/maincore/hal/maincore_i2c.o
 .ARM.attributes
                0x0800af00       0x2d build_maincore/obj/maincore/hal/maincore_oled.o
 .ARM.attributes
                0x0800af2d       0x2d build_maincore/obj/maincore/hal/maincore_vibrate.o
 .ARM.attributes
                0x0800af5a       0x2d build_maincore/obj/maincore/app/maincore_alarm.o
 .ARM.attributes
                0x0800af87       0x2d build_maincore/obj/maincore/startup/maincore_main.o
 .ARM.attributes
                0x0800afb4       0x2d build_maincore/obj/maincore/startup/stm32f10x_it.o
 .ARM.attributes
                0x0800afe1       0x2d build_maincore/obj/maincore/startup/system_stm32f10x.o
 .ARM.attributes
                0x0800b00e       0x21 build_maincore/obj/maincore/startup/startup_stm32f103_md.o
 .ARM.attributes
                0x0800b02f       0x2d C:/Program Files (x86)/Arm GNU Toolchain arm-none-eabi/14.2 rel1/bin/../lib/gcc/arm-none-eabi/14.2.1/thumb/v7-m/nofp\libc.a(libc_a-snprintf.o)
 .ARM.attributes
                0x0800b05c       0x2d C:/Program Files (x86)/Arm GNU Toolchain arm-none-eabi/14.2 rel1/bin/../lib/gcc/arm-none-eabi/14.2.1/thumb/v7-m/nofp\libc.a(libc_a-memset.o)
 .ARM.attributes
                0x0800b089       0x2d C:/Program Files (x86)/Arm GNU Toolchain arm-none-eabi/14.2 rel1/bin/../lib/gcc/arm-none-eabi/14.2.1/thumb/v7-m/nofp\libc.a(libc_a-impure.o)
 .ARM.attributes
                0x0800b0b6       0x2d C:/Program Files (x86)/Arm GNU Toolchain arm-none-eabi/14.2 rel1/bin/../lib/gcc/arm-none-eabi/14.2.1/thumb/v7-m/nofp\libc.a(libc_a-init.o)
 .ARM.attributes
                0x0800b0e3       0x1b C:/Program Files (x86)/Arm GNU Toolchain arm-none-eabi/14.2 rel1/bin/../lib/gcc/arm-none-eabi/14.2.1/thumb/v7-m/nofp\libc.a(libc_a-memcpy.o)
 .ARM.attributes
                0x0800b0fe       0x2d C:/Program Files (x86)/Arm GNU Toolchain arm-none-eabi/14.2 rel1/bin/../lib/gcc/arm-none-eabi/14.2.1/thumb/v7-m/nofp\libc.a(libc_a-svfprintf.o)
 .ARM.attributes
                0x0800b12b       0x2d C:/Program Files (x86)/Arm GNU Toolchain arm-none-eabi/14.2 rel1/bin/../lib/gcc/arm-none-eabi/14.2.1/thumb/v7-m/nofp\libc.a(libc_a-ssprint_r.o)
 .ARM.attributes
                0x0800b158       0x2d C:/Program Files (x86)/Arm GNU Toolchain arm-none-eabi/14.2 rel1/bin/../lib/gcc/arm-none-eabi/14.2.1/thumb/v7-m/nofp\libc.a(libc_a-findfp.o)
 .ARM.attributes
                0x0800b185       0x2d C:/Program Files (x86)/Arm GNU Toolchain arm-none-eabi/14.2 rel1/bin/../lib/gcc/arm-none-eabi/14.2.1/thumb/v7-m/nofp\libc.a(libc_a-fwalk.o)
 .ARM.attributes
                0x0800b1b2       0x2d C:/Program Files (x86)/Arm GNU Toolchain arm-none-eabi/14.2 rel1/bin/../lib/gcc/arm-none-eabi/14.2.1/thumb/v7-m/nofp\libc.a(libc_a-stdio.o)
 .ARM.attributes
                0x0800b1df       0x2d C:/Program Files (x86)/Arm GNU Toolchain arm-none-eabi/14.2 rel1/bin/../lib/gcc/arm-none-eabi/14.2.1/thumb/v7-m/nofp\libc.a(libc_a-strncpy.o)
 .ARM.attributes
                0x0800b20c       0x2d C:/Program Files (x86)/Arm GNU Toolchain arm-none-eabi/14.2 rel1/bin/../lib/gcc/arm-none-eabi/14.2.1/thumb/v7-m/nofp\libc.a(libc_a-locale.o)
 .ARM.attributes
                0x0800b239       0x2d C:/Program Files (x86)/Arm GNU Toolchain arm-none-eabi/14.2 rel1/bin/../lib/gcc/arm-none-eabi/14.2.1/thumb/v7-m/nofp\libc.a(libc_a-localeconv.o)
 .ARM.attributes
                0x0800b266       0x2d C:/Program Files (x86)/Arm GNU Toolchain arm-none-eabi/14.2 rel1/bin/../lib/gcc/arm-none-eabi/14.2.1/thumb/v7-m/nofp\libc.a(libc_a-closer.o)
 .ARM.attributes
                0x0800b293       0x2d C:/Program Files (x86)/Arm GNU Toolchain arm-none-eabi/14.2 rel1/bin/../lib/gcc/arm-none-eabi/14.2.1/thumb/v7-m/nofp\libc.a(libc_a-reent.o)
 .ARM.attributes
                0x0800b2c0       0x2d C:/Program Files (x86)/Arm GNU Toolchain arm-none-eabi/14.2 rel1/bin/../lib/gcc/arm-none-eabi/14.2.1/thumb/v7-m/nofp\libc.a(libc_a-lseekr.o)
 .ARM.attributes
                0x0800b2ed       0x2d C:/Program Files (x86)/Arm GNU Toolchain arm-none-eabi/14.2 rel1/bin/../lib/gcc/arm-none-eabi/14.2.1/thumb/v7-m/nofp\libc.a(libc_a-readr.o)
 .ARM.attributes
                0x0800b31a       0x2d C:/Program Files (x86)/Arm GNU Toolchain arm-none-eabi/14.2 rel1/bin/../lib/gcc/arm-none-eabi/14.2.1/thumb/v7-m/nofp\libc.a(libc_a-writer.o)
 .ARM.attributes
                0x0800b347       0x2d C:/Program Files (x86)/Arm GNU Toolchain arm-none-eabi/14.2 rel1/bin/../lib/gcc/arm-none-eabi/14.2.1/thumb/v7-m/nofp\libc.a(libc_a-lock.o)
 .ARM.attributes
                0x0800b374       0x1b C:/Program Files (x86)/Arm GNU Toolchain arm-none-eabi/14.2 rel1/bin/../lib/gcc/arm-none-eabi/14.2.1/thumb/v7-m/nofp\libc.a(libc_a-strcmp.o)
 .ARM.attributes
                0x0800b38f       0x2d C:/Program Files (x86)/Arm GNU Toolchain arm-none-eabi/14.2 rel1/bin/../lib/gcc/arm-none-eabi/14.2.1/thumb/v7-m/nofp\libc.a(libc_a-strcpy.o)
 .ARM.attributes
                0x0800b3bc       0x2d C:/Program Files (x86)/Arm GNU Toolchain arm-none-eabi/14.2 rel1/bin/../lib/gcc/arm-none-eabi/14.2.1/thumb/v7-m/nofp\libc.a(libc_a-memchr-stub.o)
 .ARM.attributes
                0x0800b3e9       0x2d C:/Program Files (x86)/Arm GNU Toolchain arm-none-eabi/14.2 rel1/bin/../lib/gcc/arm-none-eabi/14.2.1/thumb/v7-m/nofp\libc.a(libc_a-strlen-stub.o)
 .ARM.attributes
                0x0800b416       0x2d C:/Program Files (x86)/Arm GNU Toolchain arm-none-eabi/14.2 rel1/bin/../lib/gcc/arm-none-eabi/14.2.1/thumb/v7-m/nofp\libc.a(libm_a-s_frexp.o)
 .ARM.attributes
                0x0800b443       0x2d C:/Program Files (x86)/Arm GNU Toolchain arm-none-eabi/14.2 rel1/bin/../lib/gcc/arm-none-eabi/14.2.1/thumb/v7-m/nofp\libc.a(libc_a-dtoa.o)
 .ARM.attributes
                0x0800b470       0x2d C:/Program Files (x86)/Arm GNU Toolchain arm-none-eabi/14.2 rel1/bin/../lib/gcc/arm-none-eabi/14.2.1/thumb/v7-m/nofp\libc.a(libc_a-freer.o)
 .ARM.attributes
                0x0800b49d       0x2d C:/Program Files (x86)/Arm GNU Toolchain arm-none-eabi/14.2 rel1/bin/../lib/gcc/arm-none-eabi/14.2.1/thumb/v7-m/nofp\libc.a(libc_a-getenv_r.o)
 .ARM.attributes
                0x0800b4ca       0x2d C:/Program Files (x86)/Arm GNU Toolchain arm-none-eabi/14.2 rel1/bin/../lib/gcc/arm-none-eabi/14.2.1/thumb/v7-m/nofp\libc.a(libc_a-mallocr.o)
 .ARM.attributes
                0x0800b4f7       0x2d C:/Program Files (x86)/Arm GNU Toolchain arm-none-eabi/14.2 rel1/bin/../lib/gcc/arm-none-eabi/14.2.1/thumb/v7-m/nofp\libc.a(libc_a-mbtowc_r.o)
 .ARM.attributes
                0x0800b524       0x2d C:/Program Files (x86)/Arm GNU Toolchain arm-none-eabi/14.2 rel1/bin/../lib/gcc/arm-none-eabi/14.2.1/thumb/v7-m/nofp\libc.a(libc_a-mlock.o)
 .ARM.attributes
                0x0800b551       0x2d C:/Program Files (x86)/Arm GNU Toolchain arm-none-eabi/14.2 rel1/bin/../lib/gcc/arm-none-eabi/14.2.1/thumb/v7-m/nofp\libc.a(libc_a-mprec.o)
 .ARM.attributes
                0x0800b57e       0x2d C:/Program Files (x86)/Arm GNU Toolchain arm-none-eabi/14.2 rel1/bin/../lib/gcc/arm-none-eabi/14.2.1/thumb/v7-m/nofp\libc.a(libc_a-strtol.o)
 .ARM.attributes
                0x0800b5ab       0x2d C:/Program Files (x86)/Arm GNU Toolchain arm-none-eabi/14.2 rel1/bin/../lib/gcc/arm-none-eabi/14.2.1/thumb/v7-m/nofp\libc.a(libc_a-wctomb_r.o)
 .ARM.attributes
                0x0800b5d8       0x2d C:/Program Files (x86)/Arm GNU Toolchain arm-none-eabi/14.2 rel1/bin/../lib/gcc/arm-none-eabi/14.2.1/thumb/v7-m/nofp\libc.a(libc_a-wcrtomb.o)
 .ARM.attributes
                0x0800b605       0x2d C:/Program Files (x86)/Arm GNU Toolchain arm-none-eabi/14.2 rel1/bin/../lib/gcc/arm-none-eabi/14.2.1/thumb/v7-m/nofp\libc.a(libc_a-wcsrtombs.o)
 .ARM.attributes
                0x0800b632       0x2d C:/Program Files (x86)/Arm GNU Toolchain arm-none-eabi/14.2 rel1/bin/../lib/gcc/arm-none-eabi/14.2.1/thumb/v7-m/nofp\libc.a(libc_a-ctype_.o)
 .ARM.attributes
                0x0800b65f       0x2d C:/Program Files (x86)/Arm GNU Toolchain arm-none-eabi/14.2 rel1/bin/../lib/gcc/arm-none-eabi/14.2.1/thumb/v7-m/nofp\libc.a(libc_a-ssputs_r.o)
 .ARM.attributes
                0x0800b68c       0x2d C:/Program Files (x86)/Arm GNU Toolchain arm-none-eabi/14.2 rel1/bin/../lib/gcc/arm-none-eabi/14.2.1/thumb/v7-m/nofp\libc.a(libc_a-fclose.o)
 .ARM.attributes
                0x0800b6b9       0x2d C:/Program Files (x86)/Arm GNU Toolchain arm-none-eabi/14.2 rel1/bin/../lib/gcc/arm-none-eabi/14.2.1/thumb/v7-m/nofp\libc.a(libc_a-fflush.o)
 .ARM.attributes
                0x0800b6e6       0x2d C:/Program Files (x86)/Arm GNU Toolchain arm-none-eabi/14.2 rel1/bin/../lib/gcc/arm-none-eabi/14.2.1/thumb/v7-m/nofp\libc.a(libc_a-memmove.o)
 .ARM.attributes
                0x0800b713       0x2d C:/Program Files (x86)/Arm GNU Toolchain arm-none-eabi/14.2 rel1/bin/../lib/gcc/arm-none-eabi/14.2.1/thumb/v7-m/nofp\libc.a(libc_a-strcasecmp.o)
 .ARM.attributes
                0x0800b740       0x2d C:/Program Files (x86)/Arm GNU Toolchain arm-none-eabi/14.2 rel1/bin/../lib/gcc/arm-none-eabi/14.2.1/thumb/v7-m/nofp\libc.a(libc_a-strcat.o)
 .ARM.attributes
                0x0800b76d       0x2d C:/Program Files (x86)/Arm GNU Toolchain arm-none-eabi/14.2 rel1/bin/../lib/gcc/arm-none-eabi/14.2.1/thumb/v7-m/nofp\libc.a(libc_a-strchr.o)
 .ARM.attributes
                0x0800b79a       0x2d C:/Program Files (x86)/Arm GNU Toolchain arm-none-eabi/14.2 rel1/bin/../lib/gcc/arm-none-eabi/14.2.1/thumb/v7-m/nofp\libc.a(libc_a-strlcpy.o)
 .ARM.attributes
                0x0800b7c7       0x2d C:/Program Files (x86)/Arm GNU Toolchain arm-none-eabi/14.2 rel1/bin/../lib/gcc/arm-none-eabi/14.2.1/thumb/v7-m/nofp\libc.a(libc_a-strncasecmp.o)
 .ARM.attributes
                0x0800b7f4       0x2d C:/Program Files (x86)/Arm GNU Toolchain arm-none-eabi/14.2 rel1/bin/../lib/gcc/arm-none-eabi/14.2.1/thumb/v7-m/nofp\libc.a(libc_a-strncmp.o)
 .ARM.attributes
                0x0800b821       0x2d C:/Program Files (x86)/Arm GNU Toolchain arm-none-eabi/14.2 rel1/bin/../lib/gcc/arm-none-eabi/14.2.1/thumb/v7-m/nofp\libc.a(libc_a-sbrkr.o)
 .ARM.attributes
                0x0800b84e       0x2d C:/Program Files (x86)/Arm GNU Toolchain arm-none-eabi/14.2 rel1/bin/../lib/gcc/arm-none-eabi/14.2.1/thumb/v7-m/nofp\libc.a(libc_a-errno.o)
 .ARM.attributes
                0x0800b87b       0x2d C:/Program Files (x86)/Arm GNU Toolchain arm-none-eabi/14.2 rel1/bin/../lib/gcc/arm-none-eabi/14.2.1/thumb/v7-m/nofp\libc.a(libc_a-sysconf.o)
 .ARM.attributes
                0x0800b8a8       0x2d C:/Program Files (x86)/Arm GNU Toolchain arm-none-eabi/14.2 rel1/bin/../lib/gcc/arm-none-eabi/14.2.1/thumb/v7-m/nofp\libc.a(libc_a-assert.o)
 .ARM.attributes
                0x0800b8d5       0x2d C:/Program Files (x86)/Arm GNU Toolchain arm-none-eabi/14.2 rel1/bin/../lib/gcc/arm-none-eabi/14.2.1/thumb/v7-m/nofp\libc.a(libc_a-callocr.o)
 .ARM.attributes
                0x0800b902       0x2d C:/Program Files (x86)/Arm GNU Toolchain arm-none-eabi/14.2 rel1/bin/../lib/gcc/arm-none-eabi/14.2.1/thumb/v7-m/nofp\libc.a(libc_a-environ.o)
 .ARM.attributes
                0x0800b92f       0x2d C:/Program Files (x86)/Arm GNU Toolchain arm-none-eabi/14.2 rel1/bin/../lib/gcc/arm-none-eabi/14.2.1/thumb/v7-m/nofp\libc.a(libc_a-envlock.o)
 .ARM.attributes
                0x0800b95c       0x2d C:/Program Files (x86)/Arm GNU Toolchain arm-none-eabi/14.2 rel1/bin/../lib/gcc/arm-none-eabi/14.2.1/thumb/v7-m/nofp\libc.a(libc_a-reallocr.o)
 .ARM.attributes
                0x0800b989       0x2d C:/Program Files (x86)/Arm GNU Toolchain arm-none-eabi/14.2 rel1/bin/../lib/gcc/arm-none-eabi/14.2.1/thumb/v7-m/nofp\libc.a(libc_a-wcsnrtombs.o)
 .ARM.attributes
                0x0800b9b6       0x2d C:/Program Files (x86)/Arm GNU Toolchain arm-none-eabi/14.2 rel1/bin/../lib/gcc/arm-none-eabi/14.2.1/thumb/v7-m/nofp\libc.a(libc_a-fiprintf.o)
 .ARM.attributes
                0x0800b9e3       0x2d C:/Program Files (x86)/Arm GNU Toolchain arm-none-eabi/14.2 rel1/bin/../lib/gcc/arm-none-eabi/14.2.1/thumb/v7-m/nofp\libc.a(libc_a-vfiprintf.o)
 .ARM.attributes
                0x0800ba10       0x2d C:/Program Files (x86)/Arm GNU Toolchain arm-none-eabi/14.2 rel1/bin/../lib/gcc/arm-none-eabi/14.2.1/thumb/v7-m/nofp\libc.a(libc_a-sprint_r.o)
 .ARM.attributes
                0x0800ba3d       0x2d C:/Program Files (x86)/Arm GNU Toolchain arm-none-eabi/14.2 rel1/bin/../lib/gcc/arm-none-eabi/14.2.1/thumb/v7-m/nofp\libc.a(libc_a-fvwrite.o)
 .ARM.attributes
                0x0800ba6a       0x2d C:/Program Files (x86)/Arm GNU Toolchain arm-none-eabi/14.2 rel1/bin/../lib/gcc/arm-none-eabi/14.2.1/thumb/v7-m/nofp\libc.a(libc_a-wsetup.o)
 .ARM.attributes
                0x0800ba97       0x2d C:/Program Files (x86)/Arm GNU Toolchain arm-none-eabi/14.2 rel1/bin/../lib/gcc/arm-none-eabi/14.2.1/thumb/v7-m/nofp\libc.a(libc_a-abort.o)
 .ARM.attributes
                0x0800bac4       0x2d C:/Program Files (x86)/Arm GNU Toolchain arm-none-eabi/14.2 rel1/bin/../lib/gcc/arm-none-eabi/14.2.1/thumb/v7-m/nofp\libc.a(libc_a-makebuf.o)
 .ARM.attributes
                0x0800baf1       0x2d C:/Program Files (x86)/Arm GNU Toolchain arm-none-eabi/14.2 rel1/bin/../lib/gcc/arm-none-eabi/14.2.1/thumb/v7-m/nofp\libc.a(libc_a-signal.o)
 .ARM.attributes
                0x0800bb1e       0x2d C:/Program Files (x86)/Arm GNU Toolchain arm-none-eabi/14.2 rel1/bin/../lib/gcc/arm-none-eabi/14.2.1/thumb/v7-m/nofp\libc.a(libc_a-fstatr.o)
 .ARM.attributes
                0x0800bb4b       0x2d C:/Program Files (x86)/Arm GNU Toolchain arm-none-eabi/14.2 rel1/bin/../lib/gcc/arm-none-eabi/14.2.1/thumb/v7-m/nofp\libc.a(libc_a-isattyr.o)
 .ARM.attributes
                0x0800bb78       0x2d C:/Program Files (x86)/Arm GNU Toolchain arm-none-eabi/14.2 rel1/bin/../lib/gcc/arm-none-eabi/14.2.1/thumb/v7-m/nofp\libc.a(libc_a-signalr.o)
 .ARM.attributes
                0x0800bba5       0x2d C:/Program Files (x86)/Arm GNU Toolchain arm-none-eabi/14.2 rel1/bin/../lib/gcc/arm-none-eabi/14.2.1/thumb/v7-m/nofp\libnosys.a(close.o)
 .ARM.attributes
                0x0800bbd2       0x2d C:/Program Files (x86)/Arm GNU Toolchain arm-none-eabi/14.2 rel1/bin/../lib/gcc/arm-none-eabi/14.2.1/thumb/v7-m/nofp\libnosys.a(fstat.o)
 .ARM.attributes
                0x0800bbff       0x2d C:/Program Files (x86)/Arm GNU Toolchain arm-none-eabi/14.2 rel1/bin/../lib/gcc/arm-none-eabi/14.2.1/thumb/v7-m/nofp\libnosys.a(getpid.o)
 .ARM.attributes
                0x0800bc2c       0x2d C:/Program Files (x86)/Arm GNU Toolchain arm-none-eabi/14.2 rel1/bin/../lib/gcc/arm-none-eabi/14.2.1/thumb/v7-m/nofp\libnosys.a(isatty.o)
 .ARM.attributes
                0x0800bc59       0x2d C:/Program Files (x86)/Arm GNU Toolchain arm-none-eabi/14.2 rel1/bin/../lib/gcc/arm-none-eabi/14.2.1/thumb/v7-m/nofp\libnosys.a(kill.o)
 .ARM.attributes
                0x0800bc86       0x2d C:/Program Files (x86)/Arm GNU Toolchain arm-none-eabi/14.2 rel1/bin/../lib/gcc/arm-none-eabi/14.2.1/thumb/v7-m/nofp\libnosys.a(lseek.o)
 .ARM.attributes
                0x0800bcb3       0x2d C:/Program Files (x86)/Arm GNU Toolchain arm-none-eabi/14.2 rel1/bin/../lib/gcc/arm-none-eabi/14.2.1/thumb/v7-m/nofp\libnosys.a(read.o)
 .ARM.attributes
                0x0800bce0       0x2d C:/Program Files (x86)/Arm GNU Toolchain arm-none-eabi/14.2 rel1/bin/../lib/gcc/arm-none-eabi/14.2.1/thumb/v7-m/nofp\libnosys.a(sbrk.o)
 .ARM.attributes
                0x0800bd0d       0x2d C:/Program Files (x86)/Arm GNU Toolchain arm-none-eabi/14.2 rel1/bin/../lib/gcc/arm-none-eabi/14.2.1/thumb/v7-m/nofp\libnosys.a(write.o)
 .ARM.attributes
                0x0800bd3a       0x2d C:/Program Files (x86)/Arm GNU Toolchain arm-none-eabi/14.2 rel1/bin/../lib/gcc/arm-none-eabi/14.2.1/thumb/v7-m/nofp\libnosys.a(_exit.o)
 .ARM.attributes
                0x0800bd67       0x1d C:/Program Files (x86)/Arm GNU Toolchain arm-none-eabi/14.2 rel1/bin/../lib/gcc/arm-none-eabi/14.2.1/thumb/v7-m/nofp\libgcc.a(_arm_muldf3.o)
 .ARM.attributes
                0x0800bd84       0x1d C:/Program Files (x86)/Arm GNU Toolchain arm-none-eabi/14.2 rel1/bin/../lib/gcc/arm-none-eabi/14.2.1/thumb/v7-m/nofp\libgcc.a(_arm_addsubdf3.o)
 .ARM.attributes
                0x0800bda1       0x1d C:/Program Files (x86)/Arm GNU Toolchain arm-none-eabi/14.2 rel1/bin/../lib/gcc/arm-none-eabi/14.2.1/thumb/v7-m/nofp\libgcc.a(_arm_muldivdf3.o)
 .ARM.attributes
                0x0800bdbe       0x1d C:/Program Files (x86)/Arm GNU Toolchain arm-none-eabi/14.2 rel1/bin/../lib/gcc/arm-none-eabi/14.2.1/thumb/v7-m/nofp\libgcc.a(_arm_cmpdf2.o)
 .ARM.attributes
                0x0800bddb       0x1d C:/Program Files (x86)/Arm GNU Toolchain arm-none-eabi/14.2 rel1/bin/../lib/gcc/arm-none-eabi/14.2.1/thumb/v7-m/nofp\libgcc.a(_arm_unorddf2.o)
 .ARM.attributes
                0x0800bdf8       0x1d C:/Program Files (x86)/Arm GNU Toolchain arm-none-eabi/14.2 rel1/bin/../lib/gcc/arm-none-eabi/14.2.1/thumb/v7-m/nofp\libgcc.a(_arm_fixdfsi.o)

.preinit_array  0x0800ae4c        0x0
                0x0800ae4c                        PROVIDE (__preinit_array_start = .)
 *(.preinit_array*)
                0x0800ae4c                        PROVIDE (__preinit_array_end = .)

.init_array     0x0800ae4c        0x0
                0x0800ae4c                        PROVIDE (__init_array_start = .)
 *(SORT_BY_NAME(.init_array.*))
 *(.init_array*)
                0x0800ae4c                        PROVIDE (__init_array_end = .)

.fini_array     0x0800ae4c        0x0
                [!provide]                        PROVIDE (__fini_array_start = .)
 *(.fini_array*)
 *(SORT_BY_NAME(.fini_array.*))
                [!provide]                        PROVIDE (__fini_array_end = .)
                0x0800ae4c                        _sidata = LOADADDR (.data)

.data           0x20000000      0x7dc load address 0x0800ae4c
                0x20000000                        . = ALIGN (0x4)
                0x20000000                        _sdata = .
 *(.data)
 .data          0x20000000        0x0 build_maincore/obj/shared/protocol.o
 .data          0x20000000        0x0 build_maincore/obj/shared/crt_stubs.o
 .data          0x20000000        0x0 build_maincore/obj/maincore/hal/maincore_system.o
 .data          0x20000000        0x0 build_maincore/obj/maincore/hal/maincore_i2c.o
 .data          0x20000000        0x0 build_maincore/obj/maincore/hal/maincore_oled.o
 .data          0x20000000        0x0 build_maincore/obj/maincore/hal/maincore_vibrate.o
 .data          0x20000000        0x0 build_maincore/obj/maincore/app/maincore_alarm.o
 .data          0x20000000        0x0 build_maincore/obj/maincore/startup/maincore_main.o
 .data          0x20000000        0x0 build_maincore/obj/maincore/startup/stm32f10x_it.o
 .data          0x20000000        0x4 build_maincore/obj/maincore/startup/system_stm32f10x.o
                0x20000000                SystemCoreClock
 .data          0x20000004        0x0 build_maincore/obj/maincore/startup/startup_stm32f103_md.o
 .data          0x20000004        0x0 C:/Program Files (x86)/Arm GNU Toolchain arm-none-eabi/14.2 rel1/bin/../lib/gcc/arm-none-eabi/14.2.1/thumb/v7-m/nofp\libc.a(libc_a-snprintf.o)
 .data          0x20000004        0x0 C:/Program Files (x86)/Arm GNU Toolchain arm-none-eabi/14.2 rel1/bin/../lib/gcc/arm-none-eabi/14.2.1/thumb/v7-m/nofp\libc.a(libc_a-memset.o)
 .data          0x20000004        0x0 C:/Program Files (x86)/Arm GNU Toolchain arm-none-eabi/14.2 rel1/bin/../lib/gcc/arm-none-eabi/14.2.1/thumb/v7-m/nofp\libc.a(libc_a-impure.o)
 .data          0x20000004        0x0 C:/Program Files (x86)/Arm GNU Toolchain arm-none-eabi/14.2 rel1/bin/../lib/gcc/arm-none-eabi/14.2.1/thumb/v7-m/nofp\libc.a(libc_a-init.o)
 .data          0x20000004        0x0 C:/Program Files (x86)/Arm GNU Toolchain arm-none-eabi/14.2 rel1/bin/../lib/gcc/arm-none-eabi/14.2.1/thumb/v7-m/nofp\libc.a(libc_a-memcpy.o)
 .data          0x20000004        0x0 C:/Program Files (x86)/Arm GNU Toolchain arm-none-eabi/14.2 rel1/bin/../lib/gcc/arm-none-eabi/14.2.1/thumb/v7-m/nofp\libc.a(libc_a-svfprintf.o)
 .data          0x20000004        0x0 C:/Program Files (x86)/Arm GNU Toolchain arm-none-eabi/14.2 rel1/bin/../lib/gcc/arm-none-eabi/14.2.1/thumb/v7-m/nofp\libc.a(libc_a-ssprint_r.o)
 .data          0x20000004        0x0 C:/Program Files (x86)/Arm GNU Toolchain arm-none-eabi/14.2 rel1/bin/../lib/gcc/arm-none-eabi/14.2.1/thumb/v7-m/nofp\libc.a(libc_a-findfp.o)
 .data          0x20000004        0x0 C:/Program Files (x86)/Arm GNU Toolchain arm-none-eabi/14.2 rel1/bin/../lib/gcc/arm-none-eabi/14.2.1/thumb/v7-m/nofp\libc.a(libc_a-fwalk.o)
 .data          0x20000004        0x0 C:/Program Files (x86)/Arm GNU Toolchain arm-none-eabi/14.2 rel1/bin/../lib/gcc/arm-none-eabi/14.2.1/thumb/v7-m/nofp\libc.a(libc_a-stdio.o)
 .data          0x20000004        0x0 C:/Program Files (x86)/Arm GNU Toolchain arm-none-eabi/14.2 rel1/bin/../lib/gcc/arm-none-eabi/14.2.1/thumb/v7-m/nofp\libc.a(libc_a-strncpy.o)
 .data          0x20000004        0x0 C:/Program Files (x86)/Arm GNU Toolchain arm-none-eabi/14.2 rel1/bin/../lib/gcc/arm-none-eabi/14.2.1/thumb/v7-m/nofp\libc.a(libc_a-locale.o)
 .data          0x20000004        0x0 C:/Program Files (x86)/Arm GNU Toolchain arm-none-eabi/14.2 rel1/bin/../lib/gcc/arm-none-eabi/14.2.1/thumb/v7-m/nofp\libc.a(libc_a-localeconv.o)
 .data          0x20000004        0x0 C:/Program Files (x86)/Arm GNU Toolchain arm-none-eabi/14.2 rel1/bin/../lib/gcc/arm-none-eabi/14.2.1/thumb/v7-m/nofp\libc.a(libc_a-closer.o)
 .data          0x20000004        0x0 C:/Program Files (x86)/Arm GNU Toolchain arm-none-eabi/14.2 rel1/bin/../lib/gcc/arm-none-eabi/14.2.1/thumb/v7-m/nofp\libc.a(libc_a-reent.o)
 .data          0x20000004        0x0 C:/Program Files (x86)/Arm GNU Toolchain arm-none-eabi/14.2 rel1/bin/../lib/gcc/arm-none-eabi/14.2.1/thumb/v7-m/nofp\libc.a(libc_a-lseekr.o)
 .data          0x20000004        0x0 C:/Program Files (x86)/Arm GNU Toolchain arm-none-eabi/14.2 rel1/bin/../lib/gcc/arm-none-eabi/14.2.1/thumb/v7-m/nofp\libc.a(libc_a-readr.o)
 .data          0x20000004        0x0 C:/Program Files (x86)/Arm GNU Toolchain arm-none-eabi/14.2 rel1/bin/../lib/gcc/arm-none-eabi/14.2.1/thumb/v7-m/nofp\libc.a(libc_a-writer.o)
 .data          0x20000004        0x0 C:/Program Files (x86)/Arm GNU Toolchain arm-none-eabi/14.2 rel1/bin/../lib/gcc/arm-none-eabi/14.2.1/thumb/v7-m/nofp\libc.a(libc_a-lock.o)
 .data          0x20000004        0x0 C:/Program Files (x86)/Arm GNU Toolchain arm-none-eabi/14.2 rel1/bin/../lib/gcc/arm-none-eabi/14.2.1/thumb/v7-m/nofp\libc.a(libc_a-strcmp.o)